Archive member included because of file (symbol)

..\mesh_common\mesh\libraries\CSR102x_A05\libcsrmesh.a(csr_mesh.o)
                              depend_Release_CSR102x_A05\core_mesh_handler.o (CSRmeshRegisterAppCallback)
..\mesh_common\mesh\libraries\CSR102x_A05\libcsrmesh.a(csr_mesh_masp_mcp_common.o)
                              ..\mesh_common\mesh\libraries\CSR102x_A05\libcsrmesh.a(csr_mesh.o) (___libcsrmesh_215)
..\mesh_common\mesh\libraries\CSR102x_A05\libcsrmesh.a(csr_mesh_mtl.o)
                              ..\mesh_common\mesh\libraries\CSR102x_A05\libcsrmesh.a(csr_mesh.o) (___libcsrmesh_269)
..\mesh_common\mesh\libraries\CSR102x_A05\libcsrmesh.a(csr_mesh_ec_alloc.o)
                              ..\mesh_common\mesh\libraries\CSR102x_A05\libcsrmesh.a(csr_mesh.o) (___libcsrmesh_118)
..\mesh_common\mesh\libraries\CSR102x_A05\libcsrmesh.a(csr_mesh_masp.o)
                              ..\mesh_common\mesh\libraries\CSR102x_A05\libcsrmesh.a(csr_mesh.o) (___libcsrmesh_212)
..\mesh_common\mesh\libraries\CSR102x_A05\libcsrmesh.a(csr_mesh_mcp.o)
                              ..\mesh_common\mesh\libraries\CSR102x_A05\libcsrmesh.a(csr_mesh.o) (___libcsrmesh_243)
..\mesh_common\mesh\libraries\CSR102x_A05\libcsrmesh.a(csr_mesh_sha256_get_results.o)
                              ..\mesh_common\mesh\libraries\CSR102x_A05\libcsrmesh.a(csr_mesh_masp_mcp_common.o) (___libcsrmesh_297)
..\mesh_common\mesh\libraries\CSR102x_A05\libcsrmesh.a(csr_mesh_sha256_hmac.o)
                              ..\mesh_common\mesh\libraries\CSR102x_A05\libcsrmesh.a(csr_mesh_masp_mcp_common.o) (___libcsrmesh_308)
..\mesh_common\mesh\libraries\CSR102x_A05\libcsrmesh.a(csr_mesh_sha256_initialise.o)
                              ..\mesh_common\mesh\libraries\CSR102x_A05\libcsrmesh.a(csr_mesh_masp_mcp_common.o) (___libcsrmesh_311)
..\mesh_common\mesh\libraries\CSR102x_A05\libcsrmesh.a(csr_mesh_sha256_process_data.o)
                              ..\mesh_common\mesh\libraries\CSR102x_A05\libcsrmesh.a(csr_mesh_sha256_hmac.o) (___libcsrmesh_317)
..\mesh_common\mesh\libraries\CSR102x_A05\libcsrmesh.a(csr_mesh_bearer.o)
                              ..\mesh_common\mesh\libraries\CSR102x_A05\libcsrmesh.a(csr_mesh_mtl.o) (___libcsrmesh_335)
..\mesh_common\mesh\libraries\CSR102x_A05\libcsrmesh.a(csr_mesh_bearer_porting_util.o)
                              ..\mesh_common\mesh\libraries\CSR102x_A05\libcsrmesh.a(csr_mesh_bearer.o) (___libcsrmesh_353)
..\mesh_common\mesh\libraries\CSR102x_A05\libcsrmesh.a(csr1010_scheduler.o)
                              ..\mesh_common\mesh\libraries\CSR102x_A05\libcsrmesh.a(csr_mesh_bearer_porting_util.o) (IsCSRSchedRunning)
..\mesh_common\mesh\libraries\CSR102x_A05\libcsrmesh.a(csr_mesh_hal_ifce.o)
                              ..\mesh_common\mesh\libraries\CSR102x_A05\libcsrmesh.a(csr_mesh_masp.o) (___libcsrmesh_363)
..\mesh_common\mesh\libraries\CSR102x_A05\libcsrmesh.a(csr_mesh_security_ifce_101x.o)
                              ..\mesh_common\mesh\libraries\CSR102x_A05\libcsrmesh.a(csr_mesh_mtl.o) (___libcsrmesh_371)
..\mesh_common\mesh\libraries\CSR102x_A05\libcsrmesh.a(csr_mesh_config_model.o)
                              ..\mesh_common\mesh\libraries\CSR102x_A05\libcsrmesh.a(csr_mesh_mcp.o) (ConfigModelInit)
..\mesh_common\mesh\libraries\CSR102x_A05\libcsrmesh.a(csr_mesh_bearer_model.o)
                              ..\mesh_common\mesh\libraries\CSR102x_A05\libcsrmesh.a(csr_mesh_mcp.o) (BearerModelInit)
..\mesh_common\mesh\libraries\CSR102x_A05\libcsrmesh.a(csr_mesh_ec_math.o)
                              ..\mesh_common\mesh\libraries\CSR102x_A05\libcsrmesh.a(csr_mesh_masp.o) (___libcsrmesh_127)
..\mesh_common\mesh\libraries\CSR102x_A05\libcsrmesh.a(csr_mesh_group_model.o)
                              ..\mesh_common\mesh\libraries\CSR102x_A05\libcsrmesh.a(csr_mesh_mcp.o) (GroupModelInit)
..\mesh_common\mesh\libraries\CSR102x_A05\libcsrmesh.a(csr_mesh_large_num.o)
                              ..\mesh_common\mesh\libraries\CSR102x_A05\libcsrmesh.a(csr_mesh_ec_math.o) (___libcsrmesh_161)
..\mesh_common\mesh\libraries\CSR102x_A05\libcsrmesh.a(csr_mesh_sha_add_to_cache.o)
                              ..\mesh_common\mesh\libraries\CSR102x_A05\libcsrmesh.a(csr_mesh_sha256_get_results.o) (___libcsrmesh_286)
..\mesh_common\mesh\libraries\CSR102x_A05\libcsrmesh.a(csr_mesh_sha256_calc_ith_hash_val.o)
                              ..\mesh_common\mesh\libraries\CSR102x_A05\libcsrmesh.a(csr_mesh_sha256_process_data.o) (___libcsrmesh_292)
..\mesh_common\mesh\libraries\CSR102x_A05\liblight_client.a(light_client.o)
                              depend_Release_CSR102x_A05\app_mesh_handler.o (LightSetLevel)
..\mesh_common\mesh\libraries\CSR102x_A05\libpower_client.a(power_client.o)
                              depend_Release_CSR102x_A05\app_mesh_handler.o (PowerSetState)
..\mesh_common\mesh\libraries\CSR102x_A05\libswitch_server.a(switch_model.o)
[...]
Memory Configuration

Name             Origin             Length             Attributes
p_rom            0x00000000         0x00018000
p_otp            0x00018000         0x00008000
p_cram0          0x00020000         0x00004000
p_cram1          0x00024000         0x00002000
p_cram2          0x00026000         0x00002000
p_smem           0x00028000         0x00020000
p_ram            0x00048000         0x00002000
p_flexi          0x00050000         0x00020000
p_app            0x00000000         0x00070000
d_mtp            0x00000080         0x00000080
d_pmem           0x00000200         0x00000200
d_imem           0x00000600         0x00000080
d_memarb         0x00000800         0x00000800
d_rom            0x00001000         0x00004000
d_fwromcram      0x00005000         0x00001000
d_appdata        0x00006000         0x00004000
d_appconst       0x0000a000         0x00001000
d_fwsmemotp      0x0000b000         0x00001000
d_appsmem        0x0000c000         0x00001000
d_ram            0x0000d000         0x00002000
d_app            0x00000000         0x0000f000
*default*        0x00000000         0xffffffff

Linker script and memory map

LOAD depend_Release_CSR102x_A05\app_gatt_db.o
LOAD depend_Release_CSR102x_A05\conn_param_update.o
LOAD depend_Release_CSR102x_A05\nvm_access.o
LOAD depend_Release_CSR102x_A05\cm_common.o
LOAD depend_Release_CSR102x_A05\cm_hal.o
LOAD depend_Release_CSR102x_A05\cm_private.o
LOAD depend_Release_CSR102x_A05\cm_security.o
LOAD depend_Release_CSR102x_A05\cm_server.o
LOAD depend_Release_CSR102x_A05\cm_observer.o
LOAD depend_Release_CSR102x_A05\cm_peripheral.o
LOAD depend_Release_CSR102x_A05\battery_hw.o
LOAD depend_Release_CSR102x_A05\iot_hw.o
LOAD depend_Release_CSR102x_A05\csr_mesh_ps_ifce.o
LOAD depend_Release_CSR102x_A05\attention_model_handler.o
LOAD depend_Release_CSR102x_A05\battery_model_handler.o
LOAD depend_Release_CSR102x_A05\core_mesh_handler.o
LOAD depend_Release_CSR102x_A05\data_model_handler.o
LOAD depend_Release_CSR102x_A05\watchdog_model_handler.o
LOAD depend_Release_CSR102x_A05\app_util.o
LOAD depend_Release_CSR102x_A05\connection_handler.o
LOAD depend_Release_CSR102x_A05\advertisement_handler.o
LOAD depend_Release_CSR102x_A05\time_model_handler.o
LOAD depend_Release_CSR102x_A05\action_model_handler.o
LOAD depend_Release_CSR102x_A05\extension_model_handler.o
LOAD depend_Release_CSR102x_A05\largeobjecttransfer_model_handler.o
LOAD depend_Release_CSR102x_A05\app_otau_handler.o
LOAD depend_Release_CSR102x_A05\gap_service.o
LOAD depend_Release_CSR102x_A05\gatt_service.o
LOAD depend_Release_CSR102x_A05\mesh_control_service.o
LOAD depend_Release_CSR102x_A05\byte_utils.o
LOAD depend_Release_CSR102x_A05\gaia.o
LOAD depend_Release_CSR102x_A05\gaia_otau.o
LOAD depend_Release_CSR102x_A05\gaia_service.o
LOAD depend_Release_CSR102x_A05\main_app.o
LOAD depend_Release_CSR102x_A05\app_mesh_handler.o
LOAD depend_Release_CSR102x_A05\app_hw.o
LOAD ..\mesh_common\mesh\libraries\CSR102x_A05\libcsrmesh.a
LOAD ..\mesh_common\mesh\libraries\CSR102x_A05\liblight_client.a
LOAD ..\mesh_common\mesh\libraries\CSR102x_A05\libpower_client.a
LOAD ..\mesh_common\mesh\libraries\CSR102x_A05\libswitch_server.a
LOAD ..\mesh_common\mesh\libraries\CSR102x_A05\libextension_server.a
LOAD ..\mesh_common\mesh\libraries\CSR102x_A05\libextension_client.a
LOAD ..\mesh_common\mesh\libraries\CSR102x_A05\libtime_client.a
LOAD ..\mesh_common\mesh\libraries\CSR102x_A05\libtime_server.a
LOAD ..\mesh_common\mesh\libraries\CSR102x_A05\libaction_server.a
LOAD ..\mesh_common\mesh\libraries\CSR102x_A05\libwatchdog_server.a
LOAD ..\mesh_common\mesh\libraries\CSR102x_A05\libping_server.a
LOAD ..\mesh_common\mesh\libraries\CSR102x_A05\libattention_server.a
LOAD ..\mesh_common\mesh\libraries\CSR102x_A05\libdata_server.a
LOAD ..\mesh_common\mesh\libraries\CSR102x_A05\libdata_client.a
LOAD ..\mesh_common\mesh\libraries\CSR102x_A05\libbattery_server.a
LOAD ..\mesh_common\mesh\libraries\CSR102x_A05\liblargeobjecttransfer_server.a
LOAD D:\CSR102x_SDK-3.1.1\tools\lib\CSR102x_A05\libgatt_lib_ram.a
                0x00050000                PROG_APPCODE_START = PROG_FLEXI_START
                0x00000000                APP_SIGNATURE_SIZE = 0x0
                0x00000001                DRAM_APPDATA_MODEL = 0x1
                0x00000000                STORE_OFFSET = 0x0
LOAD D:\CSR102x_SDK-3.1.1\tools\lib\CSR102x_A05\rom_img.elf
                0x00028000                PROG_SMEM_START = 0x28000
                0x00018000                PROG_OTP_START = 0x18000
                0x00050000                PROG_FLEXI_START = 0x50000
                0x00048000                PROG_DRAM_START = 0x48000
                0x00005000                DATA_FW_ROM_CRAM_WINDOW = 0x5000
                0x0000b000                DATA_FW_SMEM_OTP_WINDOW = 0xb000
                0x0000c000                DATA_APP_SMEM_WINDOW = 0xc000
                0x00020000                PROG_CRAM0_START = 0x20000
                0x0000a000                DATA_APPCONST_START = DEFINED (DATA_APPCONST_OVERRIDE)?DATA_APPCONST_OVERRIDE:0xa000
                [0x00000001]                DRAM_APPDATA_MODEL = DEFINED (DRAM_APPDATA_MODEL)?DRAM_APPDATA_MODEL:0x0
                0x00006000                DATA_APPDATA_START = (DRAM_APPDATA_MODEL == 0x0)?DATA_APPHOLE_START:0x6000
                0x00002000                DATA_APPDATA_MAX_SIZE = (DRAM_APPDATA_MODEL == 0x0)?APPDATA_SIZE:(DRAM_APPDATA_MODEL == 0x1)?0x2000:0x4000
                0x80000000                $CODE$ = 0x80000000
                0x00000000                $DATA$ = 0x0
                0x0000ffe0                PROVIDE ($XAP_AH, 0xffe0)
                0x0000ffe1                PROVIDE ($XAP_AL, 0xffe1)
                0x0000ffe2                PROVIDE ($XAP_UXH, 0xffe2)
                0x0000ffe3                PROVIDE ($XAP_UXL, 0xffe3)
                0x0000ffe4                PROVIDE ($XAP_UY, 0xffe4)
                0x0000ffe5                PROVIDE ($XAP_IXH, 0xffe5)
                0x0000ffe6                PROVIDE ($XAP_IXL, 0xffe6)
                0x0000ffe7                PROVIDE ($XAP_IY, 0xffe7)
                0x00000001                ASSERT (DEFINED (DATA_APPCONST_START), DATA_APPCONST_START must be defined.)
                0x00000001                ASSERT (DEFINED (DATA_APPDATA_START), DATA_APPDATA_START not defined - check the firmware is valid.)
                [0x00050000]                PROG_APPCODE_START = DEFINED (PROG_APPCODE_START)?PROG_APPCODE_START:PROG_FLEXI_START
                0x00000001                ASSERT (DEFINED (APP_SIGNATURE_SIZE), APP_SIGNATURE_SIZE must be defined)
                0x00000010                APP_HASH_SIZE = 0x10
                [0x00000000]                STORE_OFFSET = DEFINED (STORE_OFFSET)?STORE_OFFSET:0x0
                0x00000000                STORE_SEG_BASE = (STORE_OFFSET & 0xfffff000)
                0x00000000                STORE_SEG_OFFSET = (STORE_OFFSET & 0xfff)
                0x00050000                PROG_FLEXI_OFFSET = (PROG_FLEXI_START - STORE_SEG_BASE)
                0x00000008                APP_ENC_IV_SIZE = 0x8
                0x00000010                APPHEADER_SIZE = (0x8 + APP_ENC_IV_SIZE)
                0x00000001                ASSERT (((STORE_OFFSET % APPHEADER_SIZE) == 0x0), STORE_OFFSET is not an exact multiple of APPHEADER_SIZE)

.appheader      0x00050000       0x10 load address 0x80050000
                0x00050000                PROG_APPCRT_START = .
 *app_proxy_crt.o(.text)
 .text          0x00050000        0x8 D:\CSR102x_SDK-3.1.1\tools\lib\CSR102x_A05\libgatt_lib_ram.a(app_proxy_crt.o)
                0x00050005                _app_store_header_fw_init
 *app_proxy_crt.o(.text.*)
                0x00050010                . = ALIGN (APPHEADER_SIZE)
 *fill*         0x00050008       0x10 00
                0x00050010                PROG_APPCRT_END = .

.appconst       0x0000a010      0x3f2 load address 0x00050010
                0x0000a010                D_APPCONST_START = .
 *(CONST)
 *(CONST.*)
 *(.rodata)
 .rodata        0x0000a010        0x2 depend_Release_CSR102x_A05\advertisement_handler.o
 *(.rodata.*)
 .rodata.ConnectionParamUpdateEvent
                0x0000a012        0x5 depend_Release_CSR102x_A05\conn_param_update.o
 .rodata.str2.2
                0x0000a017        0x8 depend_Release_CSR102x_A05\cm_hal.o
 .rodata.csr_mesh_pskey_offset_table
                0x0000a01f       0x1e depend_Release_CSR102x_A05\csr_mesh_ps_ifce.o
 .rodata.fh_tx_pwr_map
                0x0000a03d       0x10 depend_Release_CSR102x_A05\core_mesh_handler.o
 .rodata.str2.2
                0x0000a04d       0x75 depend_Release_CSR102x_A05\data_model_handler.o
 .rodata.appHandleConnMgrProcEvent
                0x0000a0c2       0x1c depend_Release_CSR102x_A05\connection_handler.o
 .rodata.C.2..4122.
                0x0000a0de        0x3 depend_Release_CSR102x_A05\advertisement_handler.o
 .rodata.C.6..4212.
                0x0000a0e1        0x6 depend_Release_CSR102x_A05\action_model_handler.o
 .rodata.str2.2
                0x0000a0e7        0x9 depend_Release_CSR102x_A05\app_otau_handler.o
 .rodata.appHandleGaiaOtauEvent
                0x0000a0f0        0xf depend_Release_CSR102x_A05\app_otau_handler.o
 .rodata.str2.2
                0x0000a0ff        0xa depend_Release_CSR102x_A05\gap_service.o
 .rodata.g_service_handler
                0x0000a109        0x2 depend_Release_CSR102x_A05\gap_service.o
 .rodata.g_server_handler
                0x0000a10b        0x2 depend_Release_CSR102x_A05\gatt_service.o
 .rodata.handleAccessWrite
                0x0000a10d        0x7 depend_Release_CSR102x_A05\mesh_control_service.o
 .rodata.g_mesh_server_handlers
                0x0000a114        0x2 depend_Release_CSR102x_A05\mesh_control_service.o
 .rodata.GaiaOtauHandleStoreUpdateMsg
                0x0000a116        0xf depend_Release_CSR102x_A05\gaia_otau.o
 .rodata.str2.2
                0x0000a125       0x12 depend_Release_CSR102x_A05\gaia_otau.o
 .rodata.handleOtauFileTransfer
                0x0000a137        0x8 depend_Release_CSR102x_A05\gaia_otau.o
 .rodata.GaiaOtauHandleVmUpgradeControlCommand
                0x0000a13f       0x16 depend_Release_CSR102x_A05\gaia_otau.o
 .rodata.g_gaia_server_handlers
                0x0000a155        0x2 depend_Release_CSR102x_A05\gaia_service.o
 .rodata.masp_enc_key
                0x0000a157       0x1f ..\mesh_common\mesh\libraries\CSR102x_A05\libcsrmesh.a(csr_mesh_mtl.o)
 .rodata.masp_nw_iv
                0x0000a176        0x8 ..\mesh_common\mesh\libraries\CSR102x_A05\libcsrmesh.a(csr_mesh_mtl.o)
 .rodata.masp_nw_key
                0x0000a17e       0x10 ..\mesh_common\mesh\libraries\CSR102x_A05\libcsrmesh.a(csr_mesh_mtl.o)
 .rodata.str2.2
                0x0000a18e        0x6 ..\mesh_common\mesh\libraries\CSR102x_A05\libcsrmesh.a(csr_mesh_ec_alloc.o)
 .rodata.handleMaspMessage
                0x0000a194       0x17 ..\mesh_common\mesh\libraries\CSR102x_A05\libcsrmesh.a(csr_mesh_masp.o)
 .rodata.str2.2
                0x0000a1ab       0x14 ..\mesh_common\mesh\libraries\CSR102x_A05\libcsrmesh.a(csr_mesh_masp.o)
 .rodata.masp_msg_len
                0x0000a1bf       0x19 ..\mesh_common\mesh\libraries\CSR102x_A05\libcsrmesh.a(csr_mesh_masp.o)
 .rodata.sha256_init_table
                0x0000a1d8       0x10 ..\mesh_common\mesh\libraries\CSR102x_A05\libcsrmesh.a(csr_mesh_sha256_initialise.o)
 .rodata.csr_mesh_ad_data
                0x0000a1e8        0x3 ..\mesh_common\mesh\libraries\CSR102x_A05\libcsrmesh.a(csr1010_scheduler.o)
 .rodata.handleConfigGetDeviceInfo
                0x0000a1eb        0x9 ..\mesh_common\mesh\libraries\CSR102x_A05\libcsrmesh.a(csr_mesh_config_model.o)
 .rodata.configModelServerHandler
                0x0000a1f4       0x11 ..\mesh_common\mesh\libraries\CSR102x_A05\libcsrmesh.a(csr_mesh_config_model.o)
 .rodata.P192_curve_generator_x
                0x0000a205        0xd ..\mesh_common\mesh\libraries\CSR102x_A05\libcsrmesh.a(csr_mesh_ec_math.o)
 .rodata.P192_curve_generator_y
                0x0000a212        0xd ..\mesh_common\mesh\libraries\CSR102x_A05\libcsrmesh.a(csr_mesh_ec_math.o)
 .rodata.sha256_consts
                0x0000a21f       0x80 ..\mesh_common\mesh\libraries\CSR102x_A05\libcsrmesh.a(csr_mesh_sha256_calc_ith_hash_val.o)
 .rodata.patch_rx_conn_pdu
                0x0000a29f       0x10 D:\CSR102x_SDK-3.1.1\tools\lib\CSR102x_A05\libgatt_lib_ram.a(patch_george_rx.o)
 .rodata.C.1..27050.
                0x0000a2af        0x4 D:\CSR102x_SDK-3.1.1\tools\lib\CSR102x_A05\libgatt_lib_ram.a(patch_george_rx.o)
 .rodata.rssi_lut
                0x0000a2b3       0x1f D:\CSR102x_SDK-3.1.1\tools\lib\CSR102x_A05\libgatt_lib_ram.a(patch_george_rssi.o)
 .rodata.atten_level
                0x0000a2d2        0x6 D:\CSR102x_SDK-3.1.1\tools\lib\CSR102x_A05\libgatt_lib_ram.a(patch_george_rssi.o)
 .rodata.lna_gain_level
                0x0000a2d8        0x9 D:\CSR102x_SDK-3.1.1\tools\lib\CSR102x_A05\libgatt_lib_ram.a(patch_george_rssi.o)
 .rodata.patched_smem_inst_handler
                0x0000a2e1        0xe D:\CSR102x_SDK-3.1.1\tools\lib\CSR102x_A05\libgatt_lib_ram.a(patch_reset.o)
 .rodata.patched_uart_instances
                0x0000a2ef       0x12 D:\CSR102x_SDK-3.1.1\tools\lib\CSR102x_A05\libgatt_lib_ram.a(patch_reset.o)
 .rodata.patched_adc_instances
                0x0000a301        0xc D:\CSR102x_SDK-3.1.1\tools\lib\CSR102x_A05\libgatt_lib_ram.a(patch_reset.o)
 .rodata.patched_keyscan_instances
                0x0000a30d        0xa D:\CSR102x_SDK-3.1.1\tools\lib\CSR102x_A05\libgatt_lib_ram.a(patch_reset.o)
 .rodata.patched_edge_capture_functions
                0x0000a317        0xc D:\CSR102x_SDK-3.1.1\tools\lib\CSR102x_A05\libgatt_lib_ram.a(patch_reset.o)
 .rodata.patched_i2c_functions
                0x0000a323        0xa D:\CSR102x_SDK-3.1.1\tools\lib\CSR102x_A05\libgatt_lib_ram.a(patch_reset.o)
 .rodata.ram_build_identifier_integer
                0x0000a32d        0x1 D:\CSR102x_SDK-3.1.1\tools\lib\CSR102x_A05\libgatt_lib_ram.a(id_ram.o)
                0x0000a32d                ram_build_identifier_integer
 .rodata.ram_build_identifier_string
                0x0000a32e       0x25 D:\CSR102x_SDK-3.1.1\tools\lib\CSR102x_A05\libgatt_lib_ram.a(id_ram.o)
                0x0000a32e                ram_build_identifier_string
 .rodata.patch_table_data
                0x0000a353       0x58 D:\CSR102x_SDK-3.1.1\tools\lib\CSR102x_A05\libgatt_lib_ram.a(sw_patch_ram.o)
 .rodata.patch_set_config
                0x0000a3ab        0x5 D:\CSR102x_SDK-3.1.1\tools\lib\CSR102x_A05\libgatt_lib_ram.a(patch_hal_bleradio.o)
 .rodata.hw_patch_b192872
                0x0000a3b0        0x3 D:\CSR102x_SDK-3.1.1\tools\lib\CSR102x_A05\libgatt_lib_ram.a(patch_hal_bleradio.o)
 .rodata.hw_patch_b202168
                0x0000a3b3        0x3 D:\CSR102x_SDK-3.1.1\tools\lib\CSR102x_A05\libgatt_lib_ram.a(patch_hal_bleradio.o)
 .rodata.patch_tx_approx_power_levels_dbm
                0x0000a3b6       0x10 D:\CSR102x_SDK-3.1.1\tools\lib\CSR102x_A05\libgatt_lib_ram.a(patch_hal_bleradio.o)
 .rodata.bg_int_handlers
                0x0000a3c6        0x6 D:\CSR102x_SDK-3.1.1\tools\lib\CSR102x_A05\libgatt_lib_ram.a(patch_bg_int.o)
 .rodata.C.6..26458.
                0x0000a3cc        0x3 D:\CSR102x_SDK-3.1.1\tools\lib\CSR102x_A05\libgatt_lib_ram.a(patch_i2c.o)
 *(.pio_ctrlr_code)
                0x0000a3cf                APP_BUILD_VERSION = .
 *(.app_bld_ver)
                0x0000a3cf                PROG_PATCH_ADDRESS = .
 *(.hw_patch)
 .hw_patch      0x0000a3cf       0x33 D:\CSR102x_SDK-3.1.1\tools\lib\CSR102x_A05\libgatt_lib_ram.a(patch_flashheart_d06.o)
                0x0000a3cf                hw_patch
                0x0000a402                PROG_PATCH_END = .
                0x0000a402                D_APPCONST_END = .
                0x000003f2                APPCONST_SIZE = SIZEOF (.appconst)
                0x00000001                ASSERT (((D_APPCONST_START & 0x1000) == (D_APPCONST_END & 0x1000)), Application uses too much CONST data (page boundary exceeded))

.progapp_appconst
                0x00050010      0x3f2
                0x00050402                . = (. + APPCONST_SIZE)
 *fill*         0x00050010      0x7e4 00

.appdata        0x00006000       0xf9 load address 0x00050402
                0x00006000                DATA_APPINITDATA_START = .
 *(.data)
 *(.data.*)
 .data.gattDatabase
                0x00006000       0xb8 depend_Release_CSR102x_A05\app_gatt_db.o
                0x00006000                gattDatabase
 .data.g_nvm_type
                0x000060b8        0x1 depend_Release_CSR102x_A05\nvm_access.o
 .data.g_cm_app_handler
                0x000060b9        0x2 depend_Release_CSR102x_A05\connection_handler.o
 .data.mesh_ad_data
                0x000060bb        0x3 depend_Release_CSR102x_A05\app_mesh_handler.o
                0x000060bb                mesh_ad_data
 .data.vid_pid_info
                0x000060be        0x4 depend_Release_CSR102x_A05\app_mesh_handler.o
                0x000060be                vid_pid_info
 .data.appearance
                0x000060c2        0xd depend_Release_CSR102x_A05\app_mesh_handler.o
                0x000060c2                appearance
 .data.switch_cmd_tid
                0x000060cf        0x1 depend_Release_CSR102x_A05\app_hw.o
 .data.key_iv_status_values
                0x000060d0        0x8 ..\mesh_common\mesh\libraries\CSR102x_A05\libcsrmesh.a(csr_mesh_masp.o)
 .data.P192_p   0x000060d8        0xd ..\mesh_common\mesh\libraries\CSR102x_A05\libcsrmesh.a(csr_mesh_ec_math.o)
                0x000060d8                ___libcsrmesh_132
 .data.patched_i2c_instances
                0x000060e5        0x1 D:\CSR102x_SDK-3.1.1\tools\lib\CSR102x_A05\libgatt_lib_ram.a(patch_reset.o)
 .data.patched_uci_h4_transport
                0x000060e6        0x6 D:\CSR102x_SDK-3.1.1\tools\lib\CSR102x_A05\libgatt_lib_ram.a(patch_uci_uart_h4.o)
                0x000060e6                ___libgatt_lib_db_5570
 .data.patch_ble_radio_functions
                0x000060ec        0xc D:\CSR102x_SDK-3.1.1\tools\lib\CSR102x_A05\libgatt_lib_ram.a(patch_hal_bleradio.o)
 .data.saved_tx_power_index
                0x000060f8        0x1 D:\CSR102x_SDK-3.1.1\tools\lib\CSR102x_A05\libgatt_lib_ram.a(patch_george_reset.o)
                0x000060f9                DATA_APPINITDATA_END = .
                0x000000f9                APPINITDATA_SIZE = SIZEOF (.appdata)
                0x00000001                ASSERT (((APPCONST_SIZE + APPINITDATA_SIZE) <= 0x1000), Application uses too much CONST / Initialised data)

.progapp_appdata
                0x00050402       0xf9
                0x000504fb                . = (. + APPINITDATA_SIZE)
 *fill*         0x00050402      0x1f2 00

.patchtext      0x000504fb       0xc2 load address 0x800504fb
                0x000504fb                PROG_SW_PATCH_FN_START = .
 *(.patch_text)
 *(.patch_text.*)
                0x000504fb                PROG_SW_PATCH_FN_END = .
                0x000504fb                PROG_DS_PATCH_START = .
 *(.deep_sleep_patch)
 .deep_sleep_patch
                0x000504fb       0xc2 D:\CSR102x_SDK-3.1.1\tools\lib\CSR102x_A05\libgatt_lib_ram.a(patch_reset.o)
                0x0005050f                patch_sysop_sleep_enter
                0x000504fb                patch_sysop_sleep_restore
                0x000505bd                PROG_DS_PATCH_END = .
                0x000000c2                DS_PATCH_SIZE = (PROG_DS_PATCH_END - PROG_DS_PATCH_START)

.apptext        0x000505bd     0x970b load address 0x800505bd
 *(.extra_crt)
 *(.text)
 .text          0x000505bd       0x2f D:\CSR102x_SDK-3.1.1\tools\lib\CSR102x_A05\libgatt_lib_ram.a(sm_ram.o)
                0x000505bd                ___libgatt_lib_db_832
                0x000505e6                SMInit
 .text          0x000505ec        0xa D:\CSR102x_SDK-3.1.1\tools\lib\CSR102x_A05\libgatt_lib_ram.a(sm_key_req_api.o)
                0x000505ec                SMKeyRequestRsp
 .text          0x000505f6        0x3 D:\CSR102x_SDK-3.1.1\tools\lib\CSR102x_A05\libgatt_lib_ram.a(sm_div_approval_api.o)
                0x000505f6                SMDivApprovalRsp
 .text          0x000505f9        0xa D:\CSR102x_SDK-3.1.1\tools\lib\CSR102x_A05\libgatt_lib_ram.a(sm_pairing_auth_api.o)
                0x000505f9                SMPairingAuthRsp
 .text          0x00050603        0x6 D:\CSR102x_SDK-3.1.1\tools\lib\CSR102x_A05\libgatt_lib_ram.a(sm_ltk_api.o)
                0x00050603                SMLongTermKeyRsp
 .text          0x00050609       0x6c D:\CSR102x_SDK-3.1.1\tools\lib\CSR102x_A05\libgatt_lib_ram.a(patch_sm_l2cap_if.o)
                0x00050609                ___libgatt_lib_db_5470
                0x0005061f                ___libgatt_lib_db_5469
                0x00050628                ___libgatt_lib_db_5471
 .text          0x00050675        0x1 D:\CSR102x_SDK-3.1.1\tools\lib\CSR102x_A05\libgatt_lib_ram.a(patch_sm_msg_handler.o)
                0x00050675                ___libgatt_lib_db_5477
 *(.text.*)
 .text.GattGetDatabase
                0x00050676        0x8 depend_Release_CSR102x_A05\app_gatt_db.o
                0x00050676                GattGetDatabase
 .text.GetUpdatedConnParams
                0x0005067e        0xd depend_Release_CSR102x_A05\conn_param_update.o
                0x0005067e                GetUpdatedConnParams
 .text.ConnectionParamUpdateSetCallback
                0x0005068b        0x5 depend_Release_CSR102x_A05\conn_param_update.o
                0x0005068b                ConnectionParamUpdateSetCallback
 .text.handleGapCppTimerExpiry
                0x00050690       0x14 depend_Release_CSR102x_A05\conn_param_update.o
 .text.requestConnParamUpdate
                0x000506a4       0x41 depend_Release_CSR102x_A05\conn_param_update.o
 .text.ConnectionParamUpdateEvent
                0x000506e5       0x94 depend_Release_CSR102x_A05\conn_param_update.o
                0x000506e5                ConnectionParamUpdateEvent
 .text.StopConnParamsUpdate
                0x00050779        0xf depend_Release_CSR102x_A05\conn_param_update.o
                0x00050779                StopConnParamsUpdate
 .text.processNewParams
                0x00050788       0x49 depend_Release_CSR102x_A05\conn_param_update.o
 .text.RequestConnParamsUpdateOnce
                0x000507d1       0x27 depend_Release_CSR102x_A05\conn_param_update.o
                0x000507d1                RequestConnParamsUpdateOnce
 .text.RequestConnParamsUpdate
                0x000507f8       0x28 depend_Release_CSR102x_A05\conn_param_update.o
                0x000507f8                RequestConnParamsUpdate
 .text.Nvm_Read_Secure_Key
                0x00050820        0x9 depend_Release_CSR102x_A05\nvm_access.o
                0x00050820                Nvm_Read_Secure_Key
 .text.Nvm_Init
                0x00050829       0x19 depend_Release_CSR102x_A05\nvm_access.o
                0x00050829                Nvm_Init
 .text.reportPanic
                0x00050842        0x3 depend_Release_CSR102x_A05\nvm_access.o
 .text.Nvm_Write
                0x00050845       0x17 depend_Release_CSR102x_A05\nvm_access.o
                0x00050845                Nvm_Write
 .text.Nvm_Read
                0x0005085c        0xb depend_Release_CSR102x_A05\nvm_access.o
                0x0005085c                Nvm_Read
 .text.NvmProcessEvent
                0x00050867      0x100 depend_Release_CSR102x_A05\nvm_access.o
                0x00050867                NvmProcessEvent
 .text.CMIsAddressResolvableRandom
                0x00050967       0x11 depend_Release_CSR102x_A05\cm_common.o
                0x00050967                CMIsAddressResolvableRandom
 .text.CMSignalNumberOfCompletedPackets
                0x00050978        0x7 depend_Release_CSR102x_A05\cm_common.o
                0x00050978                CMSignalNumberOfCompletedPackets
 .text.CMGetDeviceBondState
                0x0005097f        0xb depend_Release_CSR102x_A05\cm_common.o
                0x0005097f                CMGetDeviceBondState
 .text.CMEnableEarlyWakeup
                0x0005098a        0x9 depend_Release_CSR102x_A05\cm_common.o
                0x0005098a                CMEnableEarlyWakeup
 .text.CMReadRssi
                0x00050993        0x8 depend_Release_CSR102x_A05\cm_common.o
                0x00050993                CMReadRssi
 .text.CMConfigureRadioEvent
                0x0005099b        0xc depend_Release_CSR102x_A05\cm_common.o
                0x0005099b                CMConfigureRadioEvent
 .text.CMGetDevConnParam
                0x000509a7       0x17 depend_Release_CSR102x_A05\cm_common.o
                0x000509a7                CMGetDevConnParam
 .text.CMGetPeerDeviceRole
                0x000509be       0x13 depend_Release_CSR102x_A05\cm_common.o
                0x000509be                CMGetPeerDeviceRole
 .text.CMGetDevState
                0x000509d1       0x13 depend_Release_CSR102x_A05\cm_common.o
                0x000509d1                CMGetDevState
 .text.CMConnectionUpdateSignalingRsp
                0x000509e4        0x2 depend_Release_CSR102x_A05\cm_common.o
                0x000509e4                CMConnectionUpdateSignalingRsp
 .text.CMConnParamUpdateReq
                0x000509e6        0x2 depend_Release_CSR102x_A05\cm_common.o
                0x000509e6                CMConnParamUpdateReq
 .text.CMGetBdAdressFromDeviceId
                0x000509e8       0x17 depend_Release_CSR102x_A05\cm_common.o
                0x000509e8                CMGetBdAdressFromDeviceId
 .text.CMGetBondIdFromDeviceId
                0x000509ff       0x14 depend_Release_CSR102x_A05\cm_common.o
                0x000509ff                CMGetBondIdFromDeviceId
 .text.CMDisconnect
                0x00050a13        0xe depend_Release_CSR102x_A05\cm_common.o
                0x00050a13                CMDisconnect
 .text.CMInit   0x00050a21       0x21 depend_Release_CSR102x_A05\cm_common.o
                0x00050a21                CMInit
 .text.asyncApiTimeout
                0x00050a42        0x7 depend_Release_CSR102x_A05\cm_common.o
 .text.getDeviceIdFromCid
                0x00050a49       0x12 depend_Release_CSR102x_A05\cm_hal.o
 .text.HALGetMsgId
                0x00050a5b        0x5 depend_Release_CSR102x_A05\cm_hal.o
                0x00050a5b                HALGetMsgId
 .text.HALGetMsg
                0x00050a60        0x5 depend_Release_CSR102x_A05\cm_hal.o
                0x00050a60                HALGetMsg
 .text.HALAddNewDevice
                0x00050a65       0x1f depend_Release_CSR102x_A05\cm_hal.o
                0x00050a65                HALAddNewDevice
 .text.HALGetDeviceId
                0x00050a84       0x61 depend_Release_CSR102x_A05\cm_hal.o
                0x00050a84                HALGetDeviceId
 .text.HALParseConnCompleteInd
                0x00050ae5        0xa depend_Release_CSR102x_A05\cm_hal.o
                0x00050ae5                HALParseConnCompleteInd
 .text.HALParseEncChangeInd
                0x00050aef        0xa depend_Release_CSR102x_A05\cm_hal.o
                0x00050aef                HALParseEncChangeInd
 .text.HALParseRadioEventInd
                0x00050af9        0xb depend_Release_CSR102x_A05\cm_hal.o
                0x00050af9                HALParseRadioEventInd
 .text.HALIsAdvertisingReport
                0x00050b04       0x12 depend_Release_CSR102x_A05\cm_hal.o
                0x00050b04                HALIsAdvertisingReport
 .text.HALParseAccessWriteInd
                0x00050b16        0xb depend_Release_CSR102x_A05\cm_hal.o
                0x00050b16                HALParseAccessWriteInd
 .text.HALParseAccessReadInd
                0x00050b21        0xb depend_Release_CSR102x_A05\cm_hal.o
                0x00050b21                HALParseAccessReadInd
 .text.HALParseSmPairingAuthInd
                0x00050b2c        0x1 depend_Release_CSR102x_A05\cm_hal.o
                0x00050b2c                HALParseSmPairingAuthInd
 .text.HALParseConnectionUpdateInd
                0x00050b2d        0xf depend_Release_CSR102x_A05\cm_hal.o
                0x00050b2d                HALParseConnectionUpdateInd
 .text.CMProcessMsg
                0x00050b3c        0x6 depend_Release_CSR102x_A05\cm_hal.o
                0x00050b3c                CMProcessMsg
 .text.HALMatchBluetoothAddress
                0x00050b42       0x2d depend_Release_CSR102x_A05\cm_hal.o
                0x00050b42                HALMatchBluetoothAddress
 .text.HALConnectionUpdateSignallingRsp
                0x00050b6f        0xa depend_Release_CSR102x_A05\cm_hal.o
                0x00050b6f                HALConnectionUpdateSignallingRsp
 .text.HALConnectionParamUpdateReq
                0x00050b79       0x10 depend_Release_CSR102x_A05\cm_hal.o
                0x00050b79                HALConnectionParamUpdateReq
 .text.HALSMDivApprovalRsp
                0x00050b89        0x2 depend_Release_CSR102x_A05\cm_hal.o
                0x00050b89                HALSMDivApprovalRsp
 .text.HALSMKeyRequestResponse
                0x00050b8b        0x8 depend_Release_CSR102x_A05\cm_hal.o
                0x00050b8b                HALSMKeyRequestResponse
 .text.HALSendLongTermKeyAuthRsp
                0x00050b93        0xb depend_Release_CSR102x_A05\cm_hal.o
                0x00050b93                HALSendLongTermKeyAuthRsp
 .text.HALSendValueNotificationExt
                0x00050b9e       0x11 depend_Release_CSR102x_A05\cm_hal.o
                0x00050b9e                HALSendValueNotificationExt
 .text.HALParseDisconnCompleteInd
                0x00050baf       0x12 depend_Release_CSR102x_A05\cm_hal.o
                0x00050baf                HALParseDisconnCompleteInd
 .text.HALSendValueNotification
                0x00050bc1       0x33 depend_Release_CSR102x_A05\cm_hal.o
                0x00050bc1                HALSendValueNotification
 .text.sendNotificationCfmTimer
                0x00050bf4       0x12 depend_Release_CSR102x_A05\cm_hal.o
 .text.HALSMInit
                0x00050c06        0x9 depend_Release_CSR102x_A05\cm_hal.o
                0x00050c06                HALSMInit
 .text.HALServerWriteInit
                0x00050c0f        0x3 depend_Release_CSR102x_A05\cm_hal.o
                0x00050c0f                HALServerWriteInit
 .text.HALGapSetPeripheralMode
                0x00050c12        0xb depend_Release_CSR102x_A05\cm_hal.o
                0x00050c12                HALGapSetPeripheralMode
 .text.HALGapLsFindAdType
                0x00050c1d        0x6 depend_Release_CSR102x_A05\cm_hal.o
                0x00050c1d                HALGapLsFindAdType
 .text.parseName
                0x00050c23       0x60 depend_Release_CSR102x_A05\cm_hal.o
 .text.HALParseAdvertisingReportInd
                0x00050c83       0x24 depend_Release_CSR102x_A05\cm_hal.o
                0x00050c83                HALParseAdvertisingReportInd
 .text.CMGetMainData
                0x00050ca7        0x3 depend_Release_CSR102x_A05\cm_private.o
                0x00050ca7                CMGetMainData
 .text.CMNotifyEventToApplication
                0x00050caa       0x13 depend_Release_CSR102x_A05\cm_private.o
                0x00050caa                CMNotifyEventToApplication
 .text.CMPrivateInit
                0x00050cbd       0x1d depend_Release_CSR102x_A05\cm_private.o
                0x00050cbd                CMPrivateInit
 .text.CMResetDevConnParam
                0x00050cda        0xd depend_Release_CSR102x_A05\cm_private.o
                0x00050cda                CMResetDevConnParam
 .text.CMIsDeviceIdValid
                0x00050ce7        0x7 depend_Release_CSR102x_A05\cm_private.o
                0x00050ce7                CMIsDeviceIdValid
 .text.CMSetDeviceBondState
                0x00050cee        0x9 depend_Release_CSR102x_A05\cm_private.o
                0x00050cee                CMSetDeviceBondState
 .text.CMReportPanic
                0x00050cf7        0x3 depend_Release_CSR102x_A05\cm_private.o
                0x00050cf7                CMReportPanic
 .text.CMSetDeviceEncryptState
                0x00050cfa       0x11 depend_Release_CSR102x_A05\cm_private.o
                0x00050cfa                CMSetDeviceEncryptState
 .text.CMGetConnId
                0x00050d0b        0xe depend_Release_CSR102x_A05\cm_private.o
                0x00050d0b                CMGetConnId
 .text.CMSetConnParam
                0x00050d19       0x13 depend_Release_CSR102x_A05\cm_private.o
                0x00050d19                CMSetConnParam
 .text.CMSetDevState
                0x00050d2c       0x2a depend_Release_CSR102x_A05\cm_private.o
                0x00050d2c                CMSetDevState
 .text.CMGetDeviceId
                0x00050d56        0x7 depend_Release_CSR102x_A05\cm_private.o
                0x00050d56                CMGetDeviceId
 .text.handleSignalLmDisconnectComplete
                0x00050d5d       0x38 depend_Release_CSR102x_A05\cm_private.o
 .text.handleSignalLsDataRxTimingInd
                0x00050d95       0x1c depend_Release_CSR102x_A05\cm_private.o
 .text.handleSignalLsConnUpdateSignallingInd
                0x00050db1       0x1b depend_Release_CSR102x_A05\cm_private.o
 .text.handleSignalLsConnParamUpdateInd
                0x00050dcc       0x1e depend_Release_CSR102x_A05\cm_private.o
 .text.handleSignalLsConnParamUpdateCfm
                0x00050dea       0x18 depend_Release_CSR102x_A05\cm_private.o
 .text.handleSignalLsConnectionUpdate
                0x00050e02       0x1e depend_Release_CSR102x_A05\cm_private.o
 .text.CMProcessEvent
                0x00050e20      0x1a2 depend_Release_CSR102x_A05\cm_private.o
                0x00050e20                CMProcessEvent
 .text.CMGetBondedBDAddr
                0x00050fc2       0x11 depend_Release_CSR102x_A05\cm_security.o
                0x00050fc2                CMGetBondedBDAddr
 .text.handleSignalSMLongTermKeyInd
                0x00050fd3       0x3b depend_Release_CSR102x_A05\cm_security.o
 .text.ClearBondingInfo
                0x0005100e       0x2a depend_Release_CSR102x_A05\cm_security.o
                0x0005100e                ClearBondingInfo
 .text.handleSignalSmSimplePairingCompleteInd
                0x00051038       0x43 depend_Release_CSR102x_A05\cm_security.o
 .text.CMGetBondId
                0x0005107b       0x21 depend_Release_CSR102x_A05\cm_security.o
                0x0005107b                CMGetBondId
 .text.storeBondedDeviceInfo
                0x0005109c       0x32 depend_Release_CSR102x_A05\cm_security.o
 .text.handleSignalSmKeysInd
                0x000510ce       0x26 depend_Release_CSR102x_A05\cm_security.o
 .text.CMSecurityHandleProcessLMEvent
                0x000510f4       0xd0 depend_Release_CSR102x_A05\cm_security.o
                0x000510f4                CMSecurityHandleProcessLMEvent
 .text.CMIsDeviceBonded
                0x000511c4       0x20 depend_Release_CSR102x_A05\cm_security.o
                0x000511c4                CMIsDeviceBonded
 .text.CMSecurityInit
                0x000511e4       0x4c depend_Release_CSR102x_A05\cm_security.o
                0x000511e4                CMSecurityInit
 .text.CMServerGetHandler
                0x00051230       0x13 depend_Release_CSR102x_A05\cm_server.o
                0x00051230                CMServerGetHandler
 .text.CMServerNotifyGenericEvent
                0x00051243       0x1e depend_Release_CSR102x_A05\cm_server.o
                0x00051243                CMServerNotifyGenericEvent
 .text.CMServerNotifyGattEvent
                0x00051261       0x13 depend_Release_CSR102x_A05\cm_server.o
                0x00051261                CMServerNotifyGattEvent
 .text.CMServerInitRegisterHandler
                0x00051274       0x26 depend_Release_CSR102x_A05\cm_server.o
                0x00051274                CMServerInitRegisterHandler
 .text.CMServerHandleProcessLMEvent
                0x0005129a       0xb6 depend_Release_CSR102x_A05\cm_server.o
                0x0005129a                CMServerHandleProcessLMEvent
 .text.CMSendValueNotification
                0x00051350        0x5 depend_Release_CSR102x_A05\cm_server.o
                0x00051350                CMSendValueNotification
 .text.CMSendValueNotificationExt
                0x00051355        0x2 depend_Release_CSR102x_A05\cm_server.o
                0x00051355                CMSendValueNotificationExt
 .text.CMSendAccessRsp
                0x00051357       0x14 depend_Release_CSR102x_A05\cm_server.o
                0x00051357                CMSendAccessRsp
 .text.CMServerInit
                0x0005136b       0x1b depend_Release_CSR102x_A05\cm_server.o
                0x0005136b                CMServerInit
 .text.CMObserverInit
                0x00051386        0x4 depend_Release_CSR102x_A05\cm_observer.o
                0x00051386                CMObserverInit
 .text.CMObserverEnableRawReports
                0x0005138a        0x3 depend_Release_CSR102x_A05\cm_observer.o
                0x0005138a                CMObserverEnableRawReports
 .text.CMObserverHandleProcessLMEvent
                0x0005138d       0x1f depend_Release_CSR102x_A05\cm_observer.o
                0x0005138d                CMObserverHandleProcessLMEvent
 .text.CMPeripheralInit
                0x000513ac        0xa depend_Release_CSR102x_A05\cm_peripheral.o
                0x000513ac                CMPeripheralInit
 .text.CMGetAdvState
                0x000513b6        0x3 depend_Release_CSR102x_A05\cm_peripheral.o
                0x000513b6                CMGetAdvState
 .text.CMIsAdvertising
                0x000513b9        0x9 depend_Release_CSR102x_A05\cm_peripheral.o
                0x000513b9                CMIsAdvertising
 .text.addAdvScanData
                0x000513c2       0x9e depend_Release_CSR102x_A05\cm_peripheral.o
 .text.gattAdvertTimerHandler
                0x00051460       0x1c depend_Release_CSR102x_A05\cm_peripheral.o
 .text.CMSetAdvState
                0x0005147c       0x27 depend_Release_CSR102x_A05\cm_peripheral.o
                0x0005147c                CMSetAdvState
 .text.startAdvertisements
                0x000514a3       0xe4 depend_Release_CSR102x_A05\cm_peripheral.o
 .text.handleSignalLsCancelConnectCfm
                0x00051587       0x23 depend_Release_CSR102x_A05\cm_peripheral.o
 .text.CMPeripheralDirectAdvTimeout
                0x000515aa       0x10 depend_Release_CSR102x_A05\cm_peripheral.o
                0x000515aa                CMPeripheralDirectAdvTimeout
 .text.CMPeripheralHandleProcessLmEvent
                0x000515ba       0x28 depend_Release_CSR102x_A05\cm_peripheral.o
                0x000515ba                CMPeripheralHandleProcessLmEvent
 .text.GetBatteryState
                0x000515e2        0xb depend_Release_CSR102x_A05\battery_hw.o
                0x000515e2                GetBatteryState
 .text.ReadBatteryLevel
                0x000515ed       0x28 depend_Release_CSR102x_A05\battery_hw.o
                0x000515ed                ReadBatteryLevel
 .text.SendLowBatteryIndication
                0x00051615       0x12 depend_Release_CSR102x_A05\battery_hw.o
                0x00051615                SendLowBatteryIndication
 .text.setPioMask
                0x00051627       0x21 depend_Release_CSR102x_A05\iot_hw.o
 .text.GetIOTSwitchMask
                0x00051648       0x21 depend_Release_CSR102x_A05\iot_hw.o
                0x00051648                GetIOTSwitchMask
 .text.IOTSwitchInit
                0x00051669       0x8e depend_Release_CSR102x_A05\iot_hw.o
                0x00051669                IOTSwitchInit
 .text.IOTLightControlDevicePower
                0x000516f7       0x69 depend_Release_CSR102x_A05\iot_hw.o
                0x000516f7                IOTLightControlDevicePower
 .text.IOTLightControlDeviceBlink
                0x00051760       0x4b depend_Release_CSR102x_A05\iot_hw.o
                0x00051760                IOTLightControlDeviceBlink
 .text.IOTLightControlDeviceInit
                0x000517ab       0x2c depend_Release_CSR102x_A05\iot_hw.o
                0x000517ab                IOTLightControlDeviceInit
 .text.getPsKeyOffset
                0x000517d7       0x16 depend_Release_CSR102x_A05\csr_mesh_ps_ifce.o
 .text.CSRmeshPsInit
                0x000517ed        0x2 depend_Release_CSR102x_A05\csr_mesh_ps_ifce.o
                0x000517ed                CSRmeshPsInit
 .text.CSRmeshPsSecureWrite
                0x000517ef        0xa depend_Release_CSR102x_A05\csr_mesh_ps_ifce.o
                0x000517ef                CSRmeshPsSecureWrite
 .text.CSRmeshPsWriteWithOffset
                0x000517f9        0xb depend_Release_CSR102x_A05\csr_mesh_ps_ifce.o
                0x000517f9                CSRmeshPsWriteWithOffset
 .text.CSRmeshPsWrite
                0x00051804        0xa depend_Release_CSR102x_A05\csr_mesh_ps_ifce.o
                0x00051804                CSRmeshPsWrite
 .text.CSRmeshPsSecureRead
                0x0005180e        0xa depend_Release_CSR102x_A05\csr_mesh_ps_ifce.o
                0x0005180e                CSRmeshPsSecureRead
 .text.CSRmeshPsRead
                0x00051818        0xa depend_Release_CSR102x_A05\csr_mesh_ps_ifce.o
                0x00051818                CSRmeshPsRead
 .text.CSRmeshIsPsReadyForAccess
                0x00051822       0x1a depend_Release_CSR102x_A05\csr_mesh_ps_ifce.o
                0x00051822                CSRmeshIsPsReadyForAccess
 .text.CSRmeshPsReadSecureKey
                0x0005183c        0x2 depend_Release_CSR102x_A05\csr_mesh_ps_ifce.o
                0x0005183c                CSRmeshPsReadSecureKey
 .text.AttentionModelDataInit
                0x0005183e        0xf depend_Release_CSR102x_A05\attention_model_handler.o
                0x0005183e                AttentionModelDataInit
 .text.AttentionModelHandlerInit
                0x0005184d        0xb depend_Release_CSR102x_A05\attention_model_handler.o
                0x0005184d                AttentionModelHandlerInit
 .text.attentionModelEventHandler
                0x00051858       0x51 depend_Release_CSR102x_A05\attention_model_handler.o
 .text.attnTimerHandler
                0x000518a9        0xe depend_Release_CSR102x_A05\attention_model_handler.o
 .text.BatteryModelDataInit
                0x000518b7        0x5 depend_Release_CSR102x_A05\battery_model_handler.o
                0x000518b7                BatteryModelDataInit
 .text.BatteryModelHandlerInit
                0x000518bc        0xb depend_Release_CSR102x_A05\battery_model_handler.o
                0x000518bc                BatteryModelHandlerInit
 .text.batteryModelEventHandler
                0x000518c7       0x21 depend_Release_CSR102x_A05\battery_model_handler.o
 .text.AppGetAssociatedState
                0x000518e8        0x5 depend_Release_CSR102x_A05\core_mesh_handler.o
                0x000518e8                AppGetAssociatedState
 .text.IsGattBearerEnabled
                0x000518ed        0x6 depend_Release_CSR102x_A05\core_mesh_handler.o
                0x000518ed                IsGattBearerEnabled
 .text.AppGetStoredBearerState
                0x000518f3        0xb depend_Release_CSR102x_A05\core_mesh_handler.o
                0x000518f3                AppGetStoredBearerState
 .text.AppGetCurrentTTL
                0x000518fe        0x5 depend_Release_CSR102x_A05\core_mesh_handler.o
                0x000518fe                AppGetCurrentTTL
 .text.AppInitializeSeqCache
                0x00051903        0x1 depend_Release_CSR102x_A05\core_mesh_handler.o
                0x00051903                AppInitializeSeqCache
 .text.AppClearSeqCache
                0x00051904        0x2 depend_Release_CSR102x_A05\core_mesh_handler.o
                0x00051904                AppClearSeqCache
 .text.AppSetTxPower
                0x00051906       0x1e depend_Release_CSR102x_A05\core_mesh_handler.o
                0x00051906                AppSetTxPower
 .text.MeshHandlerInit
                0x00051924        0xb depend_Release_CSR102x_A05\core_mesh_handler.o
                0x00051924                MeshHandlerInit
 .text.InitiateAssociation
                0x0005192f        0xb depend_Release_CSR102x_A05\core_mesh_handler.o
                0x0005192f                InitiateAssociation
 .text.attnTimerHandler
                0x0005193a        0xa depend_Release_CSR102x_A05\core_mesh_handler.o
 .text.removeAssocTimeoutHandler
                0x00051944        0xa depend_Release_CSR102x_A05\core_mesh_handler.o
 .text.AppUpdateBearerState
                0x0005194e        0xf depend_Release_CSR102x_A05\core_mesh_handler.o
                0x0005194e                AppUpdateBearerState
 .text.appProcessMeshEvent
                0x0005195d      0x12e depend_Release_CSR102x_A05\core_mesh_handler.o
 .text.DataModelHandlerInit
                0x00051a8b       0x30 depend_Release_CSR102x_A05\data_model_handler.o
                0x00051a8b                DataModelHandlerInit
 .text.rxStreamTimeoutHandler
                0x00051abb       0x10 depend_Release_CSR102x_A05\data_model_handler.o
 .text.endStream
                0x00051acb       0x1c depend_Release_CSR102x_A05\data_model_handler.o
 .text.handleCSRmeshDataStreamSendCfm
                0x00051ae7       0x4d depend_Release_CSR102x_A05\data_model_handler.o
 .text.appDataClientHandler
                0x00051b34       0x2b depend_Release_CSR102x_A05\data_model_handler.o
 .text.streamSendRetryTimer
                0x00051b5f       0x42 depend_Release_CSR102x_A05\data_model_handler.o
 .text.startStream
                0x00051ba1       0x17 depend_Release_CSR102x_A05\data_model_handler.o
 .text.appDataServerHandler
                0x00051bb8      0x11a depend_Release_CSR102x_A05\data_model_handler.o
 .text.WatchdogPause
                0x00051cd2        0x9 depend_Release_CSR102x_A05\watchdog_model_handler.o
                0x00051cd2                WatchdogPause
 .text.WatchdogStop
                0x00051cdb        0xf depend_Release_CSR102x_A05\watchdog_model_handler.o
                0x00051cdb                WatchdogStop
 .text.WatchdogModelDataInit
                0x00051cea        0xd depend_Release_CSR102x_A05\watchdog_model_handler.o
                0x00051cea                WatchdogModelDataInit
 .text.WatchdogStart
                0x00051cf7       0x20 depend_Release_CSR102x_A05\watchdog_model_handler.o
                0x00051cf7                WatchdogStart
 .text.wdogIntervalTimeoutHandler
                0x00051d17       0x6a depend_Release_CSR102x_A05\watchdog_model_handler.o
 .text.WriteWatchdogModelDataOntoNVM
                0x00051d81       0x14 depend_Release_CSR102x_A05\watchdog_model_handler.o
                0x00051d81                WriteWatchdogModelDataOntoNVM
 .text.watchdogModelEventHandler
                0x00051d95       0x4c depend_Release_CSR102x_A05\watchdog_model_handler.o
 .text.ReadWatchdogModelDataFromNVM
                0x00051de1       0x14 depend_Release_CSR102x_A05\watchdog_model_handler.o
                0x00051de1                ReadWatchdogModelDataFromNVM
 .text.WatchdogModelHandlerInit
                0x00051df5       0x20 depend_Release_CSR102x_A05\watchdog_model_handler.o
                0x00051df5                WatchdogModelHandlerInit
 .text.ReportPanic
                0x00051e15        0x3 depend_Release_CSR102x_A05\app_util.o
                0x00051e15                ReportPanic
 .text.InitialiseGattData
                0x00051e18        0xc depend_Release_CSR102x_A05\connection_handler.o
                0x00051e18                InitialiseGattData
 .text.GetConnectedDeviceId
                0x00051e24        0x3 depend_Release_CSR102x_A05\connection_handler.o
                0x00051e24                GetConnectedDeviceId
 .text.IsGaiaOtauInProgress
                0x00051e27        0x3 depend_Release_CSR102x_A05\connection_handler.o
                0x00051e27                IsGaiaOtauInProgress
 .text.GaiaOtauUpgradedApplication
                0x00051e2a        0x3 depend_Release_CSR102x_A05\connection_handler.o
                0x00051e2a                GaiaOtauUpgradedApplication
 .text.IsGaiaOtauUpgradedApplication
                0x00051e2d        0x3 depend_Release_CSR102x_A05\connection_handler.o
                0x00051e2d                IsGaiaOtauUpgradedApplication
 .text.GetConnInterval
                0x00051e30        0x3 depend_Release_CSR102x_A05\connection_handler.o
                0x00051e30                GetConnInterval
 .text.GaiaOtauInProgress
                0x00051e33       0x1d depend_Release_CSR102x_A05\connection_handler.o
                0x00051e33                GaiaOtauInProgress
 .text.AppRequestConnParamUpdate
                0x00051e50       0x3e depend_Release_CSR102x_A05\connection_handler.o
                0x00051e50                AppRequestConnParamUpdate
 .text.AppSetState
                0x00051e8e       0x20 depend_Release_CSR102x_A05\connection_handler.o
                0x00051e8e                AppSetState
 .text.AppCMInit
                0x00051eae       0x22 depend_Release_CSR102x_A05\connection_handler.o
                0x00051eae                AppCMInit
 .text.handleConnNotify
                0x00051ed0       0x8f depend_Release_CSR102x_A05\connection_handler.o
 .text.appHandleConnMgrProcEvent
                0x00051f5f       0xbd depend_Release_CSR102x_A05\connection_handler.o
 .text.GattStopAdverts
                0x0005201c        0xc depend_Release_CSR102x_A05\advertisement_handler.o
                0x0005201c                GattStopAdverts
 .text.GattTriggerLOTAdverts
                0x00052028        0xa depend_Release_CSR102x_A05\advertisement_handler.o
                0x00052028                GattTriggerLOTAdverts
 .text.csrStoreUserAdvData
                0x00052032       0x2e depend_Release_CSR102x_A05\advertisement_handler.o
 .text.gattSetAdvertData
                0x00052060       0x95 depend_Release_CSR102x_A05\advertisement_handler.o
 .text.GattTriggerConnectableAdverts
                0x000520f5       0x60 depend_Release_CSR102x_A05\advertisement_handler.o
                0x000520f5                GattTriggerConnectableAdverts
 .text.gattAdvertTimerHandler
                0x00052155        0x9 depend_Release_CSR102x_A05\advertisement_handler.o
 .text.TimeModelDataInit
                0x0005215e       0x29 depend_Release_CSR102x_A05\time_model_handler.o
                0x0005215e                TimeModelDataInit
 .text.TimeModelHandlerInit
                0x00052187       0x10 depend_Release_CSR102x_A05\time_model_handler.o
                0x00052187                TimeModelHandlerInit
 .text.compTime48ForSkewDrift
                0x00052197       0x37 depend_Release_CSR102x_A05\time_model_handler.o
 .text.sendTimeBroadcast
                0x000521ce       0x28 depend_Release_CSR102x_A05\time_model_handler.o
 .text.tickTimerHandler
                0x000521f6       0x84 depend_Release_CSR102x_A05\time_model_handler.o
 .text.TimeModelGetUTC
                0x0005227a       0x5c depend_Release_CSR102x_A05\time_model_handler.o
                0x0005227a                TimeModelGetUTC
 .text.WriteTimeModelDataOntoNVM
                0x000522d6        0x8 depend_Release_CSR102x_A05\time_model_handler.o
                0x000522d6                WriteTimeModelDataOntoNVM
 .text.timeModelEventHandler
                0x000522de       0xb4 depend_Release_CSR102x_A05\time_model_handler.o
 .text.ReadTimeModelDataFromNVM
                0x00052392        0x8 depend_Release_CSR102x_A05\time_model_handler.o
                0x00052392                ReadTimeModelDataFromNVM
 .text.getDiffTimeInSeconds
                0x0005239a       0x6d depend_Release_CSR102x_A05\action_model_handler.o
 .text.getActionIdIndex
                0x00052407       0x24 depend_Release_CSR102x_A05\action_model_handler.o
 .text.getCurrentRefTime
                0x0005242b        0xc depend_Release_CSR102x_A05\action_model_handler.o
 .text.ActionModelDataInit
                0x00052437       0x2e depend_Release_CSR102x_A05\action_model_handler.o
                0x00052437                ActionModelDataInit
 .text.resetPktAssemblyInfo
                0x00052465       0x1d depend_Release_CSR102x_A05\action_model_handler.o
 .text.pktAssemblyTimeoutHandler
                0x00052482        0x6 depend_Release_CSR102x_A05\action_model_handler.o
 .text.ActionModelHandlerInit
                0x00052488        0xb depend_Release_CSR102x_A05\action_model_handler.o
                0x00052488                ActionModelHandlerInit
 .text.setTimerForNextAction
                0x00052493       0xd0 depend_Release_CSR102x_A05\action_model_handler.o
 .text.writeActionDataOnIndex
                0x00052563       0x78 depend_Release_CSR102x_A05\action_model_handler.o
 .text.WriteActionModelDataOntoNVM
                0x000525db        0xb depend_Release_CSR102x_A05\action_model_handler.o
                0x000525db                WriteActionModelDataOntoNVM
 .text.actionModelEventHandler
                0x000525e6      0x231 depend_Release_CSR102x_A05\action_model_handler.o
 .text.ActionModelSyncCurrentTime
                0x00052817       0x3d depend_Release_CSR102x_A05\action_model_handler.o
                0x00052817                ActionModelSyncCurrentTime
 .text.nextActionTimerHandler
                0x00052854       0x95 depend_Release_CSR102x_A05\action_model_handler.o
 .text.ReadActionModelDataFromNVM
                0x000528e9       0x95 depend_Release_CSR102x_A05\action_model_handler.o
                0x000528e9                ReadActionModelDataFromNVM
 .text.ExtensionModelDataInit
                0x0005297e       0x32 depend_Release_CSR102x_A05\extension_model_handler.o
                0x0005297e                ExtensionModelDataInit
 .text.ExtensionModelHandlerInit
                0x000529b0       0x1a depend_Release_CSR102x_A05\extension_model_handler.o
                0x000529b0                ExtensionModelHandlerInit
 .text.writeExtensionDataOnIndex
                0x000529ca       0x1b depend_Release_CSR102x_A05\extension_model_handler.o
 .text.extensionClientEventHandler
                0x000529e5       0x43 depend_Release_CSR102x_A05\extension_model_handler.o
 .text.WriteExtensionModelDataOntoNVM
                0x00052a28        0x8 depend_Release_CSR102x_A05\extension_model_handler.o
                0x00052a28                WriteExtensionModelDataOntoNVM
 .text.extendedMsgHandler
                0x00052a30       0x52 depend_Release_CSR102x_A05\extension_model_handler.o
 .text.extensionModelEventHandler
                0x00052a82       0xb8 depend_Release_CSR102x_A05\extension_model_handler.o
 .text.ReadExtensionModelDataFromNVM
                0x00052b3a       0x28 depend_Release_CSR102x_A05\extension_model_handler.o
                0x00052b3a                ReadExtensionModelDataFromNVM
 .text.LotModelHandlerInit
                0x00052b62       0x3b depend_Release_CSR102x_A05\largeobjecttransfer_model_handler.o
                0x00052b62                LotModelHandlerInit
 .text.lotModelEventHandler
                0x00052b9d       0xe0 depend_Release_CSR102x_A05\largeobjecttransfer_model_handler.o
 .text.updateStoreType
                0x00052c7d        0x2 depend_Release_CSR102x_A05\app_otau_handler.o
 .text.AppGaiaOtauDataInit
                0x00052c7f        0xa depend_Release_CSR102x_A05\app_otau_handler.o
                0x00052c7f                AppGaiaOtauDataInit
 .text.AppGaiaOtauInit
                0x00052c89        0xd depend_Release_CSR102x_A05\app_otau_handler.o
                0x00052c89                AppGaiaOtauInit
 .text.handleConnParamUpdateCallback
                0x00052c96        0xc depend_Release_CSR102x_A05\app_otau_handler.o
 .text.appHandleGaiaOtauEvent
                0x00052ca2      0x110 depend_Release_CSR102x_A05\app_otau_handler.o
 .text.appHandleGaiaEvent
                0x00052db2       0x14 depend_Release_CSR102x_A05\app_otau_handler.o
 .text.writeDeviceNameToNvm
                0x00052dc6       0x16 depend_Release_CSR102x_A05\gap_service.o
 .text.handleConnMgrProcedureEvent
                0x00052ddc       0x53 depend_Release_CSR102x_A05\gap_service.o
 .text.serviceDataInit
                0x00052e2f       0x1b depend_Release_CSR102x_A05\gap_service.o
 .text.GapInitServerServiceNoBond
                0x00052e4a       0x12 depend_Release_CSR102x_A05\gap_service.o
                0x00052e4a                GapInitServerServiceNoBond
 .text.GapGetNameAndLength
                0x00052e5c        0xc depend_Release_CSR102x_A05\gap_service.o
                0x00052e5c                GapGetNameAndLength
 .text.writeToNvm
                0x00052e68       0x1f depend_Release_CSR102x_A05\gatt_service.o
 .text.handleConnMgrProcedureEvent
                0x00052e87       0x85 depend_Release_CSR102x_A05\gatt_service.o
 .text.readDataFromNVM
                0x00052f0c       0x30 depend_Release_CSR102x_A05\gatt_service.o
 .text.GattExtInitServerService
                0x00052f3c       0x24 depend_Release_CSR102x_A05\gatt_service.o
                0x00052f3c                GattExtInitServerService
 .text.MeshControlServiceDataInit
                0x00052f60        0x8 depend_Release_CSR102x_A05\mesh_control_service.o
                0x00052f60                MeshControlServiceDataInit
 .text.MeshControlNotifyResponse
                0x00052f68       0x2a depend_Release_CSR102x_A05\mesh_control_service.o
                0x00052f68                MeshControlNotifyResponse
 .text.MeshControlInitServerService
                0x00052f92       0x12 depend_Release_CSR102x_A05\mesh_control_service.o
                0x00052f92                MeshControlInitServerService
 .text.handleAccessRead
                0x00052fa4       0x3f depend_Release_CSR102x_A05\mesh_control_service.o
 .text.handleAccessWrite
                0x00052fe3       0xa0 depend_Release_CSR102x_A05\mesh_control_service.o
 .text.handleConnMgrProcedureEvent
                0x00053083        0xe depend_Release_CSR102x_A05\mesh_control_service.o
 .text.SetUint8InArray
                0x00053091        0x7 depend_Release_CSR102x_A05\byte_utils.o
                0x00053091                SetUint8InArray
 .text.SetUint16InArray
                0x00053098        0xd depend_Release_CSR102x_A05\byte_utils.o
                0x00053098                SetUint16InArray
 .text.SetUint32InArray
                0x000530a5       0x16 depend_Release_CSR102x_A05\byte_utils.o
                0x000530a5                SetUint32InArray
 .text.GetUint8FromArray
                0x000530bb        0x4 depend_Release_CSR102x_A05\byte_utils.o
                0x000530bb                GetUint8FromArray
 .text.GetUint16FromArray
                0x000530bf        0x6 depend_Release_CSR102x_A05\byte_utils.o
                0x000530bf                GetUint16FromArray
 .text.GetUint32FromArray
                0x000530c5       0x1b depend_Release_CSR102x_A05\byte_utils.o
                0x000530c5                GetUint32FromArray
 .text.SwapBytes
                0x000530e0       0x1d depend_Release_CSR102x_A05\byte_utils.o
                0x000530e0                SwapBytes
 .text.BufReadUint16BE
                0x000530fd        0xc depend_Release_CSR102x_A05\byte_utils.o
                0x000530fd                BufReadUint16BE
 .text.notifyApplication
                0x00053109       0x15 depend_Release_CSR102x_A05\gaia.o
 .text.GaiaLibInit
                0x0005311e        0x9 depend_Release_CSR102x_A05\gaia.o
                0x0005311e                GaiaLibInit
 .text.GaiaLibHandleConnNotify
                0x00053127        0x1 depend_Release_CSR102x_A05\gaia.o
                0x00053127                GaiaLibHandleConnNotify
 .text.GaiaRegisterCallback
                0x00053128        0x5 depend_Release_CSR102x_A05\gaia.o
                0x00053128                GaiaRegisterCallback
 .text.GaiaSendPacket
                0x0005312d       0x2b depend_Release_CSR102x_A05\gaia.o
                0x0005312d                GaiaSendPacket
 .text.GAIAProcessCommand
                0x00053158      0x124 depend_Release_CSR102x_A05\gaia.o
                0x00053158                GAIAProcessCommand
 .text.initStateVariables
                0x0005327c       0x17 depend_Release_CSR102x_A05\gaia_otau.o
 .text.notifyApplication
                0x00053293       0x15 depend_Release_CSR102x_A05\gaia_otau.o
 .text.notifyApplicationRebootWarning
                0x000532a8        0xa depend_Release_CSR102x_A05\gaia_otau.o
 .text.isNewApp
                0x000532b2        0x9 depend_Release_CSR102x_A05\gaia_otau.o
 .text.getAppStoreToUpgrade
                0x000532bb       0x10 depend_Release_CSR102x_A05\gaia_otau.o
 .text.GaiaOtauConfigStoreMsg
                0x000532cb       0x1a depend_Release_CSR102x_A05\gaia_otau.o
                0x000532cb                GaiaOtauConfigStoreMsg
 .text.GaiaOtauRegisterCallback
                0x000532e5        0x5 depend_Release_CSR102x_A05\gaia_otau.o
                0x000532e5                GaiaOtauRegisterCallback
 .text.GaiaOtauHandleConnNotify
                0x000532ea       0x1f depend_Release_CSR102x_A05\gaia_otau.o
                0x000532ea                GaiaOtauHandleConnNotify
 .text.setDefaultNVM
                0x00053309       0x1a depend_Release_CSR102x_A05\gaia_otau.o
 .text.hostCommitTimeoutHandler
                0x00053323       0x15 depend_Release_CSR102x_A05\gaia_otau.o
 .text.upgradeDeviceSendErrorInd
                0x00053338       0x33 depend_Release_CSR102x_A05\gaia_otau.o
 .text.handleVmUpgradeHostSyncReq
                0x0005336b       0x7f depend_Release_CSR102x_A05\gaia_otau.o
 .text.GaiaOtauContinueUpgrade
                0x000533ea        0xf depend_Release_CSR102x_A05\gaia_otau.o
                0x000533ea                GaiaOtauContinueUpgrade
 .text.upgradeDeviceSendDataBytesReq
                0x000533f9       0x43 depend_Release_CSR102x_A05\gaia_otau.o
 .text.upgradeDeviceSendValidationCfm
                0x0005343c       0x2f depend_Release_CSR102x_A05\gaia_otau.o
 .text.GaiaOtauHandleStoreUpdateMsg
                0x0005346b       0xb0 depend_Release_CSR102x_A05\gaia_otau.o
                0x0005346b                GaiaOtauHandleStoreUpdateMsg
 .text.hostCommitTimeoutCreate
                0x0005351b       0x15 depend_Release_CSR102x_A05\gaia_otau.o
 .text.upgradeDeviceSendStartCfm
                0x00053530       0x3c depend_Release_CSR102x_A05\gaia_otau.o
 .text.handleOtauFileTransfer
                0x0005356c      0x211 depend_Release_CSR102x_A05\gaia_otau.o
 .text.hostCommitTimeoutDelete
                0x0005377d        0xc depend_Release_CSR102x_A05\gaia_otau.o
 .text.runNewApp
                0x00053789       0x16 depend_Release_CSR102x_A05\gaia_otau.o
 .text.GaiaOtauHandleVmUpgradeControlCommand
                0x0005379f      0x142 depend_Release_CSR102x_A05\gaia_otau.o
                0x0005379f                GaiaOtauHandleVmUpgradeControlCommand
 .text.GaiaOtauInit
                0x000538e1       0x40 depend_Release_CSR102x_A05\gaia_otau.o
                0x000538e1                GaiaOtauInit
 .text.GAIASendNotification
                0x00053921       0x28 depend_Release_CSR102x_A05\gaia_service.o
                0x00053921                GAIASendNotification
 .text.handleConnMgrProcedureEvent
                0x00053949       0x89 depend_Release_CSR102x_A05\gaia_service.o
 .text.GAIAInitServerService
                0x000539d2       0x38 depend_Release_CSR102x_A05\gaia_service.o
                0x000539d2                GAIAInitServerService
 .text.AppProcessEvent
                0x00053a0a       0x61 depend_Release_CSR102x_A05\main_app.o
                0x00053a0a                AppProcessEvent
 .text.AppProcessSystemEvent
                0x00053a6b        0xc depend_Release_CSR102x_A05\main_app.o
                0x00053a6b                AppProcessSystemEvent
 .text.AppNvmReady
                0x00053a77        0xd depend_Release_CSR102x_A05\main_app.o
                0x00053a77                AppNvmReady
 .text.AppInit  0x00053a84       0x15 depend_Release_CSR102x_A05\main_app.o
                0x00053a84                AppInit
 .text.AppDataInit
                0x00053a99        0x8 depend_Release_CSR102x_A05\main_app.o
                0x00053a99                AppDataInit
 .text.InitAppSupportedServices
                0x00053aa1       0x21 depend_Release_CSR102x_A05\main_app.o
                0x00053aa1                InitAppSupportedServices
 .text.writeSupportedModelGroupsOntoNVM
                0x00053ac2       0x2a depend_Release_CSR102x_A05\app_mesh_handler.o
 .text.HandleGroupSetMsg
                0x00053aec       0x78 depend_Release_CSR102x_A05\app_mesh_handler.o
                0x00053aec                HandleGroupSetMsg
 .text.AppHandleCurrentTimeUpdate
                0x00053b64        0x2 depend_Release_CSR102x_A05\app_mesh_handler.o
                0x00053b64                AppHandleCurrentTimeUpdate
 .text.AppLightSetLevel
                0x00053b66       0x12 depend_Release_CSR102x_A05\app_mesh_handler.o
                0x00053b66                AppLightSetLevel
 .text.AppPowerSetState
                0x00053b78       0x12 depend_Release_CSR102x_A05\app_mesh_handler.o
                0x00053b78                AppPowerSetState
 .text.RestoreLightState
                0x00053b8a       0x1d depend_Release_CSR102x_A05\app_mesh_handler.o
                0x00053b8a                RestoreLightState
 .text.AppHandleAssociationComplete
                0x00053ba7        0x5 depend_Release_CSR102x_A05\app_mesh_handler.o
                0x00053ba7                AppHandleAssociationComplete
 .text.SetScanDutyCycle
                0x00053bac        0xe depend_Release_CSR102x_A05\app_mesh_handler.o
                0x00053bac                SetScanDutyCycle
 .text.EnableHighDutyScanMode
                0x00053bba        0xd depend_Release_CSR102x_A05\app_mesh_handler.o
                0x00053bba                EnableHighDutyScanMode
 .text.initializeSupportedModelGroups
                0x00053bc7        0xc depend_Release_CSR102x_A05\app_mesh_handler.o
 .text.RemoveAssociation
                0x00053bd3       0x60 depend_Release_CSR102x_A05\app_mesh_handler.o
                0x00053bd3                RemoveAssociation
 .text.readPersistentStore
                0x00053c33      0x112 depend_Release_CSR102x_A05\app_mesh_handler.o
 .text.AppMeshInit
                0x00053d45       0xc4 depend_Release_CSR102x_A05\app_mesh_handler.o
                0x00053d45                AppMeshInit
 .text.WriteSwitchDataOntoNVM
                0x00053e09        0xa depend_Release_CSR102x_A05\app_hw.o
                0x00053e09                WriteSwitchDataOntoNVM
 .text.ReadSwitchDataFromNVM
                0x00053e13        0xa depend_Release_CSR102x_A05\app_hw.o
                0x00053e13                ReadSwitchDataFromNVM
 .text.HandlePIOChangedEvent
                0x00053e1d       0x73 depend_Release_CSR102x_A05\app_hw.o
                0x00053e1d                HandlePIOChangedEvent
 .text.handleButtonDebounce
                0x00053e90      0x137 depend_Release_CSR102x_A05\app_hw.o
 .text.SwitchHardwareInit
                0x00053fc7        0xd depend_Release_CSR102x_A05\app_hw.o
                0x00053fc7                SwitchHardwareInit
 .text.CSRmeshRegisterAppCallback
                0x00053fd4       0x14 ..\mesh_common\mesh\libraries\CSR102x_A05\libcsrmesh.a(csr_mesh.o)
                0x00053fd4                CSRmeshRegisterAppCallback
 .text.CSRmeshGetDeviceID
                0x00053fe8       0x21 ..\mesh_common\mesh\libraries\CSR102x_A05\libcsrmesh.a(csr_mesh.o)
                0x00053fe8                CSRmeshGetDeviceID
 .text.___libcsrmesh_90
                0x00054009       0x1a ..\mesh_common\mesh\libraries\CSR102x_A05\libcsrmesh.a(csr_mesh.o)
                0x00054009                ___libcsrmesh_90
 .text.___libcsrmesh_86
                0x00054023       0x1a ..\mesh_common\mesh\libraries\CSR102x_A05\libcsrmesh.a(csr_mesh.o)
                0x00054023                ___libcsrmesh_86
 .text.___libcsrmesh_85
                0x0005403d        0xc ..\mesh_common\mesh\libraries\CSR102x_A05\libcsrmesh.a(csr_mesh.o)
                0x0005403d                ___libcsrmesh_85
 .text.CSRmeshGetDefaultTTL
                0x00054049       0x1b ..\mesh_common\mesh\libraries\CSR102x_A05\libcsrmesh.a(csr_mesh.o)
                0x00054049                CSRmeshGetDefaultTTL
 .text.CSRmeshSetDefaultTTL
                0x00054064       0x10 ..\mesh_common\mesh\libraries\CSR102x_A05\libcsrmesh.a(csr_mesh.o)
                0x00054064                CSRmeshSetDefaultTTL
 .text.CSRmeshDisableSequenceCache
                0x00054074        0x2 ..\mesh_common\mesh\libraries\CSR102x_A05\libcsrmesh.a(csr_mesh.o)
                0x00054074                CSRmeshDisableSequenceCache
 .text.CSRmeshSetTransmitState
                0x00054076       0x27 ..\mesh_common\mesh\libraries\CSR102x_A05\libcsrmesh.a(csr_mesh.o)
                0x00054076                CSRmeshSetTransmitState
 .text.___libcsrmesh_84
                0x0005409d        0x9 ..\mesh_common\mesh\libraries\CSR102x_A05\libcsrmesh.a(csr_mesh.o)
                0x0005409d                ___libcsrmesh_84
 .text.___libcsrmesh_88
                0x000540a6       0x31 ..\mesh_common\mesh\libraries\CSR102x_A05\libcsrmesh.a(csr_mesh.o)
                0x000540a6                ___libcsrmesh_88
 .text.CSRmeshRemoveNetwork
                0x000540d7       0x24 ..\mesh_common\mesh\libraries\CSR102x_A05\libcsrmesh.a(csr_mesh.o)
                0x000540d7                CSRmeshRemoveNetwork
 .text.CSRMeshUpdateMeshContextData
                0x000540fb       0x9a ..\mesh_common\mesh\libraries\CSR102x_A05\libcsrmesh.a(csr_mesh.o)
 .text.CSRmeshStop
                0x00054195       0x18 ..\mesh_common\mesh\libraries\CSR102x_A05\libcsrmesh.a(csr_mesh.o)
                0x00054195                CSRmeshStop
 .text.CSRmeshStart
                0x000541ad       0x20 ..\mesh_common\mesh\libraries\CSR102x_A05\libcsrmesh.a(csr_mesh.o)
                0x000541ad                CSRmeshStart
 .text.CSRMeshUpdateConfigRole
                0x000541cd       0x14 ..\mesh_common\mesh\libraries\CSR102x_A05\libcsrmesh.a(csr_mesh.o)
 .text.CSRmeshInit
                0x000541e1       0x67 ..\mesh_common\mesh\libraries\CSR102x_A05\libcsrmesh.a(csr_mesh.o)
                0x000541e1                CSRmeshInit
 .text.___libcsrmesh_215
                0x00054248       0x22 ..\mesh_common\mesh\libraries\CSR102x_A05\libcsrmesh.a(csr_mesh_masp_mcp_common.o)
                0x00054248                ___libcsrmesh_215
 .text.___libcsrmesh_281
                0x0005426a        0x5 ..\mesh_common\mesh\libraries\CSR102x_A05\libcsrmesh.a(csr_mesh_mtl.o)
                0x0005426a                ___libcsrmesh_281
 .text.___libcsrmesh_273
                0x0005426f        0x6 ..\mesh_common\mesh\libraries\CSR102x_A05\libcsrmesh.a(csr_mesh_mtl.o)
                0x0005426f                ___libcsrmesh_273
 .text.___libcsrmesh_274
                0x00054275        0x5 ..\mesh_common\mesh\libraries\CSR102x_A05\libcsrmesh.a(csr_mesh_mtl.o)
                0x00054275                ___libcsrmesh_274
 .text.___libcsrmesh_270
                0x0005427a        0x7 ..\mesh_common\mesh\libraries\CSR102x_A05\libcsrmesh.a(csr_mesh_mtl.o)
                0x0005427a                ___libcsrmesh_270
 .text.___libcsrmesh_278
                0x00054281       0x6c ..\mesh_common\mesh\libraries\CSR102x_A05\libcsrmesh.a(csr_mesh_mtl.o)
                0x00054281                ___libcsrmesh_278
 .text.___libcsrmesh_282
                0x000542ed       0x21 ..\mesh_common\mesh\libraries\CSR102x_A05\libcsrmesh.a(csr_mesh_mtl.o)
                0x000542ed                ___libcsrmesh_282
 .text.___libcsrmesh_283
                0x0005430e       0x23 ..\mesh_common\mesh\libraries\CSR102x_A05\libcsrmesh.a(csr_mesh_mtl.o)
                0x0005430e                ___libcsrmesh_283
 .text.___libcsrmesh_272
                0x00054331       0x2d ..\mesh_common\mesh\libraries\CSR102x_A05\libcsrmesh.a(csr_mesh_mtl.o)
                0x00054331                ___libcsrmesh_272
 .text.MtlCryptMessage
                0x0005435e       0x28 ..\mesh_common\mesh\libraries\CSR102x_A05\libcsrmesh.a(csr_mesh_mtl.o)
 .text.___libcsrmesh_276
                0x00054386      0x22b ..\mesh_common\mesh\libraries\CSR102x_A05\libcsrmesh.a(csr_mesh_mtl.o)
                0x00054386                ___libcsrmesh_276
 .text.___libcsrmesh_279
                0x000545b1       0x59 ..\mesh_common\mesh\libraries\CSR102x_A05\libcsrmesh.a(csr_mesh_mtl.o)
                0x000545b1                ___libcsrmesh_279
 .text.___libcsrmesh_271
                0x0005460a       0x1e ..\mesh_common\mesh\libraries\CSR102x_A05\libcsrmesh.a(csr_mesh_mtl.o)
                0x0005460a                ___libcsrmesh_271
 .text.___libcsrmesh_284
                0x00054628       0x33 ..\mesh_common\mesh\libraries\CSR102x_A05\libcsrmesh.a(csr_mesh_mtl.o)
                0x00054628                ___libcsrmesh_284
 .text.___libcsrmesh_118
                0x0005465b        0x3 ..\mesh_common\mesh\libraries\CSR102x_A05\libcsrmesh.a(csr_mesh_ec_alloc.o)
                0x0005465b                ___libcsrmesh_118
 .text.___libcsrmesh_119
                0x0005465e        0x1 ..\mesh_common\mesh\libraries\CSR102x_A05\libcsrmesh.a(csr_mesh_ec_alloc.o)
                0x0005465e                ___libcsrmesh_119
 .text.___libcsrmesh_117
                0x0005465f        0xa ..\mesh_common\mesh\libraries\CSR102x_A05\libcsrmesh.a(csr_mesh_ec_alloc.o)
                0x0005465f                ___libcsrmesh_117
 .text.___libcsrmesh_116
                0x00054669       0x1f ..\mesh_common\mesh\libraries\CSR102x_A05\libcsrmesh.a(csr_mesh_ec_alloc.o)
                0x00054669                ___libcsrmesh_116
 .text.maspFreeConfirmationBuffers
                0x00054688       0x12 ..\mesh_common\mesh\libraries\CSR102x_A05\libcsrmesh.a(csr_mesh_masp.o)
 .text.maspFreeClientPublicKeyBuffer
                0x0005469a        0xc ..\mesh_common\mesh\libraries\CSR102x_A05\libcsrmesh.a(csr_mesh_masp.o)
 .text.maspFreeAlgoBuffer
                0x000546a6        0xa ..\mesh_common\mesh\libraries\CSR102x_A05\libcsrmesh.a(csr_mesh_masp.o)
 .text.maspAllocNmakeKeyPair
                0x000546b0       0x17 ..\mesh_common\mesh\libraries\CSR102x_A05\libcsrmesh.a(csr_mesh_masp.o)
 .text.maspAllocAlgoBuffer
                0x000546c7        0x6 ..\mesh_common\mesh\libraries\CSR102x_A05\libcsrmesh.a(csr_mesh_masp.o)
 .text.maspAllocClientPublicKeyBuffer
                0x000546cd       0x12 ..\mesh_common\mesh\libraries\CSR102x_A05\libcsrmesh.a(csr_mesh_masp.o)
 .text.maspSendEventToApp
                0x000546df       0x28 ..\mesh_common\mesh\libraries\CSR102x_A05\libcsrmesh.a(csr_mesh_masp.o)
 .text.maspResetState
                0x00054707       0x61 ..\mesh_common\mesh\libraries\CSR102x_A05\libcsrmesh.a(csr_mesh_masp.o)
 .text.___libcsrmesh_208
                0x00054768        0x2 ..\mesh_common\mesh\libraries\CSR102x_A05\libcsrmesh.a(csr_mesh_masp.o)
                0x00054768                ___libcsrmesh_208
 .text.maspPrepareKeyIVDistributionAckResponse
                0x0005476a       0x1d ..\mesh_common\mesh\libraries\CSR102x_A05\libcsrmesh.a(csr_mesh_masp.o)
 .text.___libcsrmesh_212
                0x00054787       0x15 ..\mesh_common\mesh\libraries\CSR102x_A05\libcsrmesh.a(csr_mesh_masp.o)
                0x00054787                ___libcsrmesh_212
 .text.___libcsrmesh_204
                0x0005479c        0x9 ..\mesh_common\mesh\libraries\CSR102x_A05\libcsrmesh.a(csr_mesh_masp.o)
                0x0005479c                ___libcsrmesh_204
 .text.maspCalculateConfirmation
                0x000547a5       0x51 ..\mesh_common\mesh\libraries\CSR102x_A05\libcsrmesh.a(csr_mesh_masp.o)
 .text.maspGenerateNetworkIdentifier
                0x000547f6       0x26 ..\mesh_common\mesh\libraries\CSR102x_A05\libcsrmesh.a(csr_mesh_masp.o)
 .text.maspGenerateKeyIVStateSignature
                0x0005481c       0x36 ..\mesh_common\mesh\libraries\CSR102x_A05\libcsrmesh.a(csr_mesh_masp.o)
 .text.maspAllocConfirmationBuffers
                0x00054852       0x26 ..\mesh_common\mesh\libraries\CSR102x_A05\libcsrmesh.a(csr_mesh_masp.o)
 .text.___libcsrmesh_205
                0x00054878       0x10 ..\mesh_common\mesh\libraries\CSR102x_A05\libcsrmesh.a(csr_mesh_masp.o)
                0x00054878                ___libcsrmesh_205
 .text.maspGenerateRandom
                0x00054888       0x2a ..\mesh_common\mesh\libraries\CSR102x_A05\libcsrmesh.a(csr_mesh_masp.o)
 .text.maspUpdateKeyIVStatus
                0x000548b2       0x65 ..\mesh_common\mesh\libraries\CSR102x_A05\libcsrmesh.a(csr_mesh_masp.o)
 .text.maspSendMessage
                0x00054917       0x44 ..\mesh_common\mesh\libraries\CSR102x_A05\libcsrmesh.a(csr_mesh_masp.o)
 .text.handleMaspMessage
                0x0005495b      0x503 ..\mesh_common\mesh\libraries\CSR102x_A05\libcsrmesh.a(csr_mesh_masp.o)
 .text.___libcsrmesh_207
                0x00054e5e       0x58 ..\mesh_common\mesh\libraries\CSR102x_A05\libcsrmesh.a(csr_mesh_masp.o)
                0x00054e5e                ___libcsrmesh_207
 .text.maspWatchdogTimeoutHandler
                0x00054eb6       0x1f ..\mesh_common\mesh\libraries\CSR102x_A05\libcsrmesh.a(csr_mesh_masp.o)
 .text.___libcsrmesh_206
                0x00054ed5       0x57 ..\mesh_common\mesh\libraries\CSR102x_A05\libcsrmesh.a(csr_mesh_masp.o)
                0x00054ed5                ___libcsrmesh_206
 .text.___libcsrmesh_237
                0x00054f2c       0x11 ..\mesh_common\mesh\libraries\CSR102x_A05\libcsrmesh.a(csr_mesh_mcp.o)
                0x00054f2c                ___libcsrmesh_237
 .text.___libcsrmesh_236
                0x00054f3d       0x18 ..\mesh_common\mesh\libraries\CSR102x_A05\libcsrmesh.a(csr_mesh_mcp.o)
                0x00054f3d                ___libcsrmesh_236
 .text.___libcsrmesh_247
                0x00054f55        0x8 ..\mesh_common\mesh\libraries\CSR102x_A05\libcsrmesh.a(csr_mesh_mcp.o)
                0x00054f55                ___libcsrmesh_247
 .text.___libcsrmesh_246
                0x00054f5d        0x3 ..\mesh_common\mesh\libraries\CSR102x_A05\libcsrmesh.a(csr_mesh_mcp.o)
                0x00054f5d                ___libcsrmesh_246
 .text.___libcsrmesh_233
                0x00054f60        0x3 ..\mesh_common\mesh\libraries\CSR102x_A05\libcsrmesh.a(csr_mesh_mcp.o)
                0x00054f60                ___libcsrmesh_233
 .text.___libcsrmesh_235
                0x00054f63        0x3 ..\mesh_common\mesh\libraries\CSR102x_A05\libcsrmesh.a(csr_mesh_mcp.o)
                0x00054f63                ___libcsrmesh_235
 .text.___libcsrmesh_232
                0x00054f66       0x32 ..\mesh_common\mesh\libraries\CSR102x_A05\libcsrmesh.a(csr_mesh_mcp.o)
                0x00054f66                ___libcsrmesh_232
 .text.___libcsrmesh_241
                0x00054f98       0x83 ..\mesh_common\mesh\libraries\CSR102x_A05\libcsrmesh.a(csr_mesh_mcp.o)
                0x00054f98                ___libcsrmesh_241
 .text.___libcsrmesh_245
                0x0005501b       0x13 ..\mesh_common\mesh\libraries\CSR102x_A05\libcsrmesh.a(csr_mesh_mcp.o)
                0x0005501b                ___libcsrmesh_245
 .text.___libcsrmesh_239
                0x0005502e      0x22e ..\mesh_common\mesh\libraries\CSR102x_A05\libcsrmesh.a(csr_mesh_mcp.o)
                0x0005502e                ___libcsrmesh_239
 .text.___libcsrmesh_234
                0x0005525c        0x5 ..\mesh_common\mesh\libraries\CSR102x_A05\libcsrmesh.a(csr_mesh_mcp.o)
                0x0005525c                ___libcsrmesh_234
 .text.___libcsrmesh_459
                0x00055261       0x2e ..\mesh_common\mesh\libraries\CSR102x_A05\libcsrmesh.a(csr_mesh_mcp.o)
                0x00055261                ___libcsrmesh_459
 .text.___libcsrmesh_238
                0x0005528f       0x4f ..\mesh_common\mesh\libraries\CSR102x_A05\libcsrmesh.a(csr_mesh_mcp.o)
                0x0005528f                ___libcsrmesh_238
 .text.___libcsrmesh_297
                0x000552de       0x97 ..\mesh_common\mesh\libraries\CSR102x_A05\libcsrmesh.a(csr_mesh_sha256_get_results.o)
                0x000552de                ___libcsrmesh_297
 .text.___libcsrmesh_308
                0x00055375       0x24 ..\mesh_common\mesh\libraries\CSR102x_A05\libcsrmesh.a(csr_mesh_sha256_hmac.o)
                0x00055375                ___libcsrmesh_308
 .text.___libcsrmesh_304
                0x00055399       0x43 ..\mesh_common\mesh\libraries\CSR102x_A05\libcsrmesh.a(csr_mesh_sha256_hmac.o)
                0x00055399                ___libcsrmesh_304
 .text.CSRmeshCalculateSHA256Hash
                0x000553dc       0x22 ..\mesh_common\mesh\libraries\CSR102x_A05\libcsrmesh.a(csr_mesh_sha256_hmac.o)
                0x000553dc                CSRmeshCalculateSHA256Hash
 .text.___libcsrmesh_307
                0x000553fe       0x3d ..\mesh_common\mesh\libraries\CSR102x_A05\libcsrmesh.a(csr_mesh_sha256_hmac.o)
                0x000553fe                ___libcsrmesh_307
 .text.___libcsrmesh_305
                0x0005543b       0x79 ..\mesh_common\mesh\libraries\CSR102x_A05\libcsrmesh.a(csr_mesh_sha256_hmac.o)
                0x0005543b                ___libcsrmesh_305
 .text.___libcsrmesh_311
                0x000554b4       0x19 ..\mesh_common\mesh\libraries\CSR102x_A05\libcsrmesh.a(csr_mesh_sha256_initialise.o)
                0x000554b4                ___libcsrmesh_311
 .text.sha256_process_data
                0x000554cd       0x85 ..\mesh_common\mesh\libraries\CSR102x_A05\libcsrmesh.a(csr_mesh_sha256_process_data.o)
 .text.___libcsrmesh_317
                0x00055552        0xc ..\mesh_common\mesh\libraries\CSR102x_A05\libcsrmesh.a(csr_mesh_sha256_process_data.o)
                0x00055552                ___libcsrmesh_317
 .text.___libcsrmesh_318
                0x0005555e        0xa ..\mesh_common\mesh\libraries\CSR102x_A05\libcsrmesh.a(csr_mesh_sha256_process_data.o)
                0x0005555e                ___libcsrmesh_318
 .text.___libcsrmesh_337
                0x00055568       0x11 ..\mesh_common\mesh\libraries\CSR102x_A05\libcsrmesh.a(csr_mesh_bearer.o)
                0x00055568                ___libcsrmesh_337
 .text.___libcsrmesh_330
                0x00055579       0x25 ..\mesh_common\mesh\libraries\CSR102x_A05\libcsrmesh.a(csr_mesh_bearer.o)
                0x00055579                ___libcsrmesh_330
 .text.___libcsrmesh_336
                0x0005559e        0xa ..\mesh_common\mesh\libraries\CSR102x_A05\libcsrmesh.a(csr_mesh_bearer.o)
                0x0005559e                ___libcsrmesh_336
 .text.___libcsrmesh_335
                0x000555a8       0x1f ..\mesh_common\mesh\libraries\CSR102x_A05\libcsrmesh.a(csr_mesh_bearer.o)
                0x000555a8                ___libcsrmesh_335
 .text.___libcsrmesh_332
                0x000555c7        0x8 ..\mesh_common\mesh\libraries\CSR102x_A05\libcsrmesh.a(csr_mesh_bearer.o)
                0x000555c7                ___libcsrmesh_332
 .text.___libcsrmesh_331
                0x000555cf       0x35 ..\mesh_common\mesh\libraries\CSR102x_A05\libcsrmesh.a(csr_mesh_bearer.o)
                0x000555cf                ___libcsrmesh_331
 .text.___libcsrmesh_333
                0x00055604       0x21 ..\mesh_common\mesh\libraries\CSR102x_A05\libcsrmesh.a(csr_mesh_bearer.o)
                0x00055604                ___libcsrmesh_333
 .text.___libcsrmesh_329
                0x00055625        0x8 ..\mesh_common\mesh\libraries\CSR102x_A05\libcsrmesh.a(csr_mesh_bearer.o)
                0x00055625                ___libcsrmesh_329
 .text.___libcsrmesh_334
                0x0005562d       0x62 ..\mesh_common\mesh\libraries\CSR102x_A05\libcsrmesh.a(csr_mesh_bearer.o)
                0x0005562d                ___libcsrmesh_334
 .text.___libcsrmesh_353
                0x0005568f       0x11 ..\mesh_common\mesh\libraries\CSR102x_A05\libcsrmesh.a(csr_mesh_bearer_porting_util.o)
                0x0005568f                ___libcsrmesh_353
 .text.___libcsrmesh_350
                0x000556a0       0x19 ..\mesh_common\mesh\libraries\CSR102x_A05\libcsrmesh.a(csr_mesh_bearer_porting_util.o)
                0x000556a0                ___libcsrmesh_350
 .text.___libcsrmesh_352
                0x000556b9       0x1d ..\mesh_common\mesh\libraries\CSR102x_A05\libcsrmesh.a(csr_mesh_bearer_porting_util.o)
                0x000556b9                ___libcsrmesh_352
 .text.___libcsrmesh_355
                0x000556d6        0x3 ..\mesh_common\mesh\libraries\CSR102x_A05\libcsrmesh.a(csr_mesh_bearer_porting_util.o)
                0x000556d6                ___libcsrmesh_355
 .text.___libcsrmesh_354
                0x000556d9        0x3 ..\mesh_common\mesh\libraries\CSR102x_A05\libcsrmesh.a(csr_mesh_bearer_porting_util.o)
                0x000556d9                ___libcsrmesh_354
 .text.___libcsrmesh_351
                0x000556dc       0x58 ..\mesh_common\mesh\libraries\CSR102x_A05\libcsrmesh.a(csr_mesh_bearer_porting_util.o)
                0x000556dc                ___libcsrmesh_351
 .text.checkMessageInTransmitQueue
                0x00055734       0x40 ..\mesh_common\mesh\libraries\CSR102x_A05\libcsrmesh.a(csr_mesh_bearer_porting_util.o)
 .text.___libcsrmesh_349
                0x00055774       0x74 ..\mesh_common\mesh\libraries\CSR102x_A05\libcsrmesh.a(csr_mesh_bearer_porting_util.o)
                0x00055774                ___libcsrmesh_349
 .text.CSRSchedGetScanDutyCycle
                0x000557e8       0x1b ..\mesh_common\mesh\libraries\CSR102x_A05\libcsrmesh.a(csr1010_scheduler.o)
                0x000557e8                CSRSchedGetScanDutyCycle
 .text.IsCSRSchedRunning
                0x00055803        0x5 ..\mesh_common\mesh\libraries\CSR102x_A05\libcsrmesh.a(csr1010_scheduler.o)
                0x00055803                IsCSRSchedRunning
 .text.CSRSchedLeAdvScanDisable
                0x00055808       0x12 ..\mesh_common\mesh\libraries\CSR102x_A05\libcsrmesh.a(csr1010_scheduler.o)
 .text.CSRSchedLeStartScan
                0x0005581a       0x44 ..\mesh_common\mesh\libraries\CSR102x_A05\libcsrmesh.a(csr1010_scheduler.o)
 .text.CSRSchedEnableListening
                0x0005585e       0x13 ..\mesh_common\mesh\libraries\CSR102x_A05\libcsrmesh.a(csr1010_scheduler.o)
                0x0005585e                CSRSchedEnableListening
 .text.CSRSchedSetScanDutyCycle
                0x00055871       0xc8 ..\mesh_common\mesh\libraries\CSR102x_A05\libcsrmesh.a(csr1010_scheduler.o)
                0x00055871                CSRSchedSetScanDutyCycle
 .text.CSRSchedHandleIncomingData
                0x00055939       0x4f ..\mesh_common\mesh\libraries\CSR102x_A05\libcsrmesh.a(csr1010_scheduler.o)
                0x00055939                CSRSchedHandleIncomingData
 .text.CSRSchedMeshLeStartAdverts
                0x00055988       0xa0 ..\mesh_common\mesh\libraries\CSR102x_A05\libcsrmesh.a(csr1010_scheduler.o)
 .text.CSRSchedSendPriorityMsg
                0x00055a28       0x22 ..\mesh_common\mesh\libraries\CSR102x_A05\libcsrmesh.a(csr1010_scheduler.o)
                0x00055a28                CSRSchedSendPriorityMsg
 .text.CSRSchedAdvertTimeoutHandler
                0x00055a4a       0x6e ..\mesh_common\mesh\libraries\CSR102x_A05\libcsrmesh.a(csr1010_scheduler.o)
 .text.CSRSchedLeStartUserAdverts
                0x00055ab8       0x7c ..\mesh_common\mesh\libraries\CSR102x_A05\libcsrmesh.a(csr1010_scheduler.o)
 .text.CSRSchedMeshLeStartAdvertsFromQueue
                0x00055b34       0x13 ..\mesh_common\mesh\libraries\CSR102x_A05\libcsrmesh.a(csr1010_scheduler.o)
 .text.CSRSchedScanTimeoutHandler
                0x00055b47       0x13 ..\mesh_common\mesh\libraries\CSR102x_A05\libcsrmesh.a(csr1010_scheduler.o)
 .text.CSRSchedStart
                0x00055b5a       0x24 ..\mesh_common\mesh\libraries\CSR102x_A05\libcsrmesh.a(csr1010_scheduler.o)
                0x00055b5a                CSRSchedStart
 .text.CSRSchedNotifyGattEvent
                0x00055b7e       0xae ..\mesh_common\mesh\libraries\CSR102x_A05\libcsrmesh.a(csr1010_scheduler.o)
                0x00055b7e                CSRSchedNotifyGattEvent
 .text.CSRSchedMissingRadioEventTimeoutHandler
                0x00055c2c        0xd ..\mesh_common\mesh\libraries\CSR102x_A05\libcsrmesh.a(csr1010_scheduler.o)
 .text.CSRSchedConnectionBusyTimeoutHandler
                0x00055c39       0x23 ..\mesh_common\mesh\libraries\CSR102x_A05\libcsrmesh.a(csr1010_scheduler.o)
 .text.CSRSchedSendUserAdv
                0x00055c5c       0x47 ..\mesh_common\mesh\libraries\CSR102x_A05\libcsrmesh.a(csr1010_scheduler.o)
                0x00055c5c                CSRSchedSendUserAdv
 .text.CSRSchedGetConfigParams
                0x00055ca3       0x41 ..\mesh_common\mesh\libraries\CSR102x_A05\libcsrmesh.a(csr1010_scheduler.o)
                0x00055ca3                CSRSchedGetConfigParams
 .text.CSRSchedSetConfigParams
                0x00055ce4       0x76 ..\mesh_common\mesh\libraries\CSR102x_A05\libcsrmesh.a(csr1010_scheduler.o)
                0x00055ce4                CSRSchedSetConfigParams
 .text.CsrSchedSetTxPower
                0x00055d5a        0x6 ..\mesh_common\mesh\libraries\CSR102x_A05\libcsrmesh.a(csr1010_scheduler.o)
                0x00055d5a                CsrSchedSetTxPower
 .text.CSRSchedEnableRadioEvent
                0x00055d60       0x12 ..\mesh_common\mesh\libraries\CSR102x_A05\libcsrmesh.a(csr1010_scheduler.o)
                0x00055d60                CSRSchedEnableRadioEvent
 .text.CSRSchedDisableRadioEvent
                0x00055d72       0x11 ..\mesh_common\mesh\libraries\CSR102x_A05\libcsrmesh.a(csr1010_scheduler.o)
                0x00055d72                CSRSchedDisableRadioEvent
 .text.___libcsrmesh_363
                0x00055d83        0x6 ..\mesh_common\mesh\libraries\CSR102x_A05\libcsrmesh.a(csr_mesh_hal_ifce.o)
                0x00055d83                ___libcsrmesh_363
 .text.___libcsrmesh_367
                0x00055d89        0x5 ..\mesh_common\mesh\libraries\CSR102x_A05\libcsrmesh.a(csr_mesh_hal_ifce.o)
                0x00055d89                ___libcsrmesh_367
 .text.___libcsrmesh_362
                0x00055d8e        0xc ..\mesh_common\mesh\libraries\CSR102x_A05\libcsrmesh.a(csr_mesh_hal_ifce.o)
                0x00055d8e                ___libcsrmesh_362
 .text.___libcsrmesh_366
                0x00055d9a        0xb ..\mesh_common\mesh\libraries\CSR102x_A05\libcsrmesh.a(csr_mesh_hal_ifce.o)
                0x00055d9a                ___libcsrmesh_366
 .text.___libcsrmesh_365
                0x00055da5        0xe ..\mesh_common\mesh\libraries\CSR102x_A05\libcsrmesh.a(csr_mesh_hal_ifce.o)
                0x00055da5                ___libcsrmesh_365
 .text.___libcsrmesh_364
                0x00055db3        0x3 ..\mesh_common\mesh\libraries\CSR102x_A05\libcsrmesh.a(csr_mesh_hal_ifce.o)
                0x00055db3                ___libcsrmesh_364
 .text.___libcsrmesh_371
                0x00055db6       0x5f ..\mesh_common\mesh\libraries\CSR102x_A05\libcsrmesh.a(csr_mesh_security_ifce_101x.o)
                0x00055db6                ___libcsrmesh_371
 .text.___libcsrmesh_373
                0x00055e15       0x24 ..\mesh_common\mesh\libraries\CSR102x_A05\libcsrmesh.a(csr_mesh_security_ifce_101x.o)
                0x00055e15                ___libcsrmesh_373
 .text.___libcsrmesh_372
                0x00055e39       0x21 ..\mesh_common\mesh\libraries\CSR102x_A05\libcsrmesh.a(csr_mesh_security_ifce_101x.o)
                0x00055e39                ___libcsrmesh_372
 .text.___libcsrmesh_111
                0x00055e5a       0x15 ..\mesh_common\mesh\libraries\CSR102x_A05\libcsrmesh.a(csr_mesh_config_model.o)
                0x00055e5a                ___libcsrmesh_111
 .text.ConfigModelInit
                0x00055e6f       0x1b ..\mesh_common\mesh\libraries\CSR102x_A05\libcsrmesh.a(csr_mesh_config_model.o)
                0x00055e6f                ConfigModelInit
 .text.handleConfigGetDeviceInfo
                0x00055e8a      0x150 ..\mesh_common\mesh\libraries\CSR102x_A05\libcsrmesh.a(csr_mesh_config_model.o)
 .text.configModelServerHandler
                0x00055fda      0x30d ..\mesh_common\mesh\libraries\CSR102x_A05\libcsrmesh.a(csr_mesh_config_model.o)
 .text.BearerModelInit
                0x000562e7       0x14 ..\mesh_common\mesh\libraries\CSR102x_A05\libcsrmesh.a(csr_mesh_bearer_model.o)
                0x000562e7                BearerModelInit
 .text.handleMcpBearerModelMsg
                0x000562fb       0xb4 ..\mesh_common\mesh\libraries\CSR102x_A05\libcsrmesh.a(csr_mesh_bearer_model.o)
 .text.free_buffers
                0x000563af        0x3 ..\mesh_common\mesh\libraries\CSR102x_A05\libcsrmesh.a(csr_mesh_ec_math.o)
 .text.ec_math_192_double
                0x000563b2       0xb5 ..\mesh_common\mesh\libraries\CSR102x_A05\libcsrmesh.a(csr_mesh_ec_math.o)
 .text.ec_math_192_mul
                0x00056467      0x116 ..\mesh_common\mesh\libraries\CSR102x_A05\libcsrmesh.a(csr_mesh_ec_math.o)
 .text.___libcsrmesh_127
                0x0005657d        0xc ..\mesh_common\mesh\libraries\CSR102x_A05\libcsrmesh.a(csr_mesh_ec_math.o)
                0x0005657d                ___libcsrmesh_127
 .text.___libcsrmesh_128
                0x00056589       0x2e ..\mesh_common\mesh\libraries\CSR102x_A05\libcsrmesh.a(csr_mesh_ec_math.o)
                0x00056589                ___libcsrmesh_128
 .text.GroupModelInit
                0x000565b7       0x14 ..\mesh_common\mesh\libraries\CSR102x_A05\libcsrmesh.a(csr_mesh_group_model.o)
                0x000565b7                GroupModelInit
 .text.groupModelServerHandler
                0x000565cb      0x11d ..\mesh_common\mesh\libraries\CSR102x_A05\libcsrmesh.a(csr_mesh_group_model.o)
 .text.___libcsrmesh_159
                0x000566e8       0x2e ..\mesh_common\mesh\libraries\CSR102x_A05\libcsrmesh.a(csr_mesh_large_num.o)
                0x000566e8                ___libcsrmesh_159
 .text.___libcsrmesh_157
                0x00056716        0xc ..\mesh_common\mesh\libraries\CSR102x_A05\libcsrmesh.a(csr_mesh_large_num.o)
                0x00056716                ___libcsrmesh_157
 .text.___libcsrmesh_161
                0x00056722       0x10 ..\mesh_common\mesh\libraries\CSR102x_A05\libcsrmesh.a(csr_mesh_large_num.o)
                0x00056722                ___libcsrmesh_161
 .text.___libcsrmesh_168
                0x00056732       0x25 ..\mesh_common\mesh\libraries\CSR102x_A05\libcsrmesh.a(csr_mesh_large_num.o)
                0x00056732                ___libcsrmesh_168
 .text.___libcsrmesh_158
                0x00056757       0x64 ..\mesh_common\mesh\libraries\CSR102x_A05\libcsrmesh.a(csr_mesh_large_num.o)
                0x00056757                ___libcsrmesh_158