Archive member included because of file (symbol)

..\mesh_common\mesh\libraries\CSR102x_A05\libcsrmesh.a(csr_mesh.o)
                              depend_Release_CSR102x_A05\core_mesh_handler.o (CSRmeshRegisterAppCallback)
..\mesh_common\mesh\libraries\CSR102x_A05\libcsrmesh.a(csr_mesh_masp_mcp_common.o)
                              ..\mesh_common\mesh\libraries\CSR102x_A05\libcsrmesh.a(csr_mesh.o) (___libcsrmesh_215)
..\mesh_common\mesh\libraries\CSR102x_A05\libcsrmesh.a(csr_mesh_mtl.o)
                              ..\mesh_common\mesh\libraries\CSR102x_A05\libcsrmesh.a(csr_mesh.o) (___libcsrmesh_269)
..\mesh_common\mesh\libraries\CSR102x_A05\libcsrmesh.a(csr_mesh_ec_alloc.o)
                              ..\mesh_common\mesh\libraries\CSR102x_A05\libcsrmesh.a(csr_mesh.o) (___libcsrmesh_118)
..\mesh_common\mesh\libraries\CSR102x_A05\libcsrmesh.a(csr_mesh_masp.o)
                              ..\mesh_common\mesh\libraries\CSR102x_A05\libcsrmesh.a(csr_mesh.o) (___libcsrmesh_212)
..\mesh_common\mesh\libraries\CSR102x_A05\libcsrmesh.a(csr_mesh_mcp.o)
                              ..\mesh_common\mesh\libraries\CSR102x_A05\libcsrmesh.a(csr_mesh.o) (___libcsrmesh_243)
..\mesh_common\mesh\libraries\CSR102x_A05\libcsrmesh.a(csr_mesh_sha256_get_results.o)
                              ..\mesh_common\mesh\libraries\CSR102x_A05\libcsrmesh.a(csr_mesh_masp_mcp_common.o) (___libcsrmesh_297)
..\mesh_common\mesh\libraries\CSR102x_A05\libcsrmesh.a(csr_mesh_sha256_hmac.o)
                              ..\mesh_common\mesh\libraries\CSR102x_A05\libcsrmesh.a(csr_mesh_masp_mcp_common.o) (___libcsrmesh_308)
..\mesh_common\mesh\libraries\CSR102x_A05\libcsrmesh.a(csr_mesh_sha256_initialise.o)
                              ..\mesh_common\mesh\libraries\CSR102x_A05\libcsrmesh.a(csr_mesh_masp_mcp_common.o) (___libcsrmesh_311)
..\mesh_common\mesh\libraries\CSR102x_A05\libcsrmesh.a(csr_mesh_sha256_process_data.o)
                              ..\mesh_common\mesh\libraries\CSR102x_A05\libcsrmesh.a(csr_mesh_sha256_hmac.o) (___libcsrmesh_317)
..\mesh_common\mesh\libraries\CSR102x_A05\libcsrmesh.a(csr_mesh_bearer.o)
                              ..\mesh_common\mesh\libraries\CSR102x_A05\libcsrmesh.a(csr_mesh_mtl.o) (___libcsrmesh_335)
..\mesh_common\mesh\libraries\CSR102x_A05\libcsrmesh.a(csr_mesh_bearer_porting_util.o)
                              ..\mesh_common\mesh\libraries\CSR102x_A05\libcsrmesh.a(csr_mesh_bearer.o) (___libcsrmesh_353)
..\mesh_common\mesh\libraries\CSR102x_A05\libcsrmesh.a(csr1010_scheduler.o)
                              ..\mesh_common\mesh\libraries\CSR102x_A05\libcsrmesh.a(csr_mesh_bearer_porting_util.o) (IsCSRSchedRunning)
..\mesh_common\mesh\libraries\CSR102x_A05\libcsrmesh.a(csr_mesh_hal_ifce.o)
                              ..\mesh_common\mesh\libraries\CSR102x_A05\libcsrmesh.a(csr_mesh_masp.o) (___libcsrmesh_363)
..\mesh_common\mesh\libraries\CSR102x_A05\libcsrmesh.a(csr_mesh_security_ifce_101x.o)
                              ..\mesh_common\mesh\libraries\CSR102x_A05\libcsrmesh.a(csr_mesh_mtl.o) (___libcsrmesh_371)
..\mesh_common\mesh\libraries\CSR102x_A05\libcsrmesh.a(csr_mesh_config_model.o)
                              ..\mesh_common\mesh\libraries\CSR102x_A05\libcsrmesh.a(csr_mesh_mcp.o) (ConfigModelInit)
..\mesh_common\mesh\libraries\CSR102x_A05\libcsrmesh.a(csr_mesh_bearer_model.o)
                              ..\mesh_common\mesh\libraries\CSR102x_A05\libcsrmesh.a(csr_mesh_mcp.o) (BearerModelInit)
..\mesh_common\mesh\libraries\CSR102x_A05\libcsrmesh.a(csr_mesh_ec_math.o)
                              ..\mesh_common\mesh\libraries\CSR102x_A05\libcsrmesh.a(csr_mesh_masp.o) (___libcsrmesh_127)
..\mesh_common\mesh\libraries\CSR102x_A05\libcsrmesh.a(csr_mesh_group_model.o)
                              ..\mesh_common\mesh\libraries\CSR102x_A05\libcsrmesh.a(csr_mesh_mcp.o) (GroupModelInit)
..\mesh_common\mesh\libraries\CSR102x_A05\libcsrmesh.a(csr_mesh_large_num.o)
                              ..\mesh_common\mesh\libraries\CSR102x_A05\libcsrmesh.a(csr_mesh_ec_math.o) (___libcsrmesh_161)
..\mesh_common\mesh\libraries\CSR102x_A05\libcsrmesh.a(csr_mesh_sha_add_to_cache.o)
                              ..\mesh_common\mesh\libraries\CSR102x_A05\libcsrmesh.a(csr_mesh_sha256_get_results.o) (___libcsrmesh_286)
..\mesh_common\mesh\libraries\CSR102x_A05\libcsrmesh.a(csr_mesh_sha256_calc_ith_hash_val.o)
                              ..\mesh_common\mesh\libraries\CSR102x_A05\libcsrmesh.a(csr_mesh_sha256_process_data.o) (___libcsrmesh_292)
..\mesh_common\mesh\libraries\CSR102x_A05\libasset_server.a(asset_model.o)
                              depend_Release_CSR102x_A05\asset_model_handler.o (AssetAnnounce)
..\mesh_common\mesh\libraries\CSR102x_A05\libasset_client.a(asset_client.o)
                              depend_Release_CSR102x_A05\tracker_model_handler.o (AssetModelClientInit)
..\mesh_common\mesh\libraries\CSR102x_A05\libtracker_server.a(tracker_model.o)
[...]
Memory Configuration

Name             Origin             Length             Attributes
p_rom            0x00000000         0x00018000
p_otp            0x00018000         0x00008000
p_cram0          0x00020000         0x00004000
p_cram1          0x00024000         0x00002000
p_cram2          0x00026000         0x00002000
p_smem           0x00028000         0x00020000
p_ram            0x00048000         0x00002000
p_flexi          0x00050000         0x00020000
p_app            0x00000000         0x00070000
d_mtp            0x00000080         0x00000080
d_pmem           0x00000200         0x00000200
d_imem           0x00000600         0x00000080
d_memarb         0x00000800         0x00000800
d_rom            0x00001000         0x00004000
d_fwromcram      0x00005000         0x00001000
d_appdata        0x00006000         0x00004000
d_appconst       0x0000a000         0x00001000
d_fwsmemotp      0x0000b000         0x00001000
d_appsmem        0x0000c000         0x00001000
d_ram            0x0000d000         0x00002000
d_app            0x00000000         0x0000f000
*default*        0x00000000         0xffffffff

Linker script and memory map

LOAD depend_Release_CSR102x_A05\app_gatt_db.o
LOAD depend_Release_CSR102x_A05\gaia_client.o
LOAD depend_Release_CSR102x_A05\gaia_client_service.o
LOAD depend_Release_CSR102x_A05\gaia_otau_client.o
LOAD depend_Release_CSR102x_A05\conn_param_update.o
LOAD depend_Release_CSR102x_A05\nvm_access.o
LOAD depend_Release_CSR102x_A05\cm_common.o
LOAD depend_Release_CSR102x_A05\cm_hal.o
LOAD depend_Release_CSR102x_A05\cm_private.o
LOAD depend_Release_CSR102x_A05\cm_security.o
LOAD depend_Release_CSR102x_A05\cm_server.o
LOAD depend_Release_CSR102x_A05\cm_observer.o
LOAD depend_Release_CSR102x_A05\cm_peripheral.o
LOAD depend_Release_CSR102x_A05\cm_central.o
LOAD depend_Release_CSR102x_A05\cm_client.o
LOAD depend_Release_CSR102x_A05\battery_hw.o
LOAD depend_Release_CSR102x_A05\fast_pwm.o
LOAD depend_Release_CSR102x_A05\iot_hw.o
LOAD depend_Release_CSR102x_A05\csr_mesh_ps_ifce.o
LOAD depend_Release_CSR102x_A05\attention_model_handler.o
LOAD depend_Release_CSR102x_A05\battery_model_handler.o
LOAD depend_Release_CSR102x_A05\core_mesh_handler.o
LOAD depend_Release_CSR102x_A05\data_model_handler.o
LOAD depend_Release_CSR102x_A05\light_model_handler.o
LOAD depend_Release_CSR102x_A05\power_model_handler.o
LOAD depend_Release_CSR102x_A05\app_util.o
LOAD depend_Release_CSR102x_A05\connection_handler.o
LOAD depend_Release_CSR102x_A05\advertisement_handler.o
LOAD depend_Release_CSR102x_A05\time_model_handler.o
LOAD depend_Release_CSR102x_A05\action_model_handler.o
LOAD depend_Release_CSR102x_A05\largeobjecttransfer_model_handler.o
LOAD depend_Release_CSR102x_A05\asset_model_handler.o
LOAD depend_Release_CSR102x_A05\tracker_model_handler.o
LOAD depend_Release_CSR102x_A05\app_otau_handler.o
LOAD depend_Release_CSR102x_A05\scan_handler.o
LOAD depend_Release_CSR102x_A05\app_otau_client_handler.o
LOAD depend_Release_CSR102x_A05\gap_service.o
LOAD depend_Release_CSR102x_A05\gatt_service.o
LOAD depend_Release_CSR102x_A05\mesh_control_service.o
LOAD depend_Release_CSR102x_A05\byte_utils.o
LOAD depend_Release_CSR102x_A05\gaia.o
LOAD depend_Release_CSR102x_A05\gaia_otau.o
LOAD depend_Release_CSR102x_A05\gaia_service.o
LOAD depend_Release_CSR102x_A05\main_app.o
LOAD depend_Release_CSR102x_A05\app_mesh_handler.o
LOAD depend_Release_CSR102x_A05\app_hw.o
LOAD depend_Release_CSR102x_A05\pio_ctrlr_code.o
LOAD ..\mesh_common\mesh\libraries\CSR102x_A05\libcsrmesh.a
LOAD ..\mesh_common\mesh\libraries\CSR102x_A05\libasset_server.a
LOAD ..\mesh_common\mesh\libraries\CSR102x_A05\libasset_client.a
LOAD ..\mesh_common\mesh\libraries\CSR102x_A05\libtracker_server.a
LOAD ..\mesh_common\mesh\libraries\CSR102x_A05\libtracker_client.a
LOAD ..\mesh_common\mesh\libraries\CSR102x_A05\libaction_server.a
LOAD ..\mesh_common\mesh\libraries\CSR102x_A05\libtuning_server.a
LOAD ..\mesh_common\mesh\libraries\CSR102x_A05\libtime_server.a
LOAD ..\mesh_common\mesh\libraries\CSR102x_A05\libtime_client.a
LOAD ..\mesh_common\mesh\libraries\CSR102x_A05\liblight_server.a
LOAD ..\mesh_common\mesh\libraries\CSR102x_A05\libpower_server.a
LOAD ..\mesh_common\mesh\libraries\CSR102x_A05\libping_server.a
LOAD ..\mesh_common\mesh\libraries\CSR102x_A05\libattention_server.a
LOAD ..\mesh_common\mesh\libraries\CSR102x_A05\libdata_server.a
LOAD ..\mesh_common\mesh\libraries\CSR102x_A05\libdata_client.a
LOAD ..\mesh_common\mesh\libraries\CSR102x_A05\libbattery_server.a
LOAD ..\mesh_common\mesh\libraries\CSR102x_A05\liblargeobjecttransfer_server.a
LOAD ..\mesh_common\mesh\libraries\CSR102x_A05\liblargeobjecttransfer_client.a
LOAD D:\CSR102x_SDK-3.1.1\tools\lib\CSR102x_A05\libgatt_lib_ram.a
                0x00050000                PROG_APPCODE_START = PROG_FLEXI_START
                0x00000000                APP_SIGNATURE_SIZE = 0x0
                0x00000001                DRAM_APPDATA_MODEL = 0x1
                0x00000000                STORE_OFFSET = 0x0
LOAD D:\CSR102x_SDK-3.1.1\tools\lib\CSR102x_A05\rom_img.elf
                0x00028000                PROG_SMEM_START = 0x28000
                0x00018000                PROG_OTP_START = 0x18000
                0x00050000                PROG_FLEXI_START = 0x50000
                0x00048000                PROG_DRAM_START = 0x48000
                0x00005000                DATA_FW_ROM_CRAM_WINDOW = 0x5000
                0x0000b000                DATA_FW_SMEM_OTP_WINDOW = 0xb000
                0x0000c000                DATA_APP_SMEM_WINDOW = 0xc000
                0x00020000                PROG_CRAM0_START = 0x20000
                0x0000a000                DATA_APPCONST_START = DEFINED (DATA_APPCONST_OVERRIDE)?DATA_APPCONST_OVERRIDE:0xa000
                [0x00000001]                DRAM_APPDATA_MODEL = DEFINED (DRAM_APPDATA_MODEL)?DRAM_APPDATA_MODEL:0x0
                0x00006000                DATA_APPDATA_START = (DRAM_APPDATA_MODEL == 0x0)?DATA_APPHOLE_START:0x6000
                0x00002000                DATA_APPDATA_MAX_SIZE = (DRAM_APPDATA_MODEL == 0x0)?APPDATA_SIZE:(DRAM_APPDATA_MODEL == 0x1)?0x2000:0x4000
                0x80000000                $CODE$ = 0x80000000
                0x00000000                $DATA$ = 0x0
                0x0000ffe0                PROVIDE ($XAP_AH, 0xffe0)
                0x0000ffe1                PROVIDE ($XAP_AL, 0xffe1)
                0x0000ffe2                PROVIDE ($XAP_UXH, 0xffe2)
                0x0000ffe3                PROVIDE ($XAP_UXL, 0xffe3)
                0x0000ffe4                PROVIDE ($XAP_UY, 0xffe4)
                0x0000ffe5                PROVIDE ($XAP_IXH, 0xffe5)
                0x0000ffe6                PROVIDE ($XAP_IXL, 0xffe6)
                0x0000ffe7                PROVIDE ($XAP_IY, 0xffe7)
                0x00000001                ASSERT (DEFINED (DATA_APPCONST_START), DATA_APPCONST_START must be defined.)
                0x00000001                ASSERT (DEFINED (DATA_APPDATA_START), DATA_APPDATA_START not defined - check the firmware is valid.)
                [0x00050000]                PROG_APPCODE_START = DEFINED (PROG_APPCODE_START)?PROG_APPCODE_START:PROG_FLEXI_START
                0x00000001                ASSERT (DEFINED (APP_SIGNATURE_SIZE), APP_SIGNATURE_SIZE must be defined)
                0x00000010                APP_HASH_SIZE = 0x10
                [0x00000000]                STORE_OFFSET = DEFINED (STORE_OFFSET)?STORE_OFFSET:0x0
                0x00000000                STORE_SEG_BASE = (STORE_OFFSET & 0xfffff000)
                0x00000000                STORE_SEG_OFFSET = (STORE_OFFSET & 0xfff)
                0x00050000                PROG_FLEXI_OFFSET = (PROG_FLEXI_START - STORE_SEG_BASE)
                0x00000008                APP_ENC_IV_SIZE = 0x8
                0x00000010                APPHEADER_SIZE = (0x8 + APP_ENC_IV_SIZE)
                0x00000001                ASSERT (((STORE_OFFSET % APPHEADER_SIZE) == 0x0), STORE_OFFSET is not an exact multiple of APPHEADER_SIZE)

.appheader      0x00050000       0x10 load address 0x80050000
                0x00050000                PROG_APPCRT_START = .
 *app_proxy_crt.o(.text)
 .text          0x00050000        0x8 D:\CSR102x_SDK-3.1.1\tools\lib\CSR102x_A05\libgatt_lib_ram.a(app_proxy_crt.o)
                0x00050005                _app_store_header_fw_init
 *app_proxy_crt.o(.text.*)
                0x00050010                . = ALIGN (APPHEADER_SIZE)
 *fill*         0x00050008       0x10 00
                0x00050010                PROG_APPCRT_END = .

.appconst       0x0000a010      0x469 load address 0x00050010
                0x0000a010                D_APPCONST_START = .
 *(CONST)
 *(CONST.*)
 *(.rodata)
 .rodata        0x0000a010        0x2 depend_Release_CSR102x_A05\advertisement_handler.o
 *(.rodata.*)
 .rodata.handleConnMgrEvent
                0x0000a012        0xc depend_Release_CSR102x_A05\gaia_client_service.o
 .rodata.g_gaia_client_handler
                0x0000a01e        0x2 depend_Release_CSR102x_A05\gaia_client_service.o
 .rodata.HandleGaiaResponseNotification
                0x0000a020       0x16 depend_Release_CSR102x_A05\gaia_otau_client.o
 .rodata.ConnectionParamUpdateEvent
                0x0000a036        0x5 depend_Release_CSR102x_A05\conn_param_update.o
 .rodata.str2.2
                0x0000a03b        0x8 depend_Release_CSR102x_A05\cm_hal.o
 .rodata.csr_mesh_pskey_offset_table
                0x0000a043       0x1e depend_Release_CSR102x_A05\csr_mesh_ps_ifce.o
 .rodata.fh_tx_pwr_map
                0x0000a061       0x10 depend_Release_CSR102x_A05\core_mesh_handler.o
 .rodata.str2.2
                0x0000a071       0x70 depend_Release_CSR102x_A05\data_model_handler.o
 .rodata.getDurationForState
                0x0000a0e1        0x6 depend_Release_CSR102x_A05\light_model_handler.o
 .rodata.lightModelEventHandler
                0x0000a0e7        0xd depend_Release_CSR102x_A05\light_model_handler.o
 .rodata.transitionTimerHandler
                0x0000a0f4        0x6 depend_Release_CSR102x_A05\light_model_handler.o
 .rodata.appHandleConnMgrProcEvent
                0x0000a0fa       0x1c depend_Release_CSR102x_A05\connection_handler.o
 .rodata.C.2..3963.
                0x0000a116        0x3 depend_Release_CSR102x_A05\advertisement_handler.o
 .rodata.C.6..4142.
                0x0000a119        0x6 depend_Release_CSR102x_A05\action_model_handler.o
 .rodata.trackerModelEventHandler
                0x0000a11f        0x6 depend_Release_CSR102x_A05\tracker_model_handler.o
 .rodata.str2.2
                0x0000a125        0x9 depend_Release_CSR102x_A05\app_otau_handler.o
 .rodata.appHandleGaiaOtauEvent
                0x0000a12e        0xf depend_Release_CSR102x_A05\app_otau_handler.o
 .rodata.str2.2
                0x0000a13d       0x12 depend_Release_CSR102x_A05\app_otau_client_handler.o
                                 0x1b (size before relaxing)
 .rodata.appHandleGaiaOtauClientEvent
                0x0000a14f        0x6 depend_Release_CSR102x_A05\app_otau_client_handler.o
 .rodata.str2.2
                0x0000a155        0x9 depend_Release_CSR102x_A05\gap_service.o
 .rodata.g_service_handler
                0x0000a15e        0x2 depend_Release_CSR102x_A05\gap_service.o
 .rodata.g_server_handler
                0x0000a160        0x2 depend_Release_CSR102x_A05\gatt_service.o
 .rodata.handleAccessWrite
                0x0000a162        0x7 depend_Release_CSR102x_A05\mesh_control_service.o
 .rodata.g_mesh_server_handlers
                0x0000a169        0x2 depend_Release_CSR102x_A05\mesh_control_service.o
 .rodata.GaiaOtauHandleStoreUpdateMsg
                0x0000a16b        0xf depend_Release_CSR102x_A05\gaia_otau.o
 .rodata.str2.2
                0x00000000       0x12 depend_Release_CSR102x_A05\gaia_otau.o
 .rodata.handleOtauFileTransfer
                0x0000a17a        0x8 depend_Release_CSR102x_A05\gaia_otau.o
 .rodata.GaiaOtauHandleVmUpgradeControlCommand
                0x0000a182       0x16 depend_Release_CSR102x_A05\gaia_otau.o
 .rodata.g_gaia_server_handlers
                0x0000a198        0x2 depend_Release_CSR102x_A05\gaia_service.o
 .rodata.cct_red_lut
                0x0000a19a        0xb depend_Release_CSR102x_A05\app_hw.o
 .rodata.cct_green_lut
                0x0000a1a5        0xe depend_Release_CSR102x_A05\app_hw.o
 .rodata.cct_blue_lut
                0x0000a1b3        0x9 depend_Release_CSR102x_A05\app_hw.o
 .rodata.masp_enc_key
                0x0000a1bc       0x1f ..\mesh_common\mesh\libraries\CSR102x_A05\libcsrmesh.a(csr_mesh_mtl.o)
 .rodata.masp_nw_iv
                0x0000a1db        0x8 ..\mesh_common\mesh\libraries\CSR102x_A05\libcsrmesh.a(csr_mesh_mtl.o)
 .rodata.masp_nw_key
                0x0000a1e3       0x10 ..\mesh_common\mesh\libraries\CSR102x_A05\libcsrmesh.a(csr_mesh_mtl.o)
 .rodata.str2.2
                0x0000a1f3        0x6 ..\mesh_common\mesh\libraries\CSR102x_A05\libcsrmesh.a(csr_mesh_ec_alloc.o)
 .rodata.handleMaspMessage
                0x0000a1f9       0x17 ..\mesh_common\mesh\libraries\CSR102x_A05\libcsrmesh.a(csr_mesh_masp.o)
 .rodata.str2.2
                0x0000a210       0x14 ..\mesh_common\mesh\libraries\CSR102x_A05\libcsrmesh.a(csr_mesh_masp.o)
 .rodata.masp_msg_len
                0x0000a224       0x19 ..\mesh_common\mesh\libraries\CSR102x_A05\libcsrmesh.a(csr_mesh_masp.o)
 .rodata.sha256_init_table
                0x0000a23d       0x10 ..\mesh_common\mesh\libraries\CSR102x_A05\libcsrmesh.a(csr_mesh_sha256_initialise.o)
 .rodata.csr_mesh_ad_data
                0x0000a24d        0x3 ..\mesh_common\mesh\libraries\CSR102x_A05\libcsrmesh.a(csr1010_scheduler.o)
 .rodata.handleConfigGetDeviceInfo
                0x0000a250        0x9 ..\mesh_common\mesh\libraries\CSR102x_A05\libcsrmesh.a(csr_mesh_config_model.o)
 .rodata.configModelServerHandler
                0x0000a259       0x11 ..\mesh_common\mesh\libraries\CSR102x_A05\libcsrmesh.a(csr_mesh_config_model.o)
 .rodata.P192_curve_generator_x
                0x0000a26a        0xd ..\mesh_common\mesh\libraries\CSR102x_A05\libcsrmesh.a(csr_mesh_ec_math.o)
 .rodata.P192_curve_generator_y
                0x0000a277        0xd ..\mesh_common\mesh\libraries\CSR102x_A05\libcsrmesh.a(csr_mesh_ec_math.o)
 .rodata.sha256_consts
                0x0000a284       0x80 ..\mesh_common\mesh\libraries\CSR102x_A05\libcsrmesh.a(csr_mesh_sha256_calc_ith_hash_val.o)
 .rodata.lightModelServerHandler
                0x0000a304        0xd ..\mesh_common\mesh\libraries\CSR102x_A05\liblight_server.a(light_model.o)
 .rodata.powerModelServerHandler
                0x0000a311        0x5 ..\mesh_common\mesh\libraries\CSR102x_A05\libpower_server.a(power_model.o)
 .rodata.patch_rx_conn_pdu
                0x0000a316       0x10 D:\CSR102x_SDK-3.1.1\tools\lib\CSR102x_A05\libgatt_lib_ram.a(patch_george_rx.o)
 .rodata.C.1..27050.
                0x0000a326        0x4 D:\CSR102x_SDK-3.1.1\tools\lib\CSR102x_A05\libgatt_lib_ram.a(patch_george_rx.o)
 .rodata.rssi_lut
                0x0000a32a       0x1f D:\CSR102x_SDK-3.1.1\tools\lib\CSR102x_A05\libgatt_lib_ram.a(patch_george_rssi.o)
 .rodata.atten_level
                0x0000a349        0x6 D:\CSR102x_SDK-3.1.1\tools\lib\CSR102x_A05\libgatt_lib_ram.a(patch_george_rssi.o)
 .rodata.lna_gain_level
                0x0000a34f        0x9 D:\CSR102x_SDK-3.1.1\tools\lib\CSR102x_A05\libgatt_lib_ram.a(patch_george_rssi.o)
 .rodata.patched_smem_inst_handler
                0x0000a358        0xe D:\CSR102x_SDK-3.1.1\tools\lib\CSR102x_A05\libgatt_lib_ram.a(patch_reset.o)
 .rodata.patched_uart_instances
                0x0000a366       0x12 D:\CSR102x_SDK-3.1.1\tools\lib\CSR102x_A05\libgatt_lib_ram.a(patch_reset.o)
 .rodata.patched_adc_instances
                0x0000a378        0xc D:\CSR102x_SDK-3.1.1\tools\lib\CSR102x_A05\libgatt_lib_ram.a(patch_reset.o)
 .rodata.patched_keyscan_instances
                0x0000a384        0xa D:\CSR102x_SDK-3.1.1\tools\lib\CSR102x_A05\libgatt_lib_ram.a(patch_reset.o)
 .rodata.patched_edge_capture_functions
                0x0000a38e        0xc D:\CSR102x_SDK-3.1.1\tools\lib\CSR102x_A05\libgatt_lib_ram.a(patch_reset.o)
 .rodata.patched_i2c_functions
                0x0000a39a        0xa D:\CSR102x_SDK-3.1.1\tools\lib\CSR102x_A05\libgatt_lib_ram.a(patch_reset.o)
 .rodata.ram_build_identifier_integer
                0x0000a3a4        0x1 D:\CSR102x_SDK-3.1.1\tools\lib\CSR102x_A05\libgatt_lib_ram.a(id_ram.o)
                0x0000a3a4                ram_build_identifier_integer
 .rodata.ram_build_identifier_string
                0x0000a3a5       0x25 D:\CSR102x_SDK-3.1.1\tools\lib\CSR102x_A05\libgatt_lib_ram.a(id_ram.o)
                0x0000a3a5                ram_build_identifier_string
 .rodata.patch_table_data
                0x0000a3ca       0x58 D:\CSR102x_SDK-3.1.1\tools\lib\CSR102x_A05\libgatt_lib_ram.a(sw_patch_ram.o)
 .rodata.patch_set_config
                0x0000a422        0x5 D:\CSR102x_SDK-3.1.1\tools\lib\CSR102x_A05\libgatt_lib_ram.a(patch_hal_bleradio.o)
 .rodata.hw_patch_b192872
                0x0000a427        0x3 D:\CSR102x_SDK-3.1.1\tools\lib\CSR102x_A05\libgatt_lib_ram.a(patch_hal_bleradio.o)
 .rodata.hw_patch_b202168
                0x0000a42a        0x3 D:\CSR102x_SDK-3.1.1\tools\lib\CSR102x_A05\libgatt_lib_ram.a(patch_hal_bleradio.o)
 .rodata.patch_tx_approx_power_levels_dbm
                0x0000a42d       0x10 D:\CSR102x_SDK-3.1.1\tools\lib\CSR102x_A05\libgatt_lib_ram.a(patch_hal_bleradio.o)
 .rodata.bg_int_handlers
                0x0000a43d        0x6 D:\CSR102x_SDK-3.1.1\tools\lib\CSR102x_A05\libgatt_lib_ram.a(patch_bg_int.o)
 .rodata.C.6..26458.
                0x0000a443        0x3 D:\CSR102x_SDK-3.1.1\tools\lib\CSR102x_A05\libgatt_lib_ram.a(patch_i2c.o)
 *(.pio_ctrlr_code)
                0x0000a446                APP_BUILD_VERSION = .
 *(.app_bld_ver)
                0x0000a446                PROG_PATCH_ADDRESS = .
 *(.hw_patch)
 .hw_patch      0x0000a446       0x33 D:\CSR102x_SDK-3.1.1\tools\lib\CSR102x_A05\libgatt_lib_ram.a(patch_flashheart_d06.o)
                0x0000a446                hw_patch
                0x0000a479                PROG_PATCH_END = .
                0x0000a479                D_APPCONST_END = .
                0x00000469                APPCONST_SIZE = SIZEOF (.appconst)
                0x00000001                ASSERT (((D_APPCONST_START & 0x1000) == (D_APPCONST_END & 0x1000)), Application uses too much CONST data (page boundary exceeded))

.progapp_appconst
                0x00050010      0x469
                0x00050479                . = (. + APPCONST_SIZE)
 *fill*         0x00050010      0x8d2 00

.appdata        0x00006000      0x100 load address 0x00050479
                0x00006000                DATA_APPINITDATA_START = .
 *(.data)
 *(.data.*)
 .data.gattDatabase
                0x00006000       0xb8 depend_Release_CSR102x_A05\app_gatt_db.o
                0x00006000                gattDatabase
 .data.g_gaia_client_service_uuid
                0x000060b8        0x8 depend_Release_CSR102x_A05\gaia_client_service.o
 .data.g_nvm_type
                0x000060c0        0x1 depend_Release_CSR102x_A05\nvm_access.o
 .data.g_cm_app_handler
                0x000060c1        0x2 depend_Release_CSR102x_A05\connection_handler.o
 .data.mesh_ad_data
                0x000060c3        0x3 depend_Release_CSR102x_A05\app_mesh_handler.o
                0x000060c3                mesh_ad_data
 .data.vid_pid_info
                0x000060c6        0x4 depend_Release_CSR102x_A05\app_mesh_handler.o
                0x000060c6                vid_pid_info
 .data.appearance
                0x000060ca        0xd depend_Release_CSR102x_A05\app_mesh_handler.o
                0x000060ca                appearance
 .data.key_iv_status_values
                0x000060d7        0x8 ..\mesh_common\mesh\libraries\CSR102x_A05\libcsrmesh.a(csr_mesh_masp.o)
 .data.P192_p   0x000060df        0xd ..\mesh_common\mesh\libraries\CSR102x_A05\libcsrmesh.a(csr_mesh_ec_math.o)
                0x000060df                ___libcsrmesh_132
 .data.patched_i2c_instances
                0x000060ec        0x1 D:\CSR102x_SDK-3.1.1\tools\lib\CSR102x_A05\libgatt_lib_ram.a(patch_reset.o)
 .data.patched_uci_h4_transport
                0x000060ed        0x6 D:\CSR102x_SDK-3.1.1\tools\lib\CSR102x_A05\libgatt_lib_ram.a(patch_uci_uart_h4.o)
                0x000060ed                ___libgatt_lib_db_5570
 .data.patch_ble_radio_functions
                0x000060f3        0xc D:\CSR102x_SDK-3.1.1\tools\lib\CSR102x_A05\libgatt_lib_ram.a(patch_hal_bleradio.o)
 .data.saved_tx_power_index
                0x000060ff        0x1 D:\CSR102x_SDK-3.1.1\tools\lib\CSR102x_A05\libgatt_lib_ram.a(patch_george_reset.o)
                0x00006100                DATA_APPINITDATA_END = .
                0x00000100                APPINITDATA_SIZE = SIZEOF (.appdata)
                0x00000001                ASSERT (((APPCONST_SIZE + APPINITDATA_SIZE) <= 0x1000), Application uses too much CONST / Initialised data)

.progapp_appdata
                0x00050479      0x100
                0x00050579                . = (. + APPINITDATA_SIZE)
 *fill*         0x00050479      0x200 00

.patchtext      0x00050579       0xc2 load address 0x80050579
                0x00050579                PROG_SW_PATCH_FN_START = .
 *(.patch_text)
 *(.patch_text.*)
                0x00050579                PROG_SW_PATCH_FN_END = .
                0x00050579                PROG_DS_PATCH_START = .
 *(.deep_sleep_patch)
 .deep_sleep_patch
                0x00050579       0xc2 D:\CSR102x_SDK-3.1.1\tools\lib\CSR102x_A05\libgatt_lib_ram.a(patch_reset.o)
                0x0005058d                patch_sysop_sleep_enter
                0x00050579                patch_sysop_sleep_restore
                0x0005063b                PROG_DS_PATCH_END = .
                0x000000c2                DS_PATCH_SIZE = (PROG_DS_PATCH_END - PROG_DS_PATCH_START)

.apptext        0x0005063b     0xb8cd load address 0x8005063b
 *(.extra_crt)
 *(.text)
 .text          0x0005063b       0x2f D:\CSR102x_SDK-3.1.1\tools\lib\CSR102x_A05\libgatt_lib_ram.a(sm_ram.o)
                0x0005063b                ___libgatt_lib_db_832
                0x00050664                SMInit
 .text          0x0005066a        0xa D:\CSR102x_SDK-3.1.1\tools\lib\CSR102x_A05\libgatt_lib_ram.a(sm_key_req_api.o)
                0x0005066a                SMKeyRequestRsp
 .text          0x00050674        0x3 D:\CSR102x_SDK-3.1.1\tools\lib\CSR102x_A05\libgatt_lib_ram.a(sm_div_approval_api.o)
                0x00050674                SMDivApprovalRsp
 .text          0x00050677        0xa D:\CSR102x_SDK-3.1.1\tools\lib\CSR102x_A05\libgatt_lib_ram.a(sm_pairing_auth_api.o)
                0x00050677                SMPairingAuthRsp
 .text          0x00050681        0x6 D:\CSR102x_SDK-3.1.1\tools\lib\CSR102x_A05\libgatt_lib_ram.a(sm_ltk_api.o)
                0x00050681                SMLongTermKeyRsp
 .text          0x00050687       0x6c D:\CSR102x_SDK-3.1.1\tools\lib\CSR102x_A05\libgatt_lib_ram.a(patch_sm_l2cap_if.o)
                0x00050687                ___libgatt_lib_db_5470
                0x0005069d                ___libgatt_lib_db_5469
                0x000506a6                ___libgatt_lib_db_5471
 .text          0x000506f3        0x1 D:\CSR102x_SDK-3.1.1\tools\lib\CSR102x_A05\libgatt_lib_ram.a(patch_sm_msg_handler.o)
                0x000506f3                ___libgatt_lib_db_5477
 *(.text.*)
 .text.GattGetDatabase
                0x000506f4        0x8 depend_Release_CSR102x_A05\app_gatt_db.o
                0x000506f4                GattGetDatabase
 .text.GaiaClientSendConnectPacket
                0x000506fc       0x10 depend_Release_CSR102x_A05\gaia_client.o
                0x000506fc                GaiaClientSendConnectPacket
 .text.GaiaClientSendDisconnectPacket
                0x0005070c       0x10 depend_Release_CSR102x_A05\gaia_client.o
                0x0005070c                GaiaClientSendDisconnectPacket
 .text.GaiaClientSendAcknowledgement
                0x0005071c       0x18 depend_Release_CSR102x_A05\gaia_client.o
                0x0005071c                GaiaClientSendAcknowledgement
 .text.GaiaClientSendCommandPacket
                0x00050734       0x1d depend_Release_CSR102x_A05\gaia_client.o
                0x00050734                GaiaClientSendCommandPacket
 .text.GAIAClientProcessCommand
                0x00050751       0x58 depend_Release_CSR102x_A05\gaia_client.o
                0x00050751                GAIAClientProcessCommand
 .text.GaiaClientIsServiceDiscovered
                0x000507a9        0xc depend_Release_CSR102x_A05\gaia_client_service.o
                0x000507a9                GaiaClientIsServiceDiscovered
 .text.GaiaConfigureService
                0x000507b5       0x3f depend_Release_CSR102x_A05\gaia_client_service.o
                0x000507b5                GaiaConfigureService
 .text.GaiaWriteCommandEndpoint
                0x000507f4       0x2d depend_Release_CSR102x_A05\gaia_client_service.o
                0x000507f4                GaiaWriteCommandEndpoint
 .text.GaiaInitClientService
                0x00050821       0xb7 depend_Release_CSR102x_A05\gaia_client_service.o
                0x00050821                GaiaInitClientService
 .text.handleConnMgrEvent
                0x000508d8       0x9f depend_Release_CSR102x_A05\gaia_client_service.o
 .text.notifyApplication
                0x00050977       0x15 depend_Release_CSR102x_A05\gaia_otau_client.o
 .text.upgradeSendData
                0x0005098c       0x24 depend_Release_CSR102x_A05\gaia_otau_client.o
 .text.GaiaOtauClientConnNotifyEvent
                0x000509b0        0xc depend_Release_CSR102x_A05\gaia_otau_client.o
                0x000509b0                GaiaOtauClientConnNotifyEvent
 .text.GaiaOtauClientRegisterCallback
                0x000509bc        0x5 depend_Release_CSR102x_A05\gaia_otau_client.o
                0x000509bc                GaiaOtauClientRegisterCallback
 .text.GaiaOtauClientGetState
                0x000509c1        0x3 depend_Release_CSR102x_A05\gaia_otau_client.o
                0x000509c1                GaiaOtauClientGetState
 .text.GaiaOtauClientConfigurationComplete
                0x000509c4        0x7 depend_Release_CSR102x_A05\gaia_otau_client.o
                0x000509c4                GaiaOtauClientConfigurationComplete
 .text.upgradeSendIsValidationDoneRequest
                0x000509cb       0x1b depend_Release_CSR102x_A05\gaia_otau_client.o
 .text.handleValidationTimerExpiry
                0x000509e6       0x12 depend_Release_CSR102x_A05\gaia_otau_client.o
 .text.HandleUpgradeControlRequestAck
                0x000509f8       0x21 depend_Release_CSR102x_A05\gaia_otau_client.o
                0x000509f8                HandleUpgradeControlRequestAck
 .text.GaiaOtauClientResetTransferState
                0x00050a19       0x14 depend_Release_CSR102x_A05\gaia_otau_client.o
                0x00050a19                GaiaOtauClientResetTransferState
 .text.upgradeDeviceResetTransferState
                0x00050a2d        0x7 depend_Release_CSR102x_A05\gaia_otau_client.o
 .text.HandleUpgradeDisconnectAck
                0x00050a34        0x8 depend_Release_CSR102x_A05\gaia_otau_client.o
                0x00050a34                HandleUpgradeDisconnectAck
 .text.GaiaOtauClientInitEvent
                0x00050a3c        0x6 depend_Release_CSR102x_A05\gaia_otau_client.o
                0x00050a3c                GaiaOtauClientInitEvent
 .text.HandleGaiaResponseNotification
                0x00050a42      0x1b4 depend_Release_CSR102x_A05\gaia_otau_client.o
                0x00050a42                HandleGaiaResponseNotification
 .text.HandleUpgradeConnectAck
                0x00050bf6       0x48 depend_Release_CSR102x_A05\gaia_otau_client.o
                0x00050bf6                HandleUpgradeConnectAck
 .text.GaiaOtauClientUpdateConnStatus
                0x00050c3e       0x28 depend_Release_CSR102x_A05\gaia_otau_client.o
                0x00050c3e                GaiaOtauClientUpdateConnStatus
 .text.GaiaOtauClientSendData
                0x00050c66       0x32 depend_Release_CSR102x_A05\gaia_otau_client.o
                0x00050c66                GaiaOtauClientSendData
 .text.GaiaOtauClientStartUpgrade
                0x00050c98        0x8 depend_Release_CSR102x_A05\gaia_otau_client.o
                0x00050c98                GaiaOtauClientStartUpgrade
 .text.GetUpdatedConnParams
                0x00050ca0        0xd depend_Release_CSR102x_A05\conn_param_update.o
                0x00050ca0                GetUpdatedConnParams
 .text.ConnectionParamUpdateSetCallback
                0x00050cad        0x5 depend_Release_CSR102x_A05\conn_param_update.o
                0x00050cad                ConnectionParamUpdateSetCallback
 .text.handleGapCppTimerExpiry
                0x00050cb2       0x14 depend_Release_CSR102x_A05\conn_param_update.o
 .text.requestConnParamUpdate
                0x00050cc6       0x41 depend_Release_CSR102x_A05\conn_param_update.o
 .text.ConnectionParamUpdateEvent
                0x00050d07       0x94 depend_Release_CSR102x_A05\conn_param_update.o
                0x00050d07                ConnectionParamUpdateEvent
 .text.StopConnParamsUpdate
                0x00050d9b        0xf depend_Release_CSR102x_A05\conn_param_update.o
                0x00050d9b                StopConnParamsUpdate
 .text.processNewParams
                0x00050daa       0x49 depend_Release_CSR102x_A05\conn_param_update.o
 .text.RequestConnParamsUpdateOnce
                0x00050df3       0x27 depend_Release_CSR102x_A05\conn_param_update.o
                0x00050df3                RequestConnParamsUpdateOnce
 .text.RequestConnParamsUpdate
                0x00050e1a       0x28 depend_Release_CSR102x_A05\conn_param_update.o
                0x00050e1a                RequestConnParamsUpdate
 .text.Nvm_Read_Secure_Key
                0x00050e42        0x9 depend_Release_CSR102x_A05\nvm_access.o
                0x00050e42                Nvm_Read_Secure_Key
 .text.Nvm_Init
                0x00050e4b       0x1a depend_Release_CSR102x_A05\nvm_access.o
                0x00050e4b                Nvm_Init
 .text.reportPanic
                0x00050e65        0x3 depend_Release_CSR102x_A05\nvm_access.o
 .text.Nvm_Write
                0x00050e68       0x17 depend_Release_CSR102x_A05\nvm_access.o
                0x00050e68                Nvm_Write
 .text.Nvm_Read
                0x00050e7f        0xb depend_Release_CSR102x_A05\nvm_access.o
                0x00050e7f                Nvm_Read
 .text.NvmProcessEvent
                0x00050e8a      0x104 depend_Release_CSR102x_A05\nvm_access.o
                0x00050e8a                NvmProcessEvent
 .text.CMUuidEqual
                0x00050f8e       0x53 depend_Release_CSR102x_A05\cm_common.o
                0x00050f8e                CMUuidEqual
 .text.CMIsAddressResolvableRandom
                0x00050fe1       0x11 depend_Release_CSR102x_A05\cm_common.o
                0x00050fe1                CMIsAddressResolvableRandom
 .text.CMSignalNumberOfCompletedPackets
                0x00050ff2        0x7 depend_Release_CSR102x_A05\cm_common.o
                0x00050ff2                CMSignalNumberOfCompletedPackets
 .text.CMGetDeviceBondState
                0x00050ff9        0xb depend_Release_CSR102x_A05\cm_common.o
                0x00050ff9                CMGetDeviceBondState
 .text.CMEnableEarlyWakeup
                0x00051004        0x9 depend_Release_CSR102x_A05\cm_common.o
                0x00051004                CMEnableEarlyWakeup
 .text.CMReadRssi
                0x0005100d        0x9 depend_Release_CSR102x_A05\cm_common.o
                0x0005100d                CMReadRssi
 .text.CMConfigureRadioEvent
                0x00051016        0xc depend_Release_CSR102x_A05\cm_common.o
                0x00051016                CMConfigureRadioEvent
 .text.CMGetDevConnParam
                0x00051022       0x17 depend_Release_CSR102x_A05\cm_common.o
                0x00051022                CMGetDevConnParam
 .text.CMGetPeerDeviceRole
                0x00051039       0x13 depend_Release_CSR102x_A05\cm_common.o
                0x00051039                CMGetPeerDeviceRole
 .text.CMGetDevState
                0x0005104c       0x13 depend_Release_CSR102x_A05\cm_common.o
                0x0005104c                CMGetDevState
 .text.CMConnectionUpdateSignalingRsp
                0x0005105f        0x2 depend_Release_CSR102x_A05\cm_common.o
                0x0005105f                CMConnectionUpdateSignalingRsp
 .text.CMConnParamUpdateReq
                0x00051061        0x2 depend_Release_CSR102x_A05\cm_common.o
                0x00051061                CMConnParamUpdateReq
 .text.CMGetBdAdressFromDeviceId
                0x00051063       0x17 depend_Release_CSR102x_A05\cm_common.o
                0x00051063                CMGetBdAdressFromDeviceId
 .text.CMGetBondIdFromDeviceId
                0x0005107a       0x14 depend_Release_CSR102x_A05\cm_common.o
                0x0005107a                CMGetBondIdFromDeviceId
 .text.CMDisconnect
                0x0005108e        0xe depend_Release_CSR102x_A05\cm_common.o
                0x0005108e                CMDisconnect
 .text.CMInit   0x0005109c       0x26 depend_Release_CSR102x_A05\cm_common.o
                0x0005109c                CMInit
 .text.asyncApiTimeout
                0x000510c2        0x7 depend_Release_CSR102x_A05\cm_common.o
 .text.getDeviceIdFromCid
                0x000510c9       0x12 depend_Release_CSR102x_A05\cm_hal.o
 .text.HALGetMsgId
                0x000510db        0x5 depend_Release_CSR102x_A05\cm_hal.o
                0x000510db                HALGetMsgId
 .text.HALGetMsg
                0x000510e0        0x5 depend_Release_CSR102x_A05\cm_hal.o
                0x000510e0                HALGetMsg
 .text.HALAddNewDevice
                0x000510e5       0x1f depend_Release_CSR102x_A05\cm_hal.o
                0x000510e5                HALAddNewDevice
 .text.HALGetDeviceId
                0x00051104       0x76 depend_Release_CSR102x_A05\cm_hal.o
                0x00051104                HALGetDeviceId
 .text.HALParseConnCompleteInd
                0x0005117a        0xa depend_Release_CSR102x_A05\cm_hal.o
                0x0005117a                HALParseConnCompleteInd
 .text.HALParseEncChangeInd
                0x00051184        0xa depend_Release_CSR102x_A05\cm_hal.o
                0x00051184                HALParseEncChangeInd
 .text.HALParseRadioEventInd
                0x0005118e        0xb depend_Release_CSR102x_A05\cm_hal.o
                0x0005118e                HALParseRadioEventInd
 .text.HALIsAdvertisingReport
                0x00051199       0x12 depend_Release_CSR102x_A05\cm_hal.o
                0x00051199                HALIsAdvertisingReport
 .text.HALParseAccessWriteInd
                0x000511ab        0xb depend_Release_CSR102x_A05\cm_hal.o
                0x000511ab                HALParseAccessWriteInd
 .text.HALParseAccessReadInd
                0x000511b6        0xb depend_Release_CSR102x_A05\cm_hal.o
                0x000511b6                HALParseAccessReadInd
 .text.HALParseDiscoverServiceInd
                0x000511c1        0x6 depend_Release_CSR102x_A05\cm_hal.o
                0x000511c1                HALParseDiscoverServiceInd
 .text.HALParseReadCharValCfm
                0x000511c7        0xf depend_Release_CSR102x_A05\cm_hal.o
                0x000511c7                HALParseReadCharValCfm
 .text.HALParseNotifInd
                0x000511d6        0xb depend_Release_CSR102x_A05\cm_hal.o
                0x000511d6                HALParseNotifInd
 .text.HALParseSmPairingAuthInd
                0x000511e1        0x1 depend_Release_CSR102x_A05\cm_hal.o
                0x000511e1                HALParseSmPairingAuthInd
 .text.HALParseConnectionUpdateInd
                0x000511e2        0xf depend_Release_CSR102x_A05\cm_hal.o
                0x000511e2                HALParseConnectionUpdateInd
 .text.CMProcessMsg
                0x000511f1        0x6 depend_Release_CSR102x_A05\cm_hal.o
                0x000511f1                CMProcessMsg
 .text.HALMatchBluetoothAddress
                0x000511f7       0x2d depend_Release_CSR102x_A05\cm_hal.o
                0x000511f7                HALMatchBluetoothAddress
 .text.HALConnectionUpdateSignallingRsp
                0x00051224        0xb depend_Release_CSR102x_A05\cm_hal.o
                0x00051224                HALConnectionUpdateSignallingRsp
 .text.HALConnectionParamUpdateReq
                0x0005122f       0x10 depend_Release_CSR102x_A05\cm_hal.o
                0x0005122f                HALConnectionParamUpdateReq
 .text.HALSMDivApprovalRsp
                0x0005123f        0x2 depend_Release_CSR102x_A05\cm_hal.o
                0x0005123f                HALSMDivApprovalRsp
 .text.HALSMKeyRequestResponse
                0x00051241        0x8 depend_Release_CSR102x_A05\cm_hal.o
                0x00051241                HALSMKeyRequestResponse
 .text.HALSendLongTermKeyAuthRsp
                0x00051249        0xb depend_Release_CSR102x_A05\cm_hal.o
                0x00051249                HALSendLongTermKeyAuthRsp
 .text.HALSendValueNotificationExt
                0x00051254       0x11 depend_Release_CSR102x_A05\cm_hal.o
                0x00051254                HALSendValueNotificationExt
 .text.HALParseDisconnCompleteInd
                0x00051265       0x12 depend_Release_CSR102x_A05\cm_hal.o
                0x00051265                HALParseDisconnCompleteInd
 .text.HALSendValueNotification
                0x00051277       0x33 depend_Release_CSR102x_A05\cm_hal.o
                0x00051277                HALSendValueNotification
 .text.sendNotificationCfmTimer
                0x000512aa       0x12 depend_Release_CSR102x_A05\cm_hal.o
 .text.HALSMInit
                0x000512bc        0x9 depend_Release_CSR102x_A05\cm_hal.o
                0x000512bc                HALSMInit
 .text.HALServerWriteInit
                0x000512c5        0x3 depend_Release_CSR102x_A05\cm_hal.o
                0x000512c5                HALServerWriteInit
 .text.HALGapSetPeripheralMode
                0x000512c8        0xb depend_Release_CSR102x_A05\cm_hal.o
                0x000512c8                HALGapSetPeripheralMode
 .text.HALGapLsFindAdType
                0x000512d3        0x6 depend_Release_CSR102x_A05\cm_hal.o
                0x000512d3                HALGapLsFindAdType
 .text.parseName
                0x000512d9       0x60 depend_Release_CSR102x_A05\cm_hal.o
 .text.HALParseAdvertisingReportInd
                0x00051339       0x24 depend_Release_CSR102x_A05\cm_hal.o
                0x00051339                HALParseAdvertisingReportInd
 .text.HALGapSetCentralMode
                0x0005135d        0x9 depend_Release_CSR102x_A05\cm_hal.o
                0x0005135d                HALGapSetCentralMode
 .text.CMGetMainData
                0x00051366        0x3 depend_Release_CSR102x_A05\cm_private.o
                0x00051366                CMGetMainData
 .text.CMNotifyEventToApplication
                0x00051369       0x13 depend_Release_CSR102x_A05\cm_private.o
                0x00051369                CMNotifyEventToApplication
 .text.CMPrivateInit
                0x0005137c       0x1d depend_Release_CSR102x_A05\cm_private.o
                0x0005137c                CMPrivateInit
 .text.CMResetDevConnParam
                0x00051399        0xd depend_Release_CSR102x_A05\cm_private.o
                0x00051399                CMResetDevConnParam
 .text.CMIsDeviceIdValid
                0x000513a6        0x7 depend_Release_CSR102x_A05\cm_private.o
                0x000513a6                CMIsDeviceIdValid
 .text.CMSetDeviceBondState
                0x000513ad        0x9 depend_Release_CSR102x_A05\cm_private.o
                0x000513ad                CMSetDeviceBondState
 .text.CMReportPanic
                0x000513b6        0x3 depend_Release_CSR102x_A05\cm_private.o
                0x000513b6                CMReportPanic
 .text.CMSetDeviceEncryptState
                0x000513b9       0x11 depend_Release_CSR102x_A05\cm_private.o
                0x000513b9                CMSetDeviceEncryptState
 .text.CMGetConnId
                0x000513ca        0xe depend_Release_CSR102x_A05\cm_private.o
                0x000513ca                CMGetConnId
 .text.CMSetConnParam
                0x000513d8       0x13 depend_Release_CSR102x_A05\cm_private.o
                0x000513d8                CMSetConnParam
 .text.CMSetDevState
                0x000513eb       0x2a depend_Release_CSR102x_A05\cm_private.o
                0x000513eb                CMSetDevState
 .text.CMGetDeviceId
                0x00051415        0x7 depend_Release_CSR102x_A05\cm_private.o
                0x00051415                CMGetDeviceId
 .text.handleSignalLmDisconnectComplete
                0x0005141c       0x3c depend_Release_CSR102x_A05\cm_private.o
 .text.handleSignalLsDataRxTimingInd
                0x00051458       0x1c depend_Release_CSR102x_A05\cm_private.o
 .text.handleSignalLsConnUpdateSignallingInd
                0x00051474       0x1b depend_Release_CSR102x_A05\cm_private.o
 .text.handleSignalLsConnParamUpdateInd
                0x0005148f       0x1e depend_Release_CSR102x_A05\cm_private.o
 .text.handleSignalLsConnParamUpdateCfm
                0x000514ad       0x18 depend_Release_CSR102x_A05\cm_private.o
 .text.handleSignalLsConnectionUpdate
                0x000514c5       0x1e depend_Release_CSR102x_A05\cm_private.o
 .text.CMProcessEvent
                0x000514e3      0x1ef depend_Release_CSR102x_A05\cm_private.o
                0x000514e3                CMProcessEvent
 .text.CMGetBondedBDAddr
                0x000516d2       0x11 depend_Release_CSR102x_A05\cm_security.o
                0x000516d2                CMGetBondedBDAddr
 .text.handleSignalSMLongTermKeyInd
                0x000516e3       0x3b depend_Release_CSR102x_A05\cm_security.o
 .text.ClearBondingInfo
                0x0005171e       0x2f depend_Release_CSR102x_A05\cm_security.o
                0x0005171e                ClearBondingInfo
 .text.handleSignalSmSimplePairingCompleteInd
                0x0005174d       0x47 depend_Release_CSR102x_A05\cm_security.o
 .text.CMGetBondId
                0x00051794       0x21 depend_Release_CSR102x_A05\cm_security.o
                0x00051794                CMGetBondId
 .text.storeBondedDeviceInfo
                0x000517b5       0x32 depend_Release_CSR102x_A05\cm_security.o
 .text.handleSignalSmKeysInd
                0x000517e7       0x26 depend_Release_CSR102x_A05\cm_security.o
 .text.CMSecurityHandleProcessLMEvent
                0x0005180d       0xd5 depend_Release_CSR102x_A05\cm_security.o
                0x0005180d                CMSecurityHandleProcessLMEvent
 .text.CMIsDeviceBonded
                0x000518e2       0x20 depend_Release_CSR102x_A05\cm_security.o
                0x000518e2                CMIsDeviceBonded
 .text.CMSecurityInit
                0x00051902       0x4c depend_Release_CSR102x_A05\cm_security.o
                0x00051902                CMSecurityInit
 .text.CMServerGetHandler
                0x0005194e       0x13 depend_Release_CSR102x_A05\cm_server.o
                0x0005194e                CMServerGetHandler
 .text.CMServerNotifyGenericEvent
                0x00051961       0x1e depend_Release_CSR102x_A05\cm_server.o
                0x00051961                CMServerNotifyGenericEvent
 .text.CMServerNotifyGattEvent
                0x0005197f       0x13 depend_Release_CSR102x_A05\cm_server.o
                0x0005197f                CMServerNotifyGattEvent
 .text.CMServerInitRegisterHandler
                0x00051992       0x26 depend_Release_CSR102x_A05\cm_server.o
                0x00051992                CMServerInitRegisterHandler
 .text.CMServerHandleProcessLMEvent
                0x000519b8       0xb7 depend_Release_CSR102x_A05\cm_server.o
                0x000519b8                CMServerHandleProcessLMEvent
 .text.CMSendValueNotification
                0x00051a6f        0x5 depend_Release_CSR102x_A05\cm_server.o
                0x00051a6f                CMSendValueNotification
 .text.CMSendValueNotificationExt
                0x00051a74        0x2 depend_Release_CSR102x_A05\cm_server.o
                0x00051a74                CMSendValueNotificationExt
 .text.CMSendAccessRsp
                0x00051a76       0x15 depend_Release_CSR102x_A05\cm_server.o
                0x00051a76                CMSendAccessRsp
 .text.CMServerInit
                0x00051a8b       0x1b depend_Release_CSR102x_A05\cm_server.o
                0x00051a8b                CMServerInit
 .text.CMObserverInit
                0x00051aa6        0x4 depend_Release_CSR102x_A05\cm_observer.o
                0x00051aa6                CMObserverInit
 .text.CMObserverEnableRawReports
                0x00051aaa        0x3 depend_Release_CSR102x_A05\cm_observer.o
                0x00051aaa                CMObserverEnableRawReports
 .text.CMObserverHandleProcessLMEvent
                0x00051aad       0x1f depend_Release_CSR102x_A05\cm_observer.o
                0x00051aad                CMObserverHandleProcessLMEvent
 .text.CMPeripheralInit
                0x00051acc        0xa depend_Release_CSR102x_A05\cm_peripheral.o
                0x00051acc                CMPeripheralInit
 .text.CMGetAdvState
                0x00051ad6        0x3 depend_Release_CSR102x_A05\cm_peripheral.o
                0x00051ad6                CMGetAdvState
 .text.CMIsAdvertising
                0x00051ad9        0x9 depend_Release_CSR102x_A05\cm_peripheral.o
                0x00051ad9                CMIsAdvertising
 .text.addAdvScanData
                0x00051ae2       0x9e depend_Release_CSR102x_A05\cm_peripheral.o
 .text.gattAdvertTimerHandler
                0x00051b80       0x1c depend_Release_CSR102x_A05\cm_peripheral.o
 .text.CMSetAdvState
                0x00051b9c       0x27 depend_Release_CSR102x_A05\cm_peripheral.o
                0x00051b9c                CMSetAdvState
 .text.startAdvertisements
                0x00051bc3       0xe4 depend_Release_CSR102x_A05\cm_peripheral.o
 .text.handleSignalLsCancelConnectCfm
                0x00051ca7       0x23 depend_Release_CSR102x_A05\cm_peripheral.o
 .text.CMPeripheralDirectAdvTimeout
                0x00051cca       0x10 depend_Release_CSR102x_A05\cm_peripheral.o
                0x00051cca                CMPeripheralDirectAdvTimeout
 .text.CMPeripheralHandleProcessLmEvent
                0x00051cda       0x28 depend_Release_CSR102x_A05\cm_peripheral.o
                0x00051cda                CMPeripheralHandleProcessLmEvent
 .text.CMCentralInit
                0x00051d02        0x8 depend_Release_CSR102x_A05\cm_central.o
                0x00051d02                CMCentralInit
 .text.CMGetScanState
                0x00051d0a        0x3 depend_Release_CSR102x_A05\cm_central.o
                0x00051d0a                CMGetScanState
 .text.CMGetConnState
                0x00051d0d        0x3 depend_Release_CSR102x_A05\cm_central.o
                0x00051d0d                CMGetConnState
 .text.CMCentralSetScanParams
                0x00051d10       0x2f depend_Release_CSR102x_A05\cm_central.o
                0x00051d10                CMCentralSetScanParams
 .text.CMSetConnState
                0x00051d3f        0xe depend_Release_CSR102x_A05\cm_central.o
                0x00051d3f                CMSetConnState
 .text.CMSetScanState
                0x00051d4d        0xe depend_Release_CSR102x_A05\cm_central.o
                0x00051d4d                CMSetScanState
 .text.interestedDevice
                0x00051d5b       0xa5 depend_Release_CSR102x_A05\cm_central.o
 .text.CMCentralHandleProcessLMEvent
                0x00051e00       0x54 depend_Release_CSR102x_A05\cm_central.o
                0x00051e00                CMCentralHandleProcessLMEvent
 .text.CMCentralCancelConnect
                0x00051e54        0xf depend_Release_CSR102x_A05\cm_central.o
                0x00051e54                CMCentralCancelConnect
 .text.connTimerHandler
                0x00051e63        0x9 depend_Release_CSR102x_A05\cm_central.o
 .text.CMCentralStopScanning
                0x00051e6c       0x16 depend_Release_CSR102x_A05\cm_central.o
                0x00051e6c                CMCentralStopScanning
 .text.CMCentralConnect
                0x00051e82       0x36 depend_Release_CSR102x_A05\cm_central.o
                0x00051e82                CMCentralConnect
 .text.CMCentralStartScanning
                0x00051eb8       0x2b depend_Release_CSR102x_A05\cm_central.o
                0x00051eb8                CMCentralStartScanning
 .text.CMCentralStartScanningExt
                0x00051ee3        0x8 depend_Release_CSR102x_A05\cm_central.o
                0x00051ee3                CMCentralStartScanningExt
 .text.moreCharDiscriptors
                0x00051eeb       0x21 depend_Release_CSR102x_A05\cm_client.o
 .text.moreCharacteristics
                0x00051f0c       0x38 depend_Release_CSR102x_A05\cm_client.o
 .text.CMClientNotifyGenericEvent
                0x00051f44       0x1e depend_Release_CSR102x_A05\cm_client.o
                0x00051f44                CMClientNotifyGenericEvent
 .text.CMClientNotifyGattEvent
                0x00051f62       0x13 depend_Release_CSR102x_A05\cm_client.o
                0x00051f62                CMClientNotifyGattEvent
 .text.CMClientFindDevice
                0x00051f75       0x19 depend_Release_CSR102x_A05\cm_client.o
                0x00051f75                CMClientFindDevice
 .text.CMClientCheckHandleRange
                0x00051f8e        0xc depend_Release_CSR102x_A05\cm_client.o
                0x00051f8e                CMClientCheckHandleRange
 .text.getInstanceAndHandler
                0x00051f9a       0x3c depend_Release_CSR102x_A05\cm_client.o
 .text.discoverServiceChar
                0x00051fd6        0xd depend_Release_CSR102x_A05\cm_client.o
 .text.discoveryComplete
                0x00051fe3       0x3e depend_Release_CSR102x_A05\cm_client.o
 .text.discoverCharacteristicDesc
                0x00052021       0x15 depend_Release_CSR102x_A05\cm_client.o
 .text.CMClientHandleProcessLMEvent
                0x00052036      0x278 depend_Release_CSR102x_A05\cm_client.o
                0x00052036                CMClientHandleProcessLMEvent
 .text.CMClientStartDiscovery
                0x000522ae       0x19 depend_Release_CSR102x_A05\cm_client.o
                0x000522ae                CMClientStartDiscovery
 .text.CMClientWriteRequest
                0x000522c7       0x1a depend_Release_CSR102x_A05\cm_client.o
                0x000522c7                CMClientWriteRequest
 .text.CMClientInitRegisterHandler
                0x000522e1       0x1a depend_Release_CSR102x_A05\cm_client.o
                0x000522e1                CMClientInitRegisterHandler
 .text.CMClientInit
                0x000522fb       0x14 depend_Release_CSR102x_A05\cm_client.o
                0x000522fb                CMClientInit
 .text.GetBatteryState
                0x0005230f        0xb depend_Release_CSR102x_A05\battery_hw.o
                0x0005230f                GetBatteryState
 .text.ReadBatteryLevel
                0x0005231a       0x28 depend_Release_CSR102x_A05\battery_hw.o
                0x0005231a                ReadBatteryLevel
 .text.SendLowBatteryIndication
                0x00052342       0x12 depend_Release_CSR102x_A05\battery_hw.o
                0x00052342                SendLowBatteryIndication
 .text.setPioMask
                0x00052354       0x21 depend_Release_CSR102x_A05\iot_hw.o
 .text.GetIOTSwitchMask
                0x00052375       0x21 depend_Release_CSR102x_A05\iot_hw.o
                0x00052375                GetIOTSwitchMask
 .text.IOTRelayClose
                0x00052396        0x8 depend_Release_CSR102x_A05\iot_hw.o
                0x00052396                IOTRelayClose
 .text.IOTRelayOpen
                0x0005239e        0x8 depend_Release_CSR102x_A05\iot_hw.o
                0x0005239e                IOTRelayOpen
 .text.IOTRelayInit2
                0x000523a6        0xf depend_Release_CSR102x_A05\iot_hw.o
                0x000523a6                IOTRelayInit2
 .text.IOTSwitchInit
                0x000523b5       0x90 depend_Release_CSR102x_A05\iot_hw.o
                0x000523b5                IOTSwitchInit
 .text.IOTLightControlDevicePower
                0x00052445       0x69 depend_Release_CSR102x_A05\iot_hw.o
                0x00052445                IOTLightControlDevicePower
 .text.IOTLightControlDeviceBlink
                0x000524ae       0x4b depend_Release_CSR102x_A05\iot_hw.o
                0x000524ae                IOTLightControlDeviceBlink
 .text.IOTLightControlDeviceSetColor
                0x000524f9       0x46 depend_Release_CSR102x_A05\iot_hw.o
                0x000524f9                IOTLightControlDeviceSetColor
 .text.IOTLightControlDeviceInit
                0x0005253f       0x2c depend_Release_CSR102x_A05\iot_hw.o
                0x0005253f                IOTLightControlDeviceInit
 .text.getPsKeyOffset
                0x0005256b       0x16 depend_Release_CSR102x_A05\csr_mesh_ps_ifce.o
 .text.CSRmeshPsInit
                0x00052581        0x2 depend_Release_CSR102x_A05\csr_mesh_ps_ifce.o
                0x00052581                CSRmeshPsInit
 .text.CSRmeshPsSecureWrite
                0x00052583        0xa depend_Release_CSR102x_A05\csr_mesh_ps_ifce.o
                0x00052583                CSRmeshPsSecureWrite
 .text.CSRmeshPsWriteWithOffset
                0x0005258d        0xb depend_Release_CSR102x_A05\csr_mesh_ps_ifce.o
                0x0005258d                CSRmeshPsWriteWithOffset
 .text.CSRmeshPsWrite
                0x00052598        0xa depend_Release_CSR102x_A05\csr_mesh_ps_ifce.o
                0x00052598                CSRmeshPsWrite
 .text.CSRmeshPsSecureRead
                0x000525a2        0xa depend_Release_CSR102x_A05\csr_mesh_ps_ifce.o
                0x000525a2                CSRmeshPsSecureRead
 .text.CSRmeshPsRead
                0x000525ac        0xa depend_Release_CSR102x_A05\csr_mesh_ps_ifce.o
                0x000525ac                CSRmeshPsRead
 .text.CSRmeshIsPsReadyForAccess
                0x000525b6       0x1a depend_Release_CSR102x_A05\csr_mesh_ps_ifce.o
                0x000525b6                CSRmeshIsPsReadyForAccess
 .text.CSRmeshPsReadSecureKey
                0x000525d0        0x2 depend_Release_CSR102x_A05\csr_mesh_ps_ifce.o
                0x000525d0                CSRmeshPsReadSecureKey
 .text.AttentionModelDataInit
                0x000525d2        0xf depend_Release_CSR102x_A05\attention_model_handler.o
                0x000525d2                AttentionModelDataInit
 .text.AttentionModelHandlerInit
                0x000525e1        0xb depend_Release_CSR102x_A05\attention_model_handler.o
                0x000525e1                AttentionModelHandlerInit
 .text.attentionModelEventHandler
                0x000525ec       0x4b depend_Release_CSR102x_A05\attention_model_handler.o
 .text.attnTimerHandler
                0x00052637        0xa depend_Release_CSR102x_A05\attention_model_handler.o
 .text.BatteryModelDataInit
                0x00052641        0x5 depend_Release_CSR102x_A05\battery_model_handler.o
                0x00052641                BatteryModelDataInit
 .text.BatteryModelHandlerInit
                0x00052646        0xb depend_Release_CSR102x_A05\battery_model_handler.o
                0x00052646                BatteryModelHandlerInit
 .text.batteryModelEventHandler
                0x00052651       0x21 depend_Release_CSR102x_A05\battery_model_handler.o
 .text.AppGetAssociatedState
                0x00052672        0x5 depend_Release_CSR102x_A05\core_mesh_handler.o
                0x00052672                AppGetAssociatedState
 .text.IsGattBearerEnabled
                0x00052677        0x6 depend_Release_CSR102x_A05\core_mesh_handler.o
                0x00052677                IsGattBearerEnabled
 .text.AppGetStoredBearerState
                0x0005267d        0xb depend_Release_CSR102x_A05\core_mesh_handler.o
                0x0005267d                AppGetStoredBearerState
 .text.AppGetCurrentTTL
                0x00052688        0x5 depend_Release_CSR102x_A05\core_mesh_handler.o
                0x00052688                AppGetCurrentTTL
 .text.AppInitializeSeqCache
                0x0005268d        0x1 depend_Release_CSR102x_A05\core_mesh_handler.o
                0x0005268d                AppInitializeSeqCache
 .text.AppClearSeqCache
                0x0005268e        0x2 depend_Release_CSR102x_A05\core_mesh_handler.o
                0x0005268e                AppClearSeqCache
 .text.AppSetTxPower
                0x00052690       0x1e depend_Release_CSR102x_A05\core_mesh_handler.o
                0x00052690                AppSetTxPower
 .text.MeshHandlerInit
                0x000526ae        0xb depend_Release_CSR102x_A05\core_mesh_handler.o
                0x000526ae                MeshHandlerInit
 .text.InitiateAssociation
                0x000526b9        0xb depend_Release_CSR102x_A05\core_mesh_handler.o
                0x000526b9                InitiateAssociation
 .text.attnTimerHandler
                0x000526c4        0xa depend_Release_CSR102x_A05\core_mesh_handler.o
 .text.removeAssocTimeoutHandler
                0x000526ce        0xa depend_Release_CSR102x_A05\core_mesh_handler.o
 .text.AppUpdateBearerState
                0x000526d8        0xf depend_Release_CSR102x_A05\core_mesh_handler.o
                0x000526d8                AppUpdateBearerState
 .text.appProcessMeshEvent
                0x000526e7      0x12e depend_Release_CSR102x_A05\core_mesh_handler.o
 .text.rxStreamTimeoutHandler
                0x00052815        0xe depend_Release_CSR102x_A05\data_model_handler.o
 .text.DataModelHandlerInit
                0x00052823       0x30 depend_Release_CSR102x_A05\data_model_handler.o
                0x00052823                DataModelHandlerInit
 .text.endStream
                0x00052853       0x1c depend_Release_CSR102x_A05\data_model_handler.o
 .text.handleCSRmeshDataStreamSendCfm
                0x0005286f       0x4b depend_Release_CSR102x_A05\data_model_handler.o
 .text.appDataClientHandler
                0x000528ba       0x2b depend_Release_CSR102x_A05\data_model_handler.o
 .text.streamSendRetryTimer
                0x000528e5       0x40 depend_Release_CSR102x_A05\data_model_handler.o
 .text.startStream
                0x00052925       0x17 depend_Release_CSR102x_A05\data_model_handler.o
 .text.appDataServerHandler
                0x0005293c      0x10e depend_Release_CSR102x_A05\data_model_handler.o
 .text.getDurationForState
                0x00052a4a       0x1b depend_Release_CSR102x_A05\light_model_handler.o
 .text.LightModelDataInit
                0x00052a65       0x13 depend_Release_CSR102x_A05\light_model_handler.o
                0x00052a65                LightModelDataInit
 .text.initialiseTransitionData
                0x00052a78       0x2b depend_Release_CSR102x_A05\light_model_handler.o
 .text.LightUpdatePowerState
                0x00052aa3       0x1a depend_Release_CSR102x_A05\light_model_handler.o
                0x00052aa3                LightUpdatePowerState
 .text.WriteLightModelDataOntoNVM
                0x00052abd       0x50 depend_Release_CSR102x_A05\light_model_handler.o
                0x00052abd                WriteLightModelDataOntoNVM
 .text.lightDataNVMWriteTimerHandler
                0x00052b0d        0x8 depend_Release_CSR102x_A05\light_model_handler.o
 .text.ReadLightModelDataFromNVM
                0x00052b15       0x53 depend_Release_CSR102x_A05\light_model_handler.o
                0x00052b15                ReadLightModelDataFromNVM
 .text.LightModelHandlerInit
                0x00052b68        0xb depend_Release_CSR102x_A05\light_model_handler.o
                0x00052b68                LightModelHandlerInit
 .text.lightModelEventHandler
                0x00052b73      0x210 depend_Release_CSR102x_A05\light_model_handler.o
 .text.transitionTimerHandler
                0x00052d83      0x129 depend_Release_CSR102x_A05\light_model_handler.o
 .text.PowerUpdatePowerState
                0x00052eac        0x5 depend_Release_CSR102x_A05\power_model_handler.o
                0x00052eac                PowerUpdatePowerState
 .text.PowerModelDataInit
                0x00052eb1        0x6 depend_Release_CSR102x_A05\power_model_handler.o
                0x00052eb1                PowerModelDataInit
 .text.PowerModelHandlerInit
                0x00052eb7        0xb depend_Release_CSR102x_A05\power_model_handler.o
                0x00052eb7                PowerModelHandlerInit
 .text.powerModelEventHandler
                0x00052ec2       0x4a depend_Release_CSR102x_A05\power_model_handler.o
 .text.ReportPanic
                0x00052f0c        0x3 depend_Release_CSR102x_A05\app_util.o
                0x00052f0c                ReportPanic
 .text.GetConnectedDeviceId
                0x00052f0f        0x3 depend_Release_CSR102x_A05\connection_handler.o
                0x00052f0f                GetConnectedDeviceId
 .text.IsGaiaOtauInProgress
                0x00052f12        0x3 depend_Release_CSR102x_A05\connection_handler.o
                0x00052f12                IsGaiaOtauInProgress
 .text.GaiaOtauUpgradedApplication
                0x00052f15        0x3 depend_Release_CSR102x_A05\connection_handler.o
                0x00052f15                GaiaOtauUpgradedApplication
 .text.IsGaiaOtauUpgradedApplication
                0x00052f18        0x3 depend_Release_CSR102x_A05\connection_handler.o
                0x00052f18                IsGaiaOtauUpgradedApplication
 .text.GetConnInterval
                0x00052f1b        0x3 depend_Release_CSR102x_A05\connection_handler.o
                0x00052f1b                GetConnInterval
 .text.AppGetLastConnectedAddress
                0x00052f1e        0xa depend_Release_CSR102x_A05\connection_handler.o
                0x00052f1e                AppGetLastConnectedAddress
 .text.AppSendConnectRequest
                0x00052f28       0x25 depend_Release_CSR102x_A05\connection_handler.o
                0x00052f28                AppSendConnectRequest
 .text.connTimeoutHandler
                0x00052f4d       0x14 depend_Release_CSR102x_A05\connection_handler.o
 .text.SendConnectRequest
                0x00052f61       0x12 depend_Release_CSR102x_A05\connection_handler.o
                0x00052f61                SendConnectRequest
 .text.AppConfigureNextService
                0x00052f73       0x13 depend_Release_CSR102x_A05\connection_handler.o
                0x00052f73                AppConfigureNextService
 .text.GaiaOtauInProgress
                0x00052f86       0x1e depend_Release_CSR102x_A05\connection_handler.o
                0x00052f86                GaiaOtauInProgress
 .text.AppRequestConnParamUpdate
                0x00052fa4       0x3e depend_Release_CSR102x_A05\connection_handler.o
                0x00052fa4                AppRequestConnParamUpdate
 .text.AppSetState
                0x00052fe2       0x20 depend_Release_CSR102x_A05\connection_handler.o
                0x00052fe2                AppSetState
 .text.InitialiseGattData
                0x00053002       0x1d depend_Release_CSR102x_A05\connection_handler.o
                0x00053002                InitialiseGattData
 .text.startGattDiscovery
                0x0005301f       0x19 depend_Release_CSR102x_A05\connection_handler.o
 .text.AppCMInit
                0x00053038       0x25 depend_Release_CSR102x_A05\connection_handler.o
                0x00053038                AppCMInit
 .text.handleConnNotify
                0x0005305d       0xd1 depend_Release_CSR102x_A05\connection_handler.o
 .text.startDiscoveryTimeout
                0x0005312e        0xc depend_Release_CSR102x_A05\connection_handler.o
 .text.appHandleConnMgrProcEvent
                0x0005313a       0xea depend_Release_CSR102x_A05\connection_handler.o
 .text.GattStopAdverts
                0x00053224        0xc depend_Release_CSR102x_A05\advertisement_handler.o
                0x00053224                GattStopAdverts
 .text.GattTriggerLOTAdverts
                0x00053230        0xa depend_Release_CSR102x_A05\advertisement_handler.o
                0x00053230                GattTriggerLOTAdverts
 .text.csrStoreUserAdvData
                0x0005323a       0x2e depend_Release_CSR102x_A05\advertisement_handler.o
 .text.gattSetAdvertData
                0x00053268       0x95 depend_Release_CSR102x_A05\advertisement_handler.o
 .text.GattTriggerConnectableAdverts
                0x000532fd       0x63 depend_Release_CSR102x_A05\advertisement_handler.o
                0x000532fd                GattTriggerConnectableAdverts
 .text.gattAdvertTimerHandler
                0x00053360        0x9 depend_Release_CSR102x_A05\advertisement_handler.o
 .text.TimeModelDataInit
                0x00053369       0x29 depend_Release_CSR102x_A05\time_model_handler.o
                0x00053369                TimeModelDataInit
 .text.TimeModelHandlerInit
                0x00053392       0x10 depend_Release_CSR102x_A05\time_model_handler.o
                0x00053392                TimeModelHandlerInit
 .text.compTime48ForSkewDrift
                0x000533a2       0x37 depend_Release_CSR102x_A05\time_model_handler.o
 .text.sendTimeBroadcast
                0x000533d9       0x28 depend_Release_CSR102x_A05\time_model_handler.o
 .text.tickTimerHandler
                0x00053401       0x84 depend_Release_CSR102x_A05\time_model_handler.o
 .text.TimeModelGetUTC
                0x00053485       0x5c depend_Release_CSR102x_A05\time_model_handler.o
                0x00053485                TimeModelGetUTC
 .text.WriteTimeModelDataOntoNVM
                0x000534e1        0x8 depend_Release_CSR102x_A05\time_model_handler.o
                0x000534e1                WriteTimeModelDataOntoNVM
 .text.timeModelEventHandler
                0x000534e9       0xb4 depend_Release_CSR102x_A05\time_model_handler.o
 .text.ReadTimeModelDataFromNVM
                0x0005359d        0x8 depend_Release_CSR102x_A05\time_model_handler.o
                0x0005359d                ReadTimeModelDataFromNVM
 .text.getDiffTimeInSeconds
                0x000535a5       0x6d depend_Release_CSR102x_A05\action_model_handler.o
 .text.getActionIdIndex
                0x00053612       0x24 depend_Release_CSR102x_A05\action_model_handler.o
 .text.getCurrentRefTime
                0x00053636        0xc depend_Release_CSR102x_A05\action_model_handler.o
 .text.ActionModelDataInit
                0x00053642       0x2e depend_Release_CSR102x_A05\action_model_handler.o
                0x00053642                ActionModelDataInit
 .text.resetPktAssemblyInfo
                0x00053670       0x1d depend_Release_CSR102x_A05\action_model_handler.o
 .text.pktAssemblyTimeoutHandler
                0x0005368d        0x6 depend_Release_CSR102x_A05\action_model_handler.o
 .text.ActionModelHandlerInit
                0x00053693        0xb depend_Release_CSR102x_A05\action_model_handler.o
                0x00053693                ActionModelHandlerInit
 .text.setTimerForNextAction
                0x0005369e       0xd0 depend_Release_CSR102x_A05\action_model_handler.o
 .text.writeActionDataOnIndex
                0x0005376e       0x78 depend_Release_CSR102x_A05\action_model_handler.o
 .text.WriteActionModelDataOntoNVM
                0x000537e6        0xb depend_Release_CSR102x_A05\action_model_handler.o
                0x000537e6                WriteActionModelDataOntoNVM
 .text.actionModelEventHandler
                0x000537f1      0x231 depend_Release_CSR102x_A05\action_model_handler.o
 .text.ActionModelSyncCurrentTime
                0x00053a22       0x3d depend_Release_CSR102x_A05\action_model_handler.o
                0x00053a22                ActionModelSyncCurrentTime
 .text.nextActionTimerHandler
                0x00053a5f       0x95 depend_Release_CSR102x_A05\action_model_handler.o
 .text.ReadActionModelDataFromNVM
                0x00053af4       0x95 depend_Release_CSR102x_A05\action_model_handler.o
                0x00053af4                ReadActionModelDataFromNVM
 .text.LotModelSendAnnounce
                0x00053b89       0x5b depend_Release_CSR102x_A05\largeobjecttransfer_model_handler.o
                0x00053b89                LotModelSendAnnounce
 .text.LotModelHandlerInit
                0x00053be4       0x61 depend_Release_CSR102x_A05\largeobjecttransfer_model_handler.o
                0x00053be4                LotModelHandlerInit
 .text.lotModelEventHandler
                0x00053c45      0x107 depend_Release_CSR102x_A05\largeobjecttransfer_model_handler.o
 .text.AssetModelDataInit
                0x00053d4c       0x26 depend_Release_CSR102x_A05\asset_model_handler.o
                0x00053d4c                AssetModelDataInit
 .text.AssetModelHandlerInit
                0x00053d72        0xb depend_Release_CSR102x_A05\asset_model_handler.o
                0x00053d72                AssetModelHandlerInit
 .text.WriteAssetModelDataOntoNVM
                0x00053d7d       0x33 depend_Release_CSR102x_A05\asset_model_handler.o
                0x00053d7d                WriteAssetModelDataOntoNVM
 .text.ReadAssetModelDataFromNVM
                0x00053db0       0x37 depend_Release_CSR102x_A05\asset_model_handler.o
                0x00053db0                ReadAssetModelDataFromNVM
 .text.AssetStartBroadcast
                0x00053de7       0x27 depend_Release_CSR102x_A05\asset_model_handler.o
                0x00053de7                AssetStartBroadcast
 .text.assetModelEventHandler
                0x00053e0e       0x30 depend_Release_CSR102x_A05\asset_model_handler.o
 .text.assetBcastTimerHandler
                0x00053e3e       0x7c depend_Release_CSR102x_A05\asset_model_handler.o
 .text.trackerFindAssetInCache
                0x00053eba       0x19 depend_Release_CSR102x_A05\tracker_model_handler.o
 .text.trackerFindFreeSlotInCache
                0x00053ed3       0x40 depend_Release_CSR102x_A05\tracker_model_handler.o
 .text.trackerIsCacheEmpty
                0x00053f13       0x14 depend_Release_CSR102x_A05\tracker_model_handler.o
 .text.trackerClearCache
                0x00053f27       0x17 depend_Release_CSR102x_A05\tracker_model_handler.o
 .text.TrackerModelDataInit
                0x00053f3e       0x36 depend_Release_CSR102x_A05\tracker_model_handler.o
                0x00053f3e                TrackerModelDataInit
 .text.TrackerModelHandlerInit
                0x00053f74       0x15 depend_Release_CSR102x_A05\tracker_model_handler.o
                0x00053f74                TrackerModelHandlerInit
 .text.assetCacheTimerHandler
                0x00053f89       0x4f depend_Release_CSR102x_A05\tracker_model_handler.o
 .text.pendingCacheTimerHandler
                0x00053fd8       0xc1 depend_Release_CSR102x_A05\tracker_model_handler.o
 .text.WriteTrackerModelDataOntoNVM
                0x00054099       0x48 depend_Release_CSR102x_A05\tracker_model_handler.o
                0x00054099                WriteTrackerModelDataOntoNVM
 .text.trackerModelEventHandler
                0x000540e1      0x1a0 depend_Release_CSR102x_A05\tracker_model_handler.o
 .text.ReadTrackerModelDataFromNVM
                0x00054281       0x48 depend_Release_CSR102x_A05\tracker_model_handler.o
                0x00054281                ReadTrackerModelDataFromNVM
 .text.AppGaiaOtauDataInit
                0x000542c9        0xd depend_Release_CSR102x_A05\app_otau_handler.o
                0x000542c9                AppGaiaOtauDataInit
 .text.AppGaiaOtauInit
                0x000542d6        0xf depend_Release_CSR102x_A05\app_otau_handler.o
                0x000542d6                AppGaiaOtauInit
 .text.handleConnParamUpdateCallback
                0x000542e5        0xc depend_Release_CSR102x_A05\app_otau_handler.o
 .text.updateStoreType
                0x000542f1       0x14 depend_Release_CSR102x_A05\app_otau_handler.o
 .text.appHandleGaiaOtauEvent
                0x00054305      0x15b depend_Release_CSR102x_A05\app_otau_handler.o
 .text.appHandleGaiaEvent
                0x00054460       0x14 depend_Release_CSR102x_A05\app_otau_handler.o
 .text.StopScanning
                0x00054474        0xf depend_Release_CSR102x_A05\scan_handler.o
                0x00054474                StopScanning
 .text.StartScanning
                0x00054483       0x6b depend_Release_CSR102x_A05\scan_handler.o
                0x00054483                StartScanning
 .text.scanTimeoutHandler
                0x000544ee       0x12 depend_Release_CSR102x_A05\scan_handler.o
 .text.resetOtauTransferStateData
                0x00054500        0xd depend_Release_CSR102x_A05\app_otau_client_handler.o
 .text.setCalculateHashStatus
                0x0005450d        0xd depend_Release_CSR102x_A05\app_otau_client_handler.o
 .text.updatePreviousStore
                0x0005451a       0x48 depend_Release_CSR102x_A05\app_otau_client_handler.o
 .text.GaiaOtauSetCommitStatus
                0x00054562        0xd depend_Release_CSR102x_A05\app_otau_client_handler.o
                0x00054562                GaiaOtauSetCommitStatus
 .text.StoreRelayStoreInfo
                0x0005456f       0x30 depend_Release_CSR102x_A05\app_otau_client_handler.o
                0x0005456f                StoreRelayStoreInfo
 .text.GaiaOtauClientConfigStoreMsg
                0x0005459f       0x13 depend_Release_CSR102x_A05\app_otau_client_handler.o
                0x0005459f                GaiaOtauClientConfigStoreMsg
 .text.startSHA256sum
                0x000545b2       0x2e depend_Release_CSR102x_A05\app_otau_client_handler.o
 .text.SendLOTAnnouncePacket
                0x000545e0       0x9e depend_Release_CSR102x_A05\app_otau_client_handler.o
                0x000545e0                SendLOTAnnouncePacket
 .text.handleAnnounceTimerExpiry
                0x0005467e        0x6 depend_Release_CSR102x_A05\app_otau_client_handler.o
 .text.GaiaOtauSetRelayStore
                0x00054684       0x79 depend_Release_CSR102x_A05\app_otau_client_handler.o
                0x00054684                GaiaOtauSetRelayStore
 .text.StorePartitionSignatureToNVM
                0x000546fd       0x27 depend_Release_CSR102x_A05\app_otau_client_handler.o
                0x000546fd                StorePartitionSignatureToNVM
 .text.GaiaOtauClientHandleStoreUpdateMsg
                0x00054724       0x5e depend_Release_CSR102x_A05\app_otau_client_handler.o
                0x00054724                GaiaOtauClientHandleStoreUpdateMsg
 .text.StoreHeaderDataToNVM
                0x00054782       0x11 depend_Release_CSR102x_A05\app_otau_client_handler.o
                0x00054782                StoreHeaderDataToNVM
 .text.StorePartitionDataToNVM
                0x00054793       0x28 depend_Release_CSR102x_A05\app_otau_client_handler.o
                0x00054793                StorePartitionDataToNVM
 .text.GaiaAppClientInit
                0x000547bb      0x1e5 depend_Release_CSR102x_A05\app_otau_client_handler.o
                0x000547bb                GaiaAppClientInit
 .text.AppOtauClientInit
                0x000549a0        0x5 depend_Release_CSR102x_A05\app_otau_client_handler.o
                0x000549a0                AppOtauClientInit
 .text.gaiaClientDataTransferEvent
                0x000549a5      0x112 depend_Release_CSR102x_A05\app_otau_client_handler.o
 .text.appHandleGaiaOtauClientEvent
                0x00054ab7       0x5a depend_Release_CSR102x_A05\app_otau_client_handler.o
 .text.startUpgradeTimerExpiry
                0x00054b11       0x10 depend_Release_CSR102x_A05\app_otau_client_handler.o
 .text.writeDeviceNameToNvm
                0x00054b21       0x16 depend_Release_CSR102x_A05\gap_service.o
 .text.handleConnMgrProcedureEvent
                0x00054b37       0x53 depend_Release_CSR102x_A05\gap_service.o
 .text.serviceDataInit
                0x00054b8a       0x1b depend_Release_CSR102x_A05\gap_service.o
 .text.GapInitServerServiceNoBond
                0x00054ba5       0x12 depend_Release_CSR102x_A05\gap_service.o
                0x00054ba5                GapInitServerServiceNoBond
 .text.GapGetNameAndLength
                0x00054bb7        0xc depend_Release_CSR102x_A05\gap_service.o
                0x00054bb7                GapGetNameAndLength
 .text.writeToNvm
                0x00054bc3       0x1f depend_Release_CSR102x_A05\gatt_service.o
 .text.handleConnMgrProcedureEvent
                0x00054be2       0x8f depend_Release_CSR102x_A05\gatt_service.o
 .text.readDataFromNVM
                0x00054c71       0x30 depend_Release_CSR102x_A05\gatt_service.o
 .text.GattExtInitServerService
                0x00054ca1       0x24 depend_Release_CSR102x_A05\gatt_service.o
                0x00054ca1                GattExtInitServerService
 .text.MeshControlServiceDataInit
                0x00054cc5        0x8 depend_Release_CSR102x_A05\mesh_control_service.o
                0x00054cc5                MeshControlServiceDataInit
 .text.MeshControlNotifyResponse
                0x00054ccd       0x2a depend_Release_CSR102x_A05\mesh_control_service.o
                0x00054ccd                MeshControlNotifyResponse
 .text.MeshControlInitServerService
                0x00054cf7       0x12 depend_Release_CSR102x_A05\mesh_control_service.o
                0x00054cf7                MeshControlInitServerService
 .text.handleAccessRead
                0x00054d09       0x47 depend_Release_CSR102x_A05\mesh_control_service.o
 .text.handleAccessWrite
                0x00054d50       0xa8 depend_Release_CSR102x_A05\mesh_control_service.o
 .text.handleConnMgrProcedureEvent
                0x00054df8        0xe depend_Release_CSR102x_A05\mesh_control_service.o
 .text.SetUint8InArray
                0x00054e06        0x7 depend_Release_CSR102x_A05\byte_utils.o
                0x00054e06                SetUint8InArray
 .text.SetUint16InArray
                0x00054e0d        0xd depend_Release_CSR102x_A05\byte_utils.o
                0x00054e0d                SetUint16InArray
 .text.SetUint32InArray
                0x00054e1a       0x16 depend_Release_CSR102x_A05\byte_utils.o
                0x00054e1a                SetUint32InArray
 .text.GetUint8FromArray
                0x00054e30        0x4 depend_Release_CSR102x_A05\byte_utils.o
                0x00054e30                GetUint8FromArray
 .text.GetUint16FromArray
                0x00054e34        0x6 depend_Release_CSR102x_A05\byte_utils.o
                0x00054e34                GetUint16FromArray
 .text.GetUint32FromArray
                0x00054e3a       0x1b depend_Release_CSR102x_A05\byte_utils.o
                0x00054e3a                GetUint32FromArray
 .text.SwapBytes
                0x00054e55       0x1d depend_Release_CSR102x_A05\byte_utils.o
                0x00054e55                SwapBytes
 .text.BufReadUint16BE
                0x00054e72        0xc depend_Release_CSR102x_A05\byte_utils.o
                0x00054e72                BufReadUint16BE
 .text.notifyApplication
                0x00054e7e       0x15 depend_Release_CSR102x_A05\gaia.o
 .text.GaiaLibInit
                0x00054e93        0x9 depend_Release_CSR102x_A05\gaia.o
                0x00054e93                GaiaLibInit
 .text.GaiaLibHandleConnNotify
                0x00054e9c        0x1 depend_Release_CSR102x_A05\gaia.o
                0x00054e9c                GaiaLibHandleConnNotify
 .text.GaiaRegisterCallback
                0x00054e9d        0x5 depend_Release_CSR102x_A05\gaia.o
                0x00054e9d                GaiaRegisterCallback
 .text.GaiaSendPacket
                0x00054ea2       0x2b depend_Release_CSR102x_A05\gaia.o
                0x00054ea2                GaiaSendPacket
 .text.GAIAProcessCommand
                0x00054ecd      0x124 depend_Release_CSR102x_A05\gaia.o
                0x00054ecd                GAIAProcessCommand
 .text.initStateVariables
                0x00054ff1       0x17 depend_Release_CSR102x_A05\gaia_otau.o
 .text.notifyApplication
                0x00055008       0x15 depend_Release_CSR102x_A05\gaia_otau.o
 .text.notifyApplicationRebootWarning
                0x0005501d        0xa depend_Release_CSR102x_A05\gaia_otau.o
 .text.isNewApp
                0x00055027        0x9 depend_Release_CSR102x_A05\gaia_otau.o
 .text.getAppStoreToUpgrade
                0x00055030       0x10 depend_Release_CSR102x_A05\gaia_otau.o
 .text.GaiaOtauConfigStoreMsg
                0x00055040       0x1a depend_Release_CSR102x_A05\gaia_otau.o
                0x00055040                GaiaOtauConfigStoreMsg
 .text.GaiaOtauRegisterCallback
                0x0005505a        0x5 depend_Release_CSR102x_A05\gaia_otau.o
                0x0005505a                GaiaOtauRegisterCallback
 .text.GaiaOtauHandleConnNotify
                0x0005505f       0x1f depend_Release_CSR102x_A05\gaia_otau.o
                0x0005505f                GaiaOtauHandleConnNotify
 .text.setDefaultNVM
                0x0005507e       0x1a depend_Release_CSR102x_A05\gaia_otau.o
 .text.hostCommitTimeoutHandler
                0x00055098       0x15 depend_Release_CSR102x_A05\gaia_otau.o
 .text.upgradeDeviceSendErrorInd
                0x000550ad       0x33 depend_Release_CSR102x_A05\gaia_otau.o
 .text.handleVmUpgradeHostSyncReq
                0x000550e0       0x7f depend_Release_CSR102x_A05\gaia_otau.o
 .text.GaiaOtauContinueUpgrade
                0x0005515f        0xf depend_Release_CSR102x_A05\gaia_otau.o
                0x0005515f                GaiaOtauContinueUpgrade
 .text.upgradeDeviceSendDataBytesReq
                0x0005516e       0x43 depend_Release_CSR102x_A05\gaia_otau.o
 .text.upgradeDeviceSendValidationCfm
                0x000551b1       0x2f depend_Release_CSR102x_A05\gaia_otau.o
 .text.GaiaOtauHandleStoreUpdateMsg
                0x000551e0       0xb0 depend_Release_CSR102x_A05\gaia_otau.o
                0x000551e0                GaiaOtauHandleStoreUpdateMsg
 .text.hostCommitTimeoutCreate
                0x00055290       0x15 depend_Release_CSR102x_A05\gaia_otau.o
 .text.upgradeDeviceSendStartCfm
                0x000552a5       0x3c depend_Release_CSR102x_A05\gaia_otau.o
 .text.handleOtauFileTransfer
                0x000552e1      0x211 depend_Release_CSR102x_A05\gaia_otau.o
 .text.hostCommitTimeoutDelete
                0x000554f2        0xc depend_Release_CSR102x_A05\gaia_otau.o
 .text.runNewApp
                0x000554fe       0x16 depend_Release_CSR102x_A05\gaia_otau.o
 .text.GaiaOtauHandleVmUpgradeControlCommand
                0x00055514      0x142 depend_Release_CSR102x_A05\gaia_otau.o
                0x00055514                GaiaOtauHandleVmUpgradeControlCommand
 .text.GaiaOtauInit
                0x00055656       0x40 depend_Release_CSR102x_A05\gaia_otau.o
                0x00055656                GaiaOtauInit
 .text.GAIASendNotification
                0x00055696       0x28 depend_Release_CSR102x_A05\gaia_service.o
                0x00055696                GAIASendNotification
 .text.handleConnMgrProcedureEvent
                0x000556be       0x89 depend_Release_CSR102x_A05\gaia_service.o
 .text.GAIAInitServerService
                0x00055747       0x38 depend_Release_CSR102x_A05\gaia_service.o
                0x00055747                GAIAInitServerService
 .text.AppProcessEvent
                0x0005577f       0x69 depend_Release_CSR102x_A05\main_app.o
                0x0005577f                AppProcessEvent
 .text.AppProcessSystemEvent
                0x000557e8        0xc depend_Release_CSR102x_A05\main_app.o
                0x000557e8                AppProcessSystemEvent
 .text.AppNvmReady
                0x000557f4        0xd depend_Release_CSR102x_A05\main_app.o
                0x000557f4                AppNvmReady
 .text.AppInit  0x00055801       0x12 depend_Release_CSR102x_A05\main_app.o
                0x00055801                AppInit
 .text.AppDataInit
                0x00055813        0x8 depend_Release_CSR102x_A05\main_app.o
                0x00055813                AppDataInit
 .text.InitAppSupportedServices
                0x0005581b       0x2b depend_Release_CSR102x_A05\main_app.o
                0x0005581b                InitAppSupportedServices
 .text.IsAppAssociated
                0x00055846        0x9 depend_Release_CSR102x_A05\app_mesh_handler.o
                0x00055846                IsAppAssociated
 .text.writeSupportedModelGroupsOntoNVM
                0x0005584f       0x2a depend_Release_CSR102x_A05\app_mesh_handler.o
 .text.HandleGroupSetMsg
                0x00055879       0x8b depend_Release_CSR102x_A05\app_mesh_handler.o
                0x00055879                HandleGroupSetMsg
 .text.AppHandleCurrentTimeUpdate
                0x00055904        0x2 depend_Release_CSR102x_A05\app_mesh_handler.o
                0x00055904                AppHandleCurrentTimeUpdate
 .text.RestoreLightState
                0x00055906       0x30 depend_Release_CSR102x_A05\app_mesh_handler.o
                0x00055906                RestoreLightState
 .text.AppHandleAssociationComplete
                0x00055936        0x7 depend_Release_CSR102x_A05\app_mesh_handler.o
                0x00055936                AppHandleAssociationComplete
 .text.initializeSupportedModelGroups
                0x0005593d       0x21 depend_Release_CSR102x_A05\app_mesh_handler.o
 .text.RemoveAssociation
                0x0005595e       0x69 depend_Release_CSR102x_A05\app_mesh_handler.o
                0x0005595e                RemoveAssociation
 .text.readPersistentStore
                0x000559c7      0x11d depend_Release_CSR102x_A05\app_mesh_handler.o
 .text.AppMeshInit
                0x00055ae4       0xc7 depend_Release_CSR102x_A05\app_mesh_handler.o
                0x00055ae4                AppMeshInit
 .text.getLevelFromCCTLut
                0x00055bab       0x59 depend_Release_CSR102x_A05\app_hw.o
 .text.LightHardwareGetRGBFromColorTemp
                0x00055c04       0x1c depend_Release_CSR102x_A05\app_hw.o
                0x00055c04                LightHardwareGetRGBFromColorTemp
 .text.LightHardwareSetLevel
                0x00055c20       0x28 depend_Release_CSR102x_A05\app_hw.o
                0x00055c20                LightHardwareSetLevel
 .text.LightHardwareSetColor
                0x00055c48        0x7 depend_Release_CSR102x_A05\app_hw.o
                0x00055c48                LightHardwareSetColor
 .text.LightHardwareSetColorTemp
                0x00055c4f       0x1e depend_Release_CSR102x_A05\app_hw.o
                0x00055c4f                LightHardwareSetColorTemp
 .text.LightHardwarePowerControl
                0x00055c6d        0x2 depend_Release_CSR102x_A05\app_hw.o
                0x00055c6d                LightHardwarePowerControl
 .text.LightHardwareInit
                0x00055c6f        0x6 depend_Release_CSR102x_A05\app_hw.o
                0x00055c6f                LightHardwareInit
 .text.HandlePIOChangedEvent
                0x00055c75       0x58 depend_Release_CSR102x_A05\app_hw.o
                0x00055c75                HandlePIOChangedEvent
 .text.longKeyPressTimeoutHandler
                0x00055ccd        0xb depend_Release_CSR102x_A05\app_hw.o
 .text.CSRmeshRegisterAppCallback
                0x00055cd8       0x14 ..\mesh_common\mesh\libraries\CSR102x_A05\libcsrmesh.a(csr_mesh.o)
                0x00055cd8                CSRmeshRegisterAppCallback
 .text.CSRmeshGetDeviceID
                0x00055cec       0x21 ..\mesh_common\mesh\libraries\CSR102x_A05\libcsrmesh.a(csr_mesh.o)
                0x00055cec                CSRmeshGetDeviceID
 .text.___libcsrmesh_90
                0x00055d0d       0x1a ..\mesh_common\mesh\libraries\CSR102x_A05\libcsrmesh.a(csr_mesh.o)
                0x00055d0d                ___libcsrmesh_90
 .text.___libcsrmesh_86
                0x00055d27       0x1a ..\mesh_common\mesh\libraries\CSR102x_A05\libcsrmesh.a(csr_mesh.o)
                0x00055d27                ___libcsrmesh_86
 .text.___libcsrmesh_85
                0x00055d41        0xc ..\mesh_common\mesh\libraries\CSR102x_A05\libcsrmesh.a(csr_mesh.o)
                0x00055d41                ___libcsrmesh_85
 .text.CSRmeshGetDefaultTTL
                0x00055d4d       0x1b ..\mesh_common\mesh\libraries\CSR102x_A05\libcsrmesh.a(csr_mesh.o)
                0x00055d4d                CSRmeshGetDefaultTTL
 .text.CSRmeshSetDefaultTTL
                0x00055d68       0x10 ..\mesh_common\mesh\libraries\CSR102x_A05\libcsrmesh.a(csr_mesh.o)
                0x00055d68                CSRmeshSetDefaultTTL
 .text.CSRmeshDisableSequenceCache
                0x00055d78        0x2 ..\mesh_common\mesh\libraries\CSR102x_A05\libcsrmesh.a(csr_mesh.o)
                0x00055d78                CSRmeshDisableSequenceCache
 .text.CSRmeshSetTransmitState
                0x00055d7a       0x27 ..\mesh_common\mesh\libraries\CSR102x_A05\libcsrmesh.a(csr_mesh.o)
                0x00055d7a                CSRmeshSetTransmitState
 .text.___libcsrmesh_84
                0x00055da1        0x9 ..\mesh_common\mesh\libraries\CSR102x_A05\libcsrmesh.a(csr_mesh.o)
                0x00055da1                ___libcsrmesh_84
 .text.___libcsrmesh_88
                0x00055daa       0x31 ..\mesh_common\mesh\libraries\CSR102x_A05\libcsrmesh.a(csr_mesh.o)
                0x00055daa                ___libcsrmesh_88
 .text.CSRmeshRemoveNetwork
                0x00055ddb       0x24 ..\mesh_common\mesh\libraries\CSR102x_A05\libcsrmesh.a(csr_mesh.o)
                0x00055ddb                CSRmeshRemoveNetwork
 .text.CSRMeshUpdateMeshContextData
                0x00055dff       0x9a ..\mesh_common\mesh\libraries\CSR102x_A05\libcsrmesh.a(csr_mesh.o)
 .text.CSRmeshStop
                0x00055e99       0x18 ..\mesh_common\mesh\libraries\CSR102x_A05\libcsrmesh.a(csr_mesh.o)
                0x00055e99                CSRmeshStop
 .text.CSRmeshStart
                0x00055eb1       0x20 ..\mesh_common\mesh\libraries\CSR102x_A05\libcsrmesh.a(csr_mesh.o)
                0x00055eb1                CSRmeshStart
 .text.CSRMeshUpdateConfigRole
                0x00055ed1       0x14 ..\mesh_common\mesh\libraries\CSR102x_A05\libcsrmesh.a(csr_mesh.o)
 .text.CSRmeshInit
                0x00055ee5       0x67 ..\mesh_common\mesh\libraries\CSR102x_A05\libcsrmesh.a(csr_mesh.o)
                0x00055ee5                CSRmeshInit
 .text.___libcsrmesh_215
                0x00055f4c       0x22 ..\mesh_common\mesh\libraries\CSR102x_A05\libcsrmesh.a(csr_mesh_masp_mcp_common.o)
                0x00055f4c                ___libcsrmesh_215
 .text.___libcsrmesh_281
                0x00055f6e        0x5 ..\mesh_common\mesh\libraries\CSR102x_A05\libcsrmesh.a(csr_mesh_mtl.o)
                0x00055f6e                ___libcsrmesh_281
 .text.___libcsrmesh_273
                0x00055f73        0x6 ..\mesh_common\mesh\libraries\CSR102x_A05\libcsrmesh.a(csr_mesh_mtl.o)
                0x00055f73                ___libcsrmesh_273
 .text.___libcsrmesh_274
                0x00055f79        0x5 ..\mesh_common\mesh\libraries\CSR102x_A05\libcsrmesh.a(csr_mesh_mtl.o)
                0x00055f79                ___libcsrmesh_274
 .text.___libcsrmesh_270
                0x00055f7e        0x7 ..\mesh_common\mesh\libraries\CSR102x_A05\libcsrmesh.a(csr_mesh_mtl.o)
                0x00055f7e                ___libcsrmesh_270
 .text.___libcsrmesh_278
                0x00055f85       0x6c ..\mesh_common\mesh\libraries\CSR102x_A05\libcsrmesh.a(csr_mesh_mtl.o)
                0x00055f85                ___libcsrmesh_278
 .text.___libcsrmesh_282
                0x00055ff1       0x21 ..\mesh_common\mesh\libraries\CSR102x_A05\libcsrmesh.a(csr_mesh_mtl.o)
                0x00055ff1                ___libcsrmesh_282
 .text.___libcsrmesh_283
                0x00056012       0x23 ..\mesh_common\mesh\libraries\CSR102x_A05\libcsrmesh.a(csr_mesh_mtl.o)
                0x00056012                ___libcsrmesh_283
 .text.___libcsrmesh_272
                0x00056035       0x2d ..\mesh_common\mesh\libraries\CSR102x_A05\libcsrmesh.a(csr_mesh_mtl.o)
                0x00056035                ___libcsrmesh_272
 .text.MtlCryptMessage
                0x00056062       0x28 ..\mesh_common\mesh\libraries\CSR102x_A05\libcsrmesh.a(csr_mesh_mtl.o)
 .text.___libcsrmesh_276
                0x0005608a      0x22b ..\mesh_common\mesh\libraries\CSR102x_A05\libcsrmesh.a(csr_mesh_mtl.o)
                0x0005608a                ___libcsrmesh_276
 .text.___libcsrmesh_279
                0x000562b5       0x59 ..\mesh_common\mesh\libraries\CSR102x_A05\libcsrmesh.a(csr_mesh_mtl.o)
                0x000562b5                ___libcsrmesh_279
 .text.___libcsrmesh_271
                0x0005630e       0x1e ..\mesh_common\mesh\libraries\CSR102x_A05\libcsrmesh.a(csr_mesh_mtl.o)
                0x0005630e                ___libcsrmesh_271
 .text.___libcsrmesh_284
                0x0005632c       0x33 ..\mesh_common\mesh\libraries\CSR102x_A05\libcsrmesh.a(csr_mesh_mtl.o)
                0x0005632c                ___libcsrmesh_284
 .text.___libcsrmesh_118
                0x0005635f        0x3 ..\mesh_common\mesh\libraries\CSR102x_A05\libcsrmesh.a(csr_mesh_ec_alloc.o)
                0x0005635f                ___libcsrmesh_118
 .text.___libcsrmesh_119
                0x00056362        0x1 ..\mesh_common\mesh\libraries\CSR102x_A05\libcsrmesh.a(csr_mesh_ec_alloc.o)
                0x00056362                ___libcsrmesh_119
 .text.___libcsrmesh_117
                0x00056363        0xa ..\mesh_common\mesh\libraries\CSR102x_A05\libcsrmesh.a(csr_mesh_ec_alloc.o)
                0x00056363                ___libcsrmesh_117
 .text.___libcsrmesh_116
                0x0005636d       0x1f ..\mesh_common\mesh\libraries\CSR102x_A05\libcsrmesh.a(csr_mesh_ec_alloc.o)
                0x0005636d                ___libcsrmesh_116
 .text.maspFreeConfirmationBuffers
                0x0005638c       0x12 ..\mesh_common\mesh\libraries\CSR102x_A05\libcsrmesh.a(csr_mesh_masp.o)
 .text.maspFreeClientPublicKeyBuffer
                0x0005639e        0xc ..\mesh_common\mesh\libraries\CSR102x_A05\libcsrmesh.a(csr_mesh_masp.o)
 .text.maspFreeAlgoBuffer
                0x000563aa        0xa ..\mesh_common\mesh\libraries\CSR102x_A05\libcsrmesh.a(csr_mesh_masp.o)
 .text.maspAllocNmakeKeyPair
                0x000563b4       0x17 ..\mesh_common\mesh\libraries\CSR102x_A05\libcsrmesh.a(csr_mesh_masp.o)
 .text.maspAllocAlgoBuffer
                0x000563cb        0x6 ..\mesh_common\mesh\libraries\CSR102x_A05\libcsrmesh.a(csr_mesh_masp.o)
 .text.maspAllocClientPublicKeyBuffer
                0x000563d1       0x12 ..\mesh_common\mesh\libraries\CSR102x_A05\libcsrmesh.a(csr_mesh_masp.o)
 .text.maspSendEventToApp